Archive member included to satisfy reference by file (symbol)

/Applications/STM32CubeIDE.app/Contents/Eclipse/plugins/com.st.stm32cube.ide.mcu.externaltools.gnu-tools-for-stm32.11.3.rel1.macos64_1.1.100.202310310803/tools/bin/../lib/gcc/arm-none-eabi/11.3.1/../../../../arm-none-eabi/lib/thumb/v7e-m+fp/hard/libc_nano.a(libc_a-exit.o)
                              /Applications/STM32CubeIDE.app/Contents/Eclipse/plugins/com.st.stm32cube.ide.mcu.externaltools.gnu-tools-for-stm32.11.3.rel1.macos64_1.1.100.202310310803/tools/bin/../lib/gcc/arm-none-eabi/11.3.1/../../../../arm-none-eabi/lib/thumb/v7e-m+fp/hard/crt0.o (exit)
/Applications/STM32CubeIDE.app/Contents/Eclipse/plugins/com.st.stm32cube.ide.mcu.externaltools.gnu-tools-for-stm32.11.3.rel1.macos64_1.1.100.202310310803/tools/bin/../lib/gcc/arm-none-eabi/11.3.1/../../../../arm-none-eabi/lib/thumb/v7e-m+fp/hard/libc_nano.a(libc_a-findfp.o)
                              /Applications/STM32CubeIDE.app/Contents/Eclipse/plugins/com.st.stm32cube.ide.mcu.externaltools.gnu-tools-for-stm32.11.3.rel1.macos64_1.1.100.202310310803/tools/bin/../lib/gcc/arm-none-eabi/11.3.1/../../../../arm-none-eabi/lib/thumb/v7e-m+fp/hard/libc_nano.a(libc_a-exit.o) (__stdio_exit_handler)
/Applications/STM32CubeIDE.app/Contents/Eclipse/plugins/com.st.stm32cube.ide.mcu.externaltools.gnu-tools-for-stm32.11.3.rel1.macos64_1.1.100.202310310803/tools/bin/../lib/gcc/arm-none-eabi/11.3.1/../../../../arm-none-eabi/lib/thumb/v7e-m+fp/hard/libc_nano.a(libc_a-fwalk.o)
                              /Applications/STM32CubeIDE.app/Contents/Eclipse/plugins/com.st.stm32cube.ide.mcu.externaltools.gnu-tools-for-stm32.11.3.rel1.macos64_1.1.100.202310310803/tools/bin/../lib/gcc/arm-none-eabi/11.3.1/../../../../arm-none-eabi/lib/thumb/v7e-m+fp/hard/libc_nano.a(libc_a-findfp.o) (_fwalk_sglue)
/Applications/STM32CubeIDE.app/Contents/Eclipse/plugins/com.st.stm32cube.ide.mcu.externaltools.gnu-tools-for-stm32.11.3.rel1.macos64_1.1.100.202310310803/tools/bin/../lib/gcc/arm-none-eabi/11.3.1/../../../../arm-none-eabi/lib/thumb/v7e-m+fp/hard/libc_nano.a(libc_a-memset.o)
                              /Applications/STM32CubeIDE.app/Contents/Eclipse/plugins/com.st.stm32cube.ide.mcu.externaltools.gnu-tools-for-stm32.11.3.rel1.macos64_1.1.100.202310310803/tools/bin/../lib/gcc/arm-none-eabi/11.3.1/../../../../arm-none-eabi/lib/thumb/v7e-m+fp/hard/crt0.o (memset)
/Applications/STM32CubeIDE.app/Contents/Eclipse/plugins/com.st.stm32cube.ide.mcu.externaltools.gnu-tools-for-stm32.11.3.rel1.macos64_1.1.100.202310310803/tools/bin/../lib/gcc/arm-none-eabi/11.3.1/../../../../arm-none-eabi/lib/thumb/v7e-m+fp/hard/libc_nano.a(libc_a-impure.o)
                              /Applications/STM32CubeIDE.app/Contents/Eclipse/plugins/com.st.stm32cube.ide.mcu.externaltools.gnu-tools-for-stm32.11.3.rel1.macos64_1.1.100.202310310803/tools/bin/../lib/gcc/arm-none-eabi/11.3.1/../../../../arm-none-eabi/lib/thumb/v7e-m+fp/hard/libc_nano.a(libc_a-findfp.o) (_impure_data)
/Applications/STM32CubeIDE.app/Contents/Eclipse/plugins/com.st.stm32cube.ide.mcu.externaltools.gnu-tools-for-stm32.11.3.rel1.macos64_1.1.100.202310310803/tools/bin/../lib/gcc/arm-none-eabi/11.3.1/../../../../arm-none-eabi/lib/thumb/v7e-m+fp/hard/libc_nano.a(libc_a-errno.o)
                              ./Core/Src/syscalls.o (__errno)
/Applications/STM32CubeIDE.app/Contents/Eclipse/plugins/com.st.stm32cube.ide.mcu.externaltools.gnu-tools-for-stm32.11.3.rel1.macos64_1.1.100.202310310803/tools/bin/../lib/gcc/arm-none-eabi/11.3.1/../../../../arm-none-eabi/lib/thumb/v7e-m+fp/hard/libc_nano.a(libc_a-init.o)
                              /Applications/STM32CubeIDE.app/Contents/Eclipse/plugins/com.st.stm32cube.ide.mcu.externaltools.gnu-tools-for-stm32.11.3.rel1.macos64_1.1.100.202310310803/tools/bin/../lib/gcc/arm-none-eabi/11.3.1/../../../../arm-none-eabi/lib/thumb/v7e-m+fp/hard/crt0.o (__libc_init_array)
/Applications/STM32CubeIDE.app/Contents/Eclipse/plugins/com.st.stm32cube.ide.mcu.externaltools.gnu-tools-for-stm32.11.3.rel1.macos64_1.1.100.202310310803/tools/bin/../lib/gcc/arm-none-eabi/11.3.1/../../../../arm-none-eabi/lib/thumb/v7e-m+fp/hard/libc_nano.a(libc_a-lock.o)
                              /Applications/STM32CubeIDE.app/Contents/Eclipse/plugins/com.st.stm32cube.ide.mcu.externaltools.gnu-tools-for-stm32.11.3.rel1.macos64_1.1.100.202310310803/tools/bin/../lib/gcc/arm-none-eabi/11.3.1/../../../../arm-none-eabi/lib/thumb/v7e-m+fp/hard/libc_nano.a(libc_a-findfp.o) (__retarget_lock_init_recursive)
/Applications/STM32CubeIDE.app/Contents/Eclipse/plugins/com.st.stm32cube.ide.mcu.externaltools.gnu-tools-for-stm32.11.3.rel1.macos64_1.1.100.202310310803/tools/bin/../lib/gcc/arm-none-eabi/11.3.1/../../../../arm-none-eabi/lib/thumb/v7e-m+fp/hard/libc_nano.a(libc_a-mallocr.o)
[...]
Memory Configuration

Name             Origin             Length             Attributes
RAM              0x0000000020000000 0x0000000000018000 xrw
RAM2             0x0000000010000000 0x0000000000008000 xrw
FLASH            0x0000000008000000 0x0000000000080000 xr
*default*        0x0000000000000000 0xffffffffffffffff

Linker script and memory map

LOAD /Applications/STM32CubeIDE.app/Contents/Eclipse/plugins/com.st.stm32cube.ide.mcu.externaltools.gnu-tools-for-stm32.11.3.rel1.macos64_1.1.100.202310310803/tools/bin/../lib/gcc/arm-none-eabi/11.3.1/thumb/v7e-m+fp/hard/crti.o
LOAD /Applications/STM32CubeIDE.app/Contents/Eclipse/plugins/com.st.stm32cube.ide.mcu.externaltools.gnu-tools-for-stm32.11.3.rel1.macos64_1.1.100.202310310803/tools/bin/../lib/gcc/arm-none-eabi/11.3.1/thumb/v7e-m+fp/hard/crtbegin.o
LOAD /Applications/STM32CubeIDE.app/Contents/Eclipse/plugins/com.st.stm32cube.ide.mcu.externaltools.gnu-tools-for-stm32.11.3.rel1.macos64_1.1.100.202310310803/tools/bin/../lib/gcc/arm-none-eabi/11.3.1/../../../../arm-none-eabi/lib/thumb/v7e-m+fp/hard/crt0.o
LOAD ./Core/Src/Drivers/ADXL375.o
LOAD ./Core/Src/Drivers/BMI088.o
LOAD ./Core/Src/Drivers/BMP388.o
LOAD ./Core/Src/Drivers/W25Q128.o
LOAD ./Core/Src/main.o
LOAD ./Core/Src/stm32l4xx_hal_msp.o
LOAD ./Core/Src/stm32l4xx_it.o
LOAD ./Core/Src/syscalls.o
LOAD ./Core/Src/sysmem.o
LOAD ./Core/Src/system_stm32l4xx.o
LOAD ./Core/Startup/startup_stm32l476vetx.o
LOAD ./Drivers/STM32L4xx_HAL_Driver/Src/stm32l4xx_hal.o
LOAD ./Drivers/STM32L4xx_HAL_Driver/Src/stm32l4xx_hal_cortex.o
LOAD ./Drivers/STM32L4xx_HAL_Driver/Src/stm32l4xx_hal_dma.o
LOAD ./Drivers/STM32L4xx_HAL_Driver/Src/stm32l4xx_hal_dma_ex.o
LOAD ./Drivers/STM32L4xx_HAL_Driver/Src/stm32l4xx_hal_exti.o
LOAD ./Drivers/STM32L4xx_HAL_Driver/Src/stm32l4xx_hal_flash.o
LOAD ./Drivers/STM32L4xx_HAL_Driver/Src/stm32l4xx_hal_flash_ex.o
LOAD ./Drivers/STM32L4xx_HAL_Driver/Src/stm32l4xx_hal_flash_ramfunc.o
LOAD ./Drivers/STM32L4xx_HAL_Driver/Src/stm32l4xx_hal_gpio.o
LOAD ./Drivers/STM32L4xx_HAL_Driver/Src/stm32l4xx_hal_i2c.o
LOAD ./Drivers/STM32L4xx_HAL_Driver/Src/stm32l4xx_hal_i2c_ex.o
LOAD ./Drivers/STM32L4xx_HAL_Driver/Src/stm32l4xx_hal_pcd.o
LOAD ./Drivers/STM32L4xx_HAL_Driver/Src/stm32l4xx_hal_pcd_ex.o
LOAD ./Drivers/STM32L4xx_HAL_Driver/Src/stm32l4xx_hal_pwr.o
LOAD ./Drivers/STM32L4xx_HAL_Driver/Src/stm32l4xx_hal_pwr_ex.o
LOAD ./Drivers/STM32L4xx_HAL_Driver/Src/stm32l4xx_hal_rcc.o
LOAD ./Drivers/STM32L4xx_HAL_Driver/Src/stm32l4xx_hal_rcc_ex.o
LOAD ./Drivers/STM32L4xx_HAL_Driver/Src/stm32l4xx_hal_spi.o
LOAD ./Drivers/STM32L4xx_HAL_Driver/Src/stm32l4xx_hal_spi_ex.o
LOAD ./Drivers/STM32L4xx_HAL_Driver/Src/stm32l4xx_hal_tim.o
LOAD ./Drivers/STM32L4xx_HAL_Driver/Src/stm32l4xx_hal_tim_ex.o
LOAD ./Drivers/STM32L4xx_HAL_Driver/Src/stm32l4xx_ll_usb.o
LOAD ./Middlewares/ST/STM32_USB_Device_Library/Class/CDC/Src/usbd_cdc.o
LOAD ./Middlewares/ST/STM32_USB_Device_Library/Core/Src/usbd_core.o
LOAD ./Middlewares/ST/STM32_USB_Device_Library/Core/Src/usbd_ctlreq.o
LOAD ./Middlewares/ST/STM32_USB_Device_Library/Core/Src/usbd_ioreq.o
LOAD ./USB_DEVICE/App/usb_device.o
LOAD ./USB_DEVICE/App/usbd_cdc_if.o
LOAD ./USB_DEVICE/App/usbd_desc.o
LOAD ./USB_DEVICE/Target/usbd_conf.o
START GROUP
LOAD /Applications/STM32CubeIDE.app/Contents/Eclipse/plugins/com.st.stm32cube.ide.mcu.externaltools.gnu-tools-for-stm32.11.3.rel1.macos64_1.1.100.202310310803/tools/bin/../lib/gcc/arm-none-eabi/11.3.1/../../../../arm-none-eabi/lib/thumb/v7e-m+fp/hard/libc_nano.a
LOAD /Applications/STM32CubeIDE.app/Contents/Eclipse/plugins/com.st.stm32cube.ide.mcu.externaltools.gnu-tools-for-stm32.11.3.rel1.macos64_1.1.100.202310310803/tools/bin/../lib/gcc/arm-none-eabi/11.3.1/../../../../arm-none-eabi/lib/thumb/v7e-m+fp/hard/libm.a
END GROUP
START GROUP
LOAD /Applications/STM32CubeIDE.app/Contents/Eclipse/plugins/com.st.stm32cube.ide.mcu.externaltools.gnu-tools-for-stm32.11.3.rel1.macos64_1.1.100.202310310803/tools/bin/../lib/gcc/arm-none-eabi/11.3.1/thumb/v7e-m+fp/hard/libgcc.a
LOAD /Applications/STM32CubeIDE.app/Contents/Eclipse/plugins/com.st.stm32cube.ide.mcu.externaltools.gnu-tools-for-stm32.11.3.rel1.macos64_1.1.100.202310310803/tools/bin/../lib/gcc/arm-none-eabi/11.3.1/../../../../arm-none-eabi/lib/thumb/v7e-m+fp/hard/libc_nano.a
END GROUP
START GROUP
LOAD /Applications/STM32CubeIDE.app/Contents/Eclipse/plugins/com.st.stm32cube.ide.mcu.externaltools.gnu-tools-for-stm32.11.3.rel1.macos64_1.1.100.202310310803/tools/bin/../lib/gcc/arm-none-eabi/11.3.1/thumb/v7e-m+fp/hard/libgcc.a
LOAD /Applications/STM32CubeIDE.app/Contents/Eclipse/plugins/com.st.stm32cube.ide.mcu.externaltools.gnu-tools-for-stm32.11.3.rel1.macos64_1.1.100.202310310803/tools/bin/../lib/gcc/arm-none-eabi/11.3.1/../../../../arm-none-eabi/lib/thumb/v7e-m+fp/hard/libc_nano.a
LOAD /Applications/STM32CubeIDE.app/Contents/Eclipse/plugins/com.st.stm32cube.ide.mcu.externaltools.gnu-tools-for-stm32.11.3.rel1.macos64_1.1.100.202310310803/tools/bin/../lib/gcc/arm-none-eabi/11.3.1/../../../../arm-none-eabi/lib/thumb/v7e-m+fp/hard/libnosys.a
END GROUP
START GROUP
LOAD /Applications/STM32CubeIDE.app/Contents/Eclipse/plugins/com.st.stm32cube.ide.mcu.externaltools.gnu-tools-for-stm32.11.3.rel1.macos64_1.1.100.202310310803/tools/bin/../lib/gcc/arm-none-eabi/11.3.1/thumb/v7e-m+fp/hard/libgcc.a
LOAD /Applications/STM32CubeIDE.app/Contents/Eclipse/plugins/com.st.stm32cube.ide.mcu.externaltools.gnu-tools-for-stm32.11.3.rel1.macos64_1.1.100.202310310803/tools/bin/../lib/gcc/arm-none-eabi/11.3.1/../../../../arm-none-eabi/lib/thumb/v7e-m+fp/hard/libc_nano.a
LOAD /Applications/STM32CubeIDE.app/Contents/Eclipse/plugins/com.st.stm32cube.ide.mcu.externaltools.gnu-tools-for-stm32.11.3.rel1.macos64_1.1.100.202310310803/tools/bin/../lib/gcc/arm-none-eabi/11.3.1/../../../../arm-none-eabi/lib/thumb/v7e-m+fp/hard/libnosys.a
END GROUP
LOAD /Applications/STM32CubeIDE.app/Contents/Eclipse/plugins/com.st.stm32cube.ide.mcu.externaltools.gnu-tools-for-stm32.11.3.rel1.macos64_1.1.100.202310310803/tools/bin/../lib/gcc/arm-none-eabi/11.3.1/thumb/v7e-m+fp/hard/crtend.o
LOAD /Applications/STM32CubeIDE.app/Contents/Eclipse/plugins/com.st.stm32cube.ide.mcu.externaltools.gnu-tools-for-stm32.11.3.rel1.macos64_1.1.100.202310310803/tools/bin/../lib/gcc/arm-none-eabi/11.3.1/thumb/v7e-m+fp/hard/crtn.o
                0x0000000020018000                _estack = (ORIGIN (RAM) + LENGTH (RAM))
                0x0000000000001200                _Min_Heap_Size = 0x1200
                0x0000000000000800                _Min_Stack_Size = 0x800

.isr_vector     0x0000000008000000      0x188
                0x0000000008000000                . = ALIGN (0x4)
 *(.isr_vector)
 .isr_vector    0x0000000008000000      0x188 ./Core/Startup/startup_stm32l476vetx.o
                0x0000000008000000                g_pfnVectors
                0x0000000008000188                . = ALIGN (0x4)

.text           0x0000000008000188     0x8dec
                0x0000000008000188                . = ALIGN (0x4)
 *(.text)
 .text          0x0000000008000188       0x40 /Applications/STM32CubeIDE.app/Contents/Eclipse/plugins/com.st.stm32cube.ide.mcu.externaltools.gnu-tools-for-stm32.11.3.rel1.macos64_1.1.100.202310310803/tools/bin/../lib/gcc/arm-none-eabi/11.3.1/thumb/v7e-m+fp/hard/crtbegin.o
 *(.text*)
 .text.BMI088_Init
                0x00000000080001c8      0x248 ./Core/Src/Drivers/BMI088.o
                0x00000000080001c8                BMI088_Init
 .text.BMI088_ReadAccRegister
                0x0000000008000410       0x7c ./Core/Src/Drivers/BMI088.o
                0x0000000008000410                BMI088_ReadAccRegister
 .text.BMI088_ReadGyrRegister
                0x000000000800048c       0x78 ./Core/Src/Drivers/BMI088.o
                0x000000000800048c                BMI088_ReadGyrRegister
 .text.BMI088_WriteAccRegister
                0x0000000008000504       0x74 ./Core/Src/Drivers/BMI088.o
                0x0000000008000504                BMI088_WriteAccRegister
 .text.BMI088_WriteGyrRegister
                0x0000000008000578       0x74 ./Core/Src/Drivers/BMI088.o
                0x0000000008000578                BMI088_WriteGyrRegister
 .text.BMI088_ReadAccelerometer
                0x00000000080005ec       0xe8 ./Core/Src/Drivers/BMI088.o
                0x00000000080005ec                BMI088_ReadAccelerometer
 .text.BMI088_ReadGyroscope
                0x00000000080006d4       0xf0 ./Core/Src/Drivers/BMI088.o
                0x00000000080006d4                BMI088_ReadGyroscope
 .text.BMP388_Init
                0x00000000080007c4       0xe4 ./Core/Src/Drivers/BMP388.o
                0x00000000080007c4                BMP388_Init
 .text.BMP388_ReadRegister
                0x00000000080008a8       0x78 ./Core/Src/Drivers/BMP388.o
                0x00000000080008a8                BMP388_ReadRegister
 .text.BMP388_WriteRegister
                0x0000000008000920       0x74 ./Core/Src/Drivers/BMP388.o
                0x0000000008000920                BMP388_WriteRegister
 .text.BMP388_ReadCalibrationData
                0x0000000008000994      0x138 ./Core/Src/Drivers/BMP388.o
                0x0000000008000994                BMP388_ReadCalibrationData
 .text.BMP388_CompensateTemperature
                0x0000000008000acc       0x76 ./Core/Src/Drivers/BMP388.o
                0x0000000008000acc                BMP388_CompensateTemperature
 .text.BMP388_CompensatePressure
                0x0000000008000b42      0x214 ./Core/Src/Drivers/BMP388.o
                0x0000000008000b42                BMP388_CompensatePressure
 *fill*         0x0000000008000d56        0x2 
 .text.BMP388_Read
                0x0000000008000d58       0xbc ./Core/Src/Drivers/BMP388.o
                0x0000000008000d58                BMP388_Read
 .text.main     0x0000000008000e14       0x9c ./Core/Src/main.o
                0x0000000008000e14                main
 .text.SystemClock_Config
                0x0000000008000eb0       0x9e ./Core/Src/main.o
                0x0000000008000eb0                SystemClock_Config
 *fill*         0x0000000008000f4e        0x2 
 .text.MX_SPI1_Init
                0x0000000008000f50       0x7c ./Core/Src/main.o
 .text.MX_GPIO_Init
                0x0000000008000fcc      0x158 ./Core/Src/main.o
 .text.Error_Handler
                0x0000000008001124       0x18 ./Core/Src/main.o
                0x0000000008001124                Error_Handler
 .text.HAL_MspInit
                0x000000000800113c       0x48 ./Core/Src/stm32l4xx_hal_msp.o
                0x000000000800113c                HAL_MspInit
 .text.HAL_SPI_MspInit
                0x0000000008001184       0x88 ./Core/Src/stm32l4xx_hal_msp.o
                0x0000000008001184                HAL_SPI_MspInit
 .text.NMI_Handler
                0x000000000800120c        0x6 ./Core/Src/stm32l4xx_it.o
                0x000000000800120c                NMI_Handler
 .text.HardFault_Handler
                0x0000000008001212        0x6 ./Core/Src/stm32l4xx_it.o
                0x0000000008001212                HardFault_Handler
 .text.MemManage_Handler
                0x0000000008001218        0x6 ./Core/Src/stm32l4xx_it.o
                0x0000000008001218                MemManage_Handler
 .text.BusFault_Handler
                0x000000000800121e        0x6 ./Core/Src/stm32l4xx_it.o
                0x000000000800121e                BusFault_Handler
 .text.UsageFault_Handler
                0x0000000008001224        0x6 ./Core/Src/stm32l4xx_it.o
                0x0000000008001224                UsageFault_Handler
 .text.SVC_Handler
                0x000000000800122a        0xe ./Core/Src/stm32l4xx_it.o
                0x000000000800122a                SVC_Handler
 .text.DebugMon_Handler
                0x0000000008001238        0xe ./Core/Src/stm32l4xx_it.o
                0x0000000008001238                DebugMon_Handler
 .text.PendSV_Handler
                0x0000000008001246        0xe ./Core/Src/stm32l4xx_it.o
                0x0000000008001246                PendSV_Handler
 .text.SysTick_Handler
                0x0000000008001254        0xc ./Core/Src/stm32l4xx_it.o
                0x0000000008001254                SysTick_Handler
 .text.OTG_FS_IRQHandler
                0x0000000008001260       0x14 ./Core/Src/stm32l4xx_it.o
                0x0000000008001260                OTG_FS_IRQHandler
 .text.SystemInit
                0x0000000008001274       0x24 ./Core/Src/system_stm32l4xx.o
                0x0000000008001274                SystemInit
 .text.Reset_Handler
                0x0000000008001298       0x50 ./Core/Startup/startup_stm32l476vetx.o
                0x0000000008001298                Reset_Handler
 .text.Default_Handler
                0x00000000080012e8        0x2 ./Core/Startup/startup_stm32l476vetx.o
                0x00000000080012e8                TIM1_BRK_TIM15_IRQHandler
                0x00000000080012e8                EXTI2_IRQHandler
                0x00000000080012e8                TIM8_TRG_COM_IRQHandler
                0x00000000080012e8                TIM8_CC_IRQHandler
                0x00000000080012e8                TIM1_CC_IRQHandler
                0x00000000080012e8                TSC_IRQHandler
                0x00000000080012e8                TAMP_STAMP_IRQHandler
                0x00000000080012e8                EXTI3_IRQHandler
                0x00000000080012e8                LPTIM2_IRQHandler
                0x00000000080012e8                DFSDM1_FLT1_IRQHandler
                0x00000000080012e8                I2C3_ER_IRQHandler
                0x00000000080012e8                DFSDM1_FLT2_IRQHandler
                0x00000000080012e8                EXTI0_IRQHandler
                0x00000000080012e8                I2C2_EV_IRQHandler
                0x00000000080012e8                CAN1_RX0_IRQHandler
                0x00000000080012e8                FPU_IRQHandler
                0x00000000080012e8                TIM1_UP_TIM16_IRQHandler
                0x00000000080012e8                ADC1_2_IRQHandler
                0x00000000080012e8                SPI1_IRQHandler
                0x00000000080012e8                TIM6_DAC_IRQHandler
                0x00000000080012e8                TIM8_UP_IRQHandler
                0x00000000080012e8                DMA2_Channel2_IRQHandler
                0x00000000080012e8                DMA1_Channel4_IRQHandler
                0x00000000080012e8                SAI2_IRQHandler
                0x00000000080012e8                DFSDM1_FLT3_IRQHandler
                0x00000000080012e8                USART3_IRQHandler
                0x00000000080012e8                DMA1_Channel7_IRQHandler
                0x00000000080012e8                CAN1_RX1_IRQHandler
                0x00000000080012e8                LCD_IRQHandler
                0x00000000080012e8                UART5_IRQHandler
                0x00000000080012e8                ADC3_IRQHandler
                0x00000000080012e8                TIM4_IRQHandler
                0x00000000080012e8                DMA2_Channel1_IRQHandler
                0x00000000080012e8                QUADSPI_IRQHandler
                0x00000000080012e8                I2C1_EV_IRQHandler
                0x00000000080012e8                DMA1_Channel6_IRQHandler
                0x00000000080012e8                UART4_IRQHandler
                0x00000000080012e8                DMA2_Channel4_IRQHandler
                0x00000000080012e8                TIM3_IRQHandler
                0x00000000080012e8                RCC_IRQHandler
                0x00000000080012e8                DMA1_Channel1_IRQHandler
                0x00000000080012e8                Default_Handler
                0x00000000080012e8                DMA2_Channel7_IRQHandler
                0x00000000080012e8                EXTI15_10_IRQHandler
                0x00000000080012e8                TIM7_IRQHandler
                0x00000000080012e8                SDMMC1_IRQHandler
                0x00000000080012e8                TIM5_IRQHandler
                0x00000000080012e8                I2C3_EV_IRQHandler
                0x00000000080012e8                EXTI9_5_IRQHandler
                0x00000000080012e8                RTC_WKUP_IRQHandler
                0x00000000080012e8                PVD_PVM_IRQHandler
                0x00000000080012e8                SPI2_IRQHandler
                0x00000000080012e8                CAN1_TX_IRQHandler
                0x00000000080012e8                DMA2_Channel5_IRQHandler
                0x00000000080012e8                DMA1_Channel5_IRQHandler
                0x00000000080012e8                EXTI4_IRQHandler
                0x00000000080012e8                RNG_IRQHandler
                0x00000000080012e8                TIM1_TRG_COM_TIM17_IRQHandler
                0x00000000080012e8                DMA1_Channel3_IRQHandler
                0x00000000080012e8                COMP_IRQHandler
                0x00000000080012e8                WWDG_IRQHandler
                0x00000000080012e8                LPUART1_IRQHandler
                0x00000000080012e8                DMA2_Channel6_IRQHandler
                0x00000000080012e8                TIM2_IRQHandler
                0x00000000080012e8                EXTI1_IRQHandler
                0x00000000080012e8                USART2_IRQHandler
                0x00000000080012e8                DFSDM1_FLT0_IRQHandler
                0x00000000080012e8                I2C2_ER_IRQHandler
                0x00000000080012e8                DMA1_Channel2_IRQHandler
                0x00000000080012e8                TIM8_BRK_IRQHandler
                0x00000000080012e8                CAN1_SCE_IRQHandler
                0x00000000080012e8                FLASH_IRQHandler
                0x00000000080012e8                USART1_IRQHandler
                0x00000000080012e8                SPI3_IRQHandler
                0x00000000080012e8                I2C1_ER_IRQHandler
                0x00000000080012e8                FMC_IRQHandler
                0x00000000080012e8                SWPMI1_IRQHandler
                0x00000000080012e8                LPTIM1_IRQHandler
                0x00000000080012e8                SAI1_IRQHandler
                0x00000000080012e8                DMA2_Channel3_IRQHandler
                0x00000000080012e8                RTC_Alarm_IRQHandler
 .text.HAL_Init
                0x00000000080012ea       0x30 ./Drivers/STM32L4xx_HAL_Driver/Src/stm32l4xx_hal.o
                0x00000000080012ea                HAL_Init
 *fill*         0x000000000800131a        0x2 
 .text.HAL_InitTick
                0x000000000800131c       0x78 ./Drivers/STM32L4xx_HAL_Driver/Src/stm32l4xx_hal.o
                0x000000000800131c                HAL_InitTick
 .text.HAL_IncTick
                0x0000000008001394       0x28 ./Drivers/STM32L4xx_HAL_Driver/Src/stm32l4xx_hal.o
                0x0000000008001394                HAL_IncTick
 .text.HAL_GetTick
                0x00000000080013bc       0x18 ./Drivers/STM32L4xx_HAL_Driver/Src/stm32l4xx_hal.o
                0x00000000080013bc                HAL_GetTick
 .text.HAL_Delay
                0x00000000080013d4       0x48 ./Drivers/STM32L4xx_HAL_Driver/Src/stm32l4xx_hal.o
                0x00000000080013d4                HAL_Delay
 .text.__NVIC_SetPriorityGrouping
                0x000000000800141c       0x48 ./Drivers/STM32L4xx_HAL_Driver/Src/stm32l4xx_hal_cortex.o
 .text.__NVIC_GetPriorityGrouping
                0x0000000008001464       0x1c ./Drivers/STM32L4xx_HAL_Driver/Src/stm32l4xx_hal_cortex.o
 .text.__NVIC_EnableIRQ
                0x0000000008001480       0x3c ./Drivers/STM32L4xx_HAL_Driver/Src/stm32l4xx_hal_cortex.o
 .text.__NVIC_SetPriority
                0x00000000080014bc       0x54 ./Drivers/STM32L4xx_HAL_Driver/Src/stm32l4xx_hal_cortex.o
 .text.NVIC_EncodePriority
                0x0000000008001510       0x66 ./Drivers/STM32L4xx_HAL_Driver/Src/stm32l4xx_hal_cortex.o
 *fill*         0x0000000008001576        0x2 
 .text.SysTick_Config
                0x0000000008001578       0x44 ./Drivers/STM32L4xx_HAL_Driver/Src/stm32l4xx_hal_cortex.o
 .text.HAL_NVIC_SetPriorityGrouping
                0x00000000080015bc       0x16 ./Drivers/STM32L4xx_HAL_Driver/Src/stm32l4xx_hal_cortex.o
                0x00000000080015bc                HAL_NVIC_SetPriorityGrouping
 .text.HAL_NVIC_SetPriority
                0x00000000080015d2       0x38 ./Drivers/STM32L4xx_HAL_Driver/Src/stm32l4xx_hal_cortex.o
                0x00000000080015d2                HAL_NVIC_SetPriority
 .text.HAL_NVIC_EnableIRQ
                0x000000000800160a       0x1c ./Drivers/STM32L4xx_HAL_Driver/Src/stm32l4xx_hal_cortex.o
                0x000000000800160a                HAL_NVIC_EnableIRQ
 .text.HAL_SYSTICK_Config
                0x0000000008001626       0x18 ./Drivers/STM32L4xx_HAL_Driver/Src/stm32l4xx_hal_cortex.o
                0x0000000008001626                HAL_SYSTICK_Config
 *fill*         0x000000000800163e        0x2 
 .text.HAL_GPIO_Init
                0x0000000008001640      0x354 ./Drivers/STM32L4xx_HAL_Driver/Src/stm32l4xx_hal_gpio.o
                0x0000000008001640                HAL_GPIO_Init
 .text.HAL_GPIO_WritePin
                0x0000000008001994       0x30 ./Drivers/STM32L4xx_HAL_Driver/Src/stm32l4xx_hal_gpio.o
                0x0000000008001994                HAL_GPIO_WritePin
 .text.HAL_PCD_Init
                0x00000000080019c4      0x248 ./Drivers/STM32L4xx_HAL_Driver/Src/stm32l4xx_hal_pcd.o
                0x00000000080019c4                HAL_PCD_Init
 .text.HAL_PCD_Start
                0x0000000008001c0c       0x5e ./Drivers/STM32L4xx_HAL_Driver/Src/stm32l4xx_hal_pcd.o
                0x0000000008001c0c                HAL_PCD_Start
 .text.HAL_PCD_IRQHandler
                0x0000000008001c6a      0x926 ./Drivers/STM32L4xx_HAL_Driver/Src/stm32l4xx_hal_pcd.o
                0x0000000008001c6a                HAL_PCD_IRQHandler
 .text.HAL_PCD_SetAddress
                0x0000000008002590       0x4a ./Drivers/STM32L4xx_HAL_Driver/Src/stm32l4xx_hal_pcd.o
                0x0000000008002590                HAL_PCD_SetAddress
 .text.HAL_PCD_EP_Open
                0x00000000080025da       0xd0 ./Drivers/STM32L4xx_HAL_Driver/Src/stm32l4xx_hal_pcd.o
                0x00000000080025da                HAL_PCD_EP_Open
 .text.HAL_PCD_EP_Close
                0x00000000080026aa       0x94 ./Drivers/STM32L4xx_HAL_Driver/Src/stm32l4xx_hal_pcd.o
                0x00000000080026aa                HAL_PCD_EP_Close
 .text.HAL_PCD_EP_Receive
                0x000000000800273e       0x64 ./Drivers/STM32L4xx_HAL_Driver/Src/stm32l4xx_hal_pcd.o
                0x000000000800273e                HAL_PCD_EP_Receive
 .text.HAL_PCD_EP_GetRxCount
                0x00000000080027a2       0x30 ./Drivers/STM32L4xx_HAL_Driver/Src/stm32l4xx_hal_pcd.o
                0x00000000080027a2                HAL_PCD_EP_GetRxCount
 .text.HAL_PCD_EP_Transmit
                0x00000000080027d2       0x62 ./Drivers/STM32L4xx_HAL_Driver/Src/stm32l4xx_hal_pcd.o
                0x00000000080027d2                HAL_PCD_EP_Transmit
 .text.HAL_PCD_EP_SetStall
                0x0000000008002834       0xc4 ./Drivers/STM32L4xx_HAL_Driver/Src/stm32l4xx_hal_pcd.o
                0x0000000008002834                HAL_PCD_EP_SetStall
 .text.HAL_PCD_EP_ClrStall
                0x00000000080028f8       0xac ./Drivers/STM32L4xx_HAL_Driver/Src/stm32l4xx_hal_pcd.o
                0x00000000080028f8                HAL_PCD_EP_ClrStall
 .text.HAL_PCD_EP_Abort
                0x00000000080029a4       0x62 ./Drivers/STM32L4xx_HAL_Driver/Src/stm32l4xx_hal_pcd.o
                0x00000000080029a4                HAL_PCD_EP_Abort
 .text.PCD_WriteEmptyTxFifo
                0x0000000008002a06      0x110 ./Drivers/STM32L4xx_HAL_Driver/Src/stm32l4xx_hal_pcd.o
 *fill*         0x0000000008002b16        0x2 
 .text.PCD_EP_OutXfrComplete_int
                0x0000000008002b18       0x9c ./Drivers/STM32L4xx_HAL_Driver/Src/stm32l4xx_hal_pcd.o
 .text.PCD_EP_OutSetupPacket_int
                0x0000000008002bb4       0x68 ./Drivers/STM32L4xx_HAL_Driver/Src/stm32l4xx_hal_pcd.o
 .text.HAL_PCDEx_SetTxFiFo
                0x0000000008002c1c       0x8e ./Drivers/STM32L4xx_HAL_Driver/Src/stm32l4xx_hal_pcd_ex.o
                0x0000000008002c1c                HAL_PCDEx_SetTxFiFo
 .text.HAL_PCDEx_SetRxFiFo
                0x0000000008002caa       0x22 ./Drivers/STM32L4xx_HAL_Driver/Src/stm32l4xx_hal_pcd_ex.o
                0x0000000008002caa                HAL_PCDEx_SetRxFiFo
 .text.HAL_PCDEx_ActivateLPM
                0x0000000008002ccc       0x48 ./Drivers/STM32L4xx_HAL_Driver/Src/stm32l4xx_hal_pcd_ex.o
                0x0000000008002ccc                HAL_PCDEx_ActivateLPM
 .text.HAL_PWREx_GetVoltageRange
                0x0000000008002d14       0x1c ./Drivers/STM32L4xx_HAL_Driver/Src/stm32l4xx_hal_pwr_ex.o
                0x0000000008002d14                HAL_PWREx_GetVoltageRange
 .text.HAL_PWREx_ControlVoltageScaling
                0x0000000008002d30       0xac ./Drivers/STM32L4xx_HAL_Driver/Src/stm32l4xx_hal_pwr_ex.o
                0x0000000008002d30                HAL_PWREx_ControlVoltageScaling
 .text.HAL_PWREx_EnableVddUSB
                0x0000000008002ddc       0x20 ./Drivers/STM32L4xx_HAL_Driver/Src/stm32l4xx_hal_pwr_ex.o
                0x0000000008002ddc                HAL_PWREx_EnableVddUSB
 .text.HAL_RCC_OscConfig
                0x0000000008002dfc      0x7b8 ./Drivers/STM32L4xx_HAL_Driver/Src/stm32l4xx_hal_rcc.o
                0x0000000008002dfc                HAL_RCC_OscConfig
 .text.HAL_RCC_ClockConfig
                0x00000000080035b4      0x200 ./Drivers/STM32L4xx_HAL_Driver/Src/stm32l4xx_hal_rcc.o
                0x00000000080035b4                HAL_RCC_ClockConfig
 .text.HAL_RCC_GetSysClockFreq
                0x00000000080037b4      0x114 ./Drivers/STM32L4xx_HAL_Driver/Src/stm32l4xx_hal_rcc.o
                0x00000000080037b4                HAL_RCC_GetSysClockFreq
 .text.HAL_RCC_GetHCLKFreq
                0x00000000080038c8       0x18 ./Drivers/STM32L4xx_HAL_Driver/Src/stm32l4xx_hal_rcc.o
                0x00000000080038c8                HAL_RCC_GetHCLKFreq
 .text.RCC_SetFlashLatencyFromMSIRange
                0x00000000080038e0       0xc0 ./Drivers/STM32L4xx_HAL_Driver/Src/stm32l4xx_hal_rcc.o
 .text.HAL_RCCEx_PeriphCLKConfig
                0x00000000080039a0      0x5d4 ./Drivers/STM32L4xx_HAL_Driver/Src/stm32l4xx_hal_rcc_ex.o
                0x00000000080039a0                HAL_RCCEx_PeriphCLKConfig
 .text.RCCEx_PLLSAI1_Config
                0x0000000008003f74      0x1e8 ./Drivers/STM32L4xx_HAL_Driver/Src/stm32l4xx_hal_rcc_ex.o
 .text.RCCEx_PLLSAI2_Config
                0x000000000800415c      0x1bc ./Drivers/STM32L4xx_HAL_Driver/Src/stm32l4xx_hal_rcc_ex.o
 .text.HAL_SPI_Init
                0x0000000008004318      0x146 ./Drivers/STM32L4xx_HAL_Driver/Src/stm32l4xx_hal_spi.o
                0x0000000008004318                HAL_SPI_Init
 .text.HAL_SPI_Transmit
                0x000000000800445e      0x2ea ./Drivers/STM32L4xx_HAL_Driver/Src/stm32l4xx_hal_spi.o
                0x000000000800445e                HAL_SPI_Transmit
 .text.HAL_SPI_TransmitReceive
                0x0000000008004748      0x444 ./Drivers/STM32L4xx_HAL_Driver/Src/stm32l4xx_hal_spi.o
                0x0000000008004748                HAL_SPI_TransmitReceive
 .text.HAL_SPI_GetState
                0x0000000008004b8c       0x1c ./Drivers/STM32L4xx_HAL_Driver/Src/stm32l4xx_hal_spi.o
                0x0000000008004b8c                HAL_SPI_GetState
 .text.SPI_WaitFlagStateUntilTimeout
                0x0000000008004ba8      0x110 ./Drivers/STM32L4xx_HAL_Driver/Src/stm32l4xx_hal_spi.o
 .text.SPI_WaitFifoStateUntilTimeout
                0x0000000008004cb8      0x12c ./Drivers/STM32L4xx_HAL_Driver/Src/stm32l4xx_hal_spi.o
 .text.SPI_EndRxTxTransaction
                0x0000000008004de4       0x8c ./Drivers/STM32L4xx_HAL_Driver/Src/stm32l4xx_hal_spi.o
 .text.USB_CoreInit
                0x0000000008004e70       0x58 ./Drivers/STM32L4xx_HAL_Driver/Src/stm32l4xx_ll_usb.o
                0x0000000008004e70                USB_CoreInit
 .text.USB_SetTurnaroundTime
                0x0000000008004ec8      0x138 ./Drivers/STM32L4xx_HAL_Driver/Src/stm32l4xx_ll_usb.o
                0x0000000008004ec8                USB_SetTurnaroundTime
 .text.USB_EnableGlobalInt
                0x0000000008005000       0x22 ./Drivers/STM32L4xx_HAL_Driver/Src/stm32l4xx_ll_usb.o
                0x0000000008005000                USB_EnableGlobalInt
 .text.USB_DisableGlobalInt
                0x0000000008005022       0x22 ./Drivers/STM32L4xx_HAL_Driver/Src/stm32l4xx_ll_usb.o
                0x0000000008005022                USB_DisableGlobalInt
 .text.USB_SetCurrentMode
                0x0000000008005044       0x98 ./Drivers/STM32L4xx_HAL_Driver/Src/stm32l4xx_ll_usb.o
                0x0000000008005044                USB_SetCurrentMode
 .text.USB_DevInit
                0x00000000080050dc      0x284 ./Drivers/STM32L4xx_HAL_Driver/Src/stm32l4xx_ll_usb.o
                0x00000000080050dc                USB_DevInit
 .text.USB_FlushTxFifo
                0x0000000008005360       0x68 ./Drivers/STM32L4xx_HAL_Driver/Src/stm32l4xx_ll_usb.o
                0x0000000008005360                USB_FlushTxFifo
 .text.USB_FlushRxFifo
                0x00000000080053c8       0x60 ./Drivers/STM32L4xx_HAL_Driver/Src/stm32l4xx_ll_usb.o
                0x00000000080053c8                USB_FlushRxFifo
 .text.USB_SetDevSpeed
                0x0000000008005428       0x32 ./Drivers/STM32L4xx_HAL_Driver/Src/stm32l4xx_ll_usb.o
                0x0000000008005428                USB_SetDevSpeed
 .text.USB_GetDevSpeed
                0x000000000800545a       0x3e ./Drivers/STM32L4xx_HAL_Driver/Src/stm32l4xx_ll_usb.o
                0x000000000800545a                USB_GetDevSpeed
 .text.USB_ActivateEndpoint
                0x0000000008005498      0x10e ./Drivers/STM32L4xx_HAL_Driver/Src/stm32l4xx_ll_usb.o
                0x0000000008005498                USB_ActivateEndpoint
 *fill*         0x00000000080055a6        0x2 
 .text.USB_DeactivateEndpoint
                0x00000000080055a8      0x1b8 ./Drivers/STM32L4xx_HAL_Driver/Src/stm32l4xx_ll_usb.o
                0x00000000080055a8                USB_DeactivateEndpoint
 .text.USB_EPStartXfer
                0x0000000008005760      0x464 ./Drivers/STM32L4xx_HAL_Driver/Src/stm32l4xx_ll_usb.o
                0x0000000008005760                USB_EPStartXfer
 .text.USB_EPStopXfer
                0x0000000008005bc4      0x154 ./Drivers/STM32L4xx_HAL_Driver/Src/stm32l4xx_ll_usb.o
                0x0000000008005bc4                USB_EPStopXfer
 .text.USB_WritePacket
                0x0000000008005d18       0x74 ./Drivers/STM32L4xx_HAL_Driver/Src/stm32l4xx_ll_usb.o
                0x0000000008005d18                USB_WritePacket
 .text.USB_ReadPacket
                0x0000000008005d8c       0xb0 ./Drivers/STM32L4xx_HAL_Driver/Src/stm32l4xx_ll_usb.o
                0x0000000008005d8c                USB_ReadPacket
 .text.USB_EPSetStall
                0x0000000008005e3c       0xdc ./Drivers/STM32L4xx_HAL_Driver/Src/stm32l4xx_ll_usb.o
                0x0000000008005e3c                USB_EPSetStall
 .text.USB_EPClearStall
                0x0000000008005f18       0xcc ./Drivers/STM32L4xx_HAL_Driver/Src/stm32l4xx_ll_usb.o
                0x0000000008005f18                USB_EPClearStall
 .text.USB_SetDevAddress
                0x0000000008005fe4       0x4c ./Drivers/STM32L4xx_HAL_Driver/Src/stm32l4xx_ll_usb.o
                0x0000000008005fe4                USB_SetDevAddress
 .text.USB_DevConnect
                0x0000000008006030       0x42 ./Drivers/STM32L4xx_HAL_Driver/Src/stm32l4xx_ll_usb.o
                0x0000000008006030                USB_DevConnect
 .text.USB_DevDisconnect
                0x0000000008006072       0x42 ./Drivers/STM32L4xx_HAL_Driver/Src/stm32l4xx_ll_usb.o
                0x0000000008006072                USB_DevDisconnect
 .text.USB_ReadInterrupts
                0x00000000080060b4       0x26 ./Drivers/STM32L4xx_HAL_Driver/Src/stm32l4xx_ll_usb.o
                0x00000000080060b4                USB_ReadInterrupts
 .text.USB_ReadDevAllOutEpInterrupt
                0x00000000080060da       0x34 ./Drivers/STM32L4xx_HAL_Driver/Src/stm32l4xx_ll_usb.o
                0x00000000080060da                USB_ReadDevAllOutEpInterrupt
 .text.USB_ReadDevAllInEpInterrupt
                0x000000000800610e       0x34 ./Drivers/STM32L4xx_HAL_Driver/Src/stm32l4xx_ll_usb.o
                0x000000000800610e                USB_ReadDevAllInEpInterrupt
 .text.USB_ReadDevOutEPInterrupt
                0x0000000008006142       0x3c ./Drivers/STM32L4xx_HAL_Driver/Src/stm32l4xx_ll_usb.o
                0x0000000008006142                USB_ReadDevOutEPInterrupt
 .text.USB_ReadDevInEPInterrupt
                0x000000000800617e       0x5c ./Drivers/STM32L4xx_HAL_Driver/Src/stm32l4xx_ll_usb.o
                0x000000000800617e                USB_ReadDevInEPInterrupt
 .text.USB_GetMode
                0x00000000080061da       0x1c ./Drivers/STM32L4xx_HAL_Driver/Src/stm32l4xx_ll_usb.o
                0x00000000080061da                USB_GetMode
 .text.USB_ActivateSetup
                0x00000000080061f6       0x46 ./Drivers/STM32L4xx_HAL_Driver/Src/stm32l4xx_ll_usb.o
                0x00000000080061f6                USB_ActivateSetup
 .text.USB_EP0_OutStart
                0x000000000800623c       0x90 ./Drivers/STM32L4xx_HAL_Driver/Src/stm32l4xx_ll_usb.o
                0x000000000800623c                USB_EP0_OutStart
 .text.USB_CoreReset
                0x00000000080062cc       0x68 ./Drivers/STM32L4xx_HAL_Driver/Src/stm32l4xx_ll_usb.o
 .text.USBD_CDC_Init
                0x0000000008006334      0x1f0 ./Middlewares/ST/STM32_USB_Device_Library/Class/CDC/Src/usbd_cdc.o
 .text.USBD_CDC_DeInit
                0x0000000008006524      0x104 ./Middlewares/ST/STM32_USB_Device_Library/Class/CDC/Src/usbd_cdc.o
 .text.USBD_CDC_Setup
                0x0000000008006628      0x1b8 ./Middlewares/ST/STM32_USB_Device_Library/Class/CDC/Src/usbd_cdc.o
 .text.USBD_CDC_DataIn
                0x00000000080067e0       0xfe ./Middlewares/ST/STM32_USB_Device_Library/Class/CDC/Src/usbd_cdc.o
 .text.USBD_CDC_DataOut
                0x00000000080068de       0x70 ./Middlewares/ST/STM32_USB_Device_Library/Class/CDC/Src/usbd_cdc.o
 .text.USBD_CDC_EP0_RxReady
                0x000000000800694e       0x76 ./Middlewares/ST/STM32_USB_Device_Library/Class/CDC/Src/usbd_cdc.o
 .text.USBD_CDC_GetFSCfgDesc
                0x00000000080069c4       0x70 ./Middlewares/ST/STM32_USB_Device_Library/Class/CDC/Src/usbd_cdc.o
 .text.USBD_CDC_GetHSCfgDesc
                0x0000000008006a34       0x70 ./Middlewares/ST/STM32_USB_Device_Library/Class/CDC/Src/usbd_cdc.o
 .text.USBD_CDC_GetOtherSpeedCfgDesc
                0x0000000008006aa4       0x70 ./Middlewares/ST/STM32_USB_Device_Library/Class/CDC/Src/usbd_cdc.o
 .text.USBD_CDC_GetDeviceQualifierDescriptor
                0x0000000008006b14       0x20 ./Middlewares/ST/STM32_USB_Device_Library/Class/CDC/Src/usbd_cdc.o
                0x0000000008006b14                USBD_CDC_GetDeviceQualifierDescriptor
 .text.USBD_CDC_RegisterInterface
                0x0000000008006b34       0x34 ./Middlewares/ST/STM32_USB_Device_Library/Class/CDC/Src/usbd_cdc.o
                0x0000000008006b34                USBD_CDC_RegisterInterface
 .text.USBD_CDC_SetTxBuffer
                0x0000000008006b68       0x44 ./Middlewares/ST/STM32_USB_Device_Library/Class/CDC/Src/usbd_cdc.o
                0x0000000008006b68                USBD_CDC_SetTxBuffer
 .text.USBD_CDC_SetRxBuffer
                0x0000000008006bac       0x3a ./Middlewares/ST/STM32_USB_Device_Library/Class/CDC/Src/usbd_cdc.o
                0x0000000008006bac                USBD_CDC_SetRxBuffer
 *fill*         0x0000000008006be6        0x2 
 .text.USBD_CDC_ReceivePacket
                0x0000000008006be8       0x6c ./Middlewares/ST/STM32_USB_Device_Library/Class/CDC/Src/usbd_cdc.o
                0x0000000008006be8                USBD_CDC_ReceivePacket
 .text.USBD_Init
                0x0000000008006c54       0x60 ./Middlewares/ST/STM32_USB_Device_Library/Core/Src/usbd_core.o
                0x0000000008006c54                USBD_Init
 .text.USBD_RegisterClass
                0x0000000008006cb4       0x6c ./Middlewares/ST/STM32_USB_Device_Library/Core/Src/usbd_core.o
                0x0000000008006cb4                USBD_RegisterClass
 .text.USBD_Start
                0x0000000008006d20       0x18 ./Middlewares/ST/STM32_USB_Device_Library/Core/Src/usbd_core.o
                0x0000000008006d20                USBD_Start
 .text.USBD_RunTestMode
                0x0000000008006d38       0x16 ./Middlewares/ST/STM32_USB_Device_Library/Core/Src/usbd_core.o
                0x0000000008006d38                USBD_RunTestMode
 .text.USBD_SetClassConfig
                0x0000000008006d4e       0x38 ./Middlewares/ST/STM32_USB_Device_Library/Core/Src/usbd_core.o
                0x0000000008006d4e                USBD_SetClassConfig
 .text.USBD_ClrClassConfig
                0x0000000008006d86       0x34 ./Middlewares/ST/STM32_USB_Device_Library/Core/Src/usbd_core.o
                0x0000000008006d86                USBD_ClrClassConfig
 .text.USBD_LL_SetupStage
                0x0000000008006dba       0xaa ./Middlewares/ST/STM32_USB_Device_Library/Core/Src/usbd_core.o
                0x0000000008006dba                USBD_LL_SetupStage
 .text.USBD_LL_DataOutStage
                0x0000000008006e64      0x166 ./Middlewares/ST/STM32_USB_Device_Library/Core/Src/usbd_core.o
                0x0000000008006e64                USBD_LL_DataOutStage
 .text.USBD_LL_DataInStage
                0x0000000008006fca      0x164 ./Middlewares/ST/STM32_USB_Device_Library/Core/Src/usbd_core.o
                0x0000000008006fca                USBD_LL_DataInStage
 .text.USBD_LL_Reset
                0x000000000800712e       0xa4 ./Middlewares/ST/STM32_USB_Device_Library/Core/Src/usbd_core.o
                0x000000000800712e                USBD_LL_Reset
 .text.USBD_LL_SetSpeed
                0x00000000080071d2       0x20 ./Middlewares/ST/STM32_USB_Device_Library/Core/Src/usbd_core.o
                0x00000000080071d2                USBD_LL_SetSpeed
 .text.USBD_LL_Suspend
                0x00000000080071f2       0x38 ./Middlewares/ST/STM32_USB_Device_Library/Core/Src/usbd_core.o
                0x00000000080071f2                USBD_LL_Suspend
 .text.USBD_LL_Resume
                0x000000000800722a       0x30 ./Middlewares/ST/STM32_USB_Device_Library/Core/Src/usbd_core.o
                0x000000000800722a                USBD_LL_Resume
 .text.USBD_LL_SOF
                0x000000000800725a       0x40 ./Middlewares/ST/STM32_USB_Device_Library/Core/Src/usbd_core.o
                0x000000000800725a                USBD_LL_SOF
 .text.USBD_LL_IsoINIncomplete
                0x000000000800729a       0x64 ./Middlewares/ST/STM32_USB_Device_Library/Core/Src/usbd_core.o
                0x000000000800729a                USBD_LL_IsoINIncomplete
 .text.USBD_LL_IsoOUTIncomplete
                0x00000000080072fe       0x64 ./Middlewares/ST/STM32_USB_Device_Library/Core/Src/usbd_core.o
                0x00000000080072fe                USBD_LL_IsoOUTIncomplete
 .text.USBD_LL_DevConnected
                0x0000000008007362       0x16 ./Middlewares/ST/STM32_USB_Device_Library/Core/Src/usbd_core.o
                0x0000000008007362                USBD_LL_DevConnected
 .text.USBD_LL_DevDisconnected
                0x0000000008007378       0x46 ./Middlewares/ST/STM32_USB_Device_Library/Core/Src/usbd_core.o
                0x0000000008007378                USBD_LL_DevDisconnected
 .text.USBD_CoreFindIF
                0x00000000080073be       0x1a ./Middlewares/ST/STM32_USB_Device_Library/Core/Src/usbd_core.o
                0x00000000080073be                USBD_CoreFindIF
 .text.USBD_CoreFindEP
                0x00000000080073d8       0x1a ./Middlewares/ST/STM32_USB_Device_Library/Core/Src/usbd_core.o
                0x00000000080073d8                USBD_CoreFindEP
 .text.USBD_GetEpDesc
                0x00000000080073f2       0x74 ./Middlewares/ST/STM32_USB_Device_Library/Core/Src/usbd_core.o
                0x00000000080073f2                USBD_GetEpDesc
 .text.USBD_GetNextDesc
                0x0000000008007466       0x3a ./Middlewares/ST/STM32_USB_Device_Library/Core/Src/usbd_core.o
                0x0000000008007466                USBD_GetNextDesc
 .text.SWAPBYTE
                0x00000000080074a0       0x3c ./Middlewares/ST/STM32_USB_Device_Library/Core/Src/usbd_ctlreq.o
 .text.USBD_StdDevReq
                0x00000000080074dc       0xe4 ./Middlewares/ST/STM32_USB_Device_Library/Core/Src/usbd_ctlreq.o
                0x00000000080074dc                USBD_StdDevReq
 .text.USBD_StdItfReq
                0x00000000080075c0       0xd8 ./Middlewares/ST/STM32_USB_Device_Library/Core/Src/usbd_ctlreq.o
                0x00000000080075c0                USBD_StdItfReq
 .text.USBD_StdEPReq
                0x0000000008007698      0x33a ./Middlewares/ST/STM32_USB_Device_Library/Core/Src/usbd_ctlreq.o
                0x0000000008007698                USBD_StdEPReq
 *fill*         0x00000000080079d2        0x2 
 .text.USBD_GetDescriptor
                0x00000000080079d4      0x328 ./Middlewares/ST/STM32_USB_Device_Library/Core/Src/usbd_ctlreq.o
 .text.USBD_SetAddress
                0x0000000008007cfc       0x88 ./Middlewares/ST/STM32_USB_Device_Library/Core/Src/usbd_ctlreq.o
 .text.USBD_SetConfig
                0x0000000008007d84      0x154 ./Middlewares/ST/STM32_USB_Device_Library/Core/Src/usbd_ctlreq.o
 .text.USBD_GetConfig
                0x0000000008007ed8       0x6c ./Middlewares/ST/STM32_USB_Device_Library/Core/Src/usbd_ctlreq.o
 .text.USBD_GetStatus
                0x0000000008007f44       0x68 ./Middlewares/ST/STM32_USB_Device_Library/Core/Src/usbd_ctlreq.o
 .text.USBD_SetFeature
                0x0000000008007fac       0x52 ./Middlewares/ST/STM32_USB_Device_Library/Core/Src/usbd_ctlreq.o
 .text.USBD_ClrFeature
                0x0000000008007ffe       0x44 ./Middlewares/ST/STM32_USB_Device_Library/Core/Src/usbd_ctlreq.o
 .text.USBD_ParseSetupRequest
                0x0000000008008042       0x74 ./Middlewares/ST/STM32_USB_Device_Library/Core/Src/usbd_ctlreq.o
                0x0000000008008042                USBD_ParseSetupRequest
 .text.USBD_CtlError
                0x00000000080080b6       0x22 ./Middlewares/ST/STM32_USB_Device_Library/Core/Src/usbd_ctlreq.o
                0x00000000080080b6                USBD_CtlError
 .text.USBD_GetString
                0x00000000080080d8       0x8c ./Middlewares/ST/STM32_USB_Device_Library/Core/Src/usbd_ctlreq.o
                0x00000000080080d8                USBD_GetString
 .text.USBD_GetLen
                0x0000000008008164       0x34 ./Middlewares/ST/STM32_USB_Device_Library/Core/Src/usbd_ctlreq.o
 .text.USBD_CtlSendData
                0x0000000008008198       0x36 ./Middlewares/ST/STM32_USB_Device_Library/Core/Src/usbd_ioreq.o
                0x0000000008008198                USBD_CtlSendData
 .text.USBD_CtlContinueSendData
                0x00000000080081ce       0x22 ./Middlewares/ST/STM32_USB_Device_Library/Core/Src/usbd_ioreq.o
                0x00000000080081ce                USBD_CtlContinueSendData
 .text.USBD_CtlPrepareRx
                0x00000000080081f0       0x3a ./Middlewares/ST/STM32_USB_Device_Library/Core/Src/usbd_ioreq.o
                0x00000000080081f0                USBD_CtlPrepareRx
 .text.USBD_CtlContinueRx
                0x000000000800822a       0x22 ./Middlewares/ST/STM32_USB_Device_Library/Core/Src/usbd_ioreq.o
                0x000000000800822a                USBD_CtlContinueRx
 .text.USBD_CtlSendStatus
                0x000000000800824c       0x26 ./Middlewares/ST/STM32_USB_Device_Library/Core/Src/usbd_ioreq.o
                0x000000000800824c                USBD_CtlSendStatus
 .text.USBD_CtlReceiveStatus
                0x0000000008008272       0x26 ./Middlewares/ST/STM32_USB_Device_Library/Core/Src/usbd_ioreq.o
                0x0000000008008272                USBD_CtlReceiveStatus
 .text.MX_USB_DEVICE_Init
                0x0000000008008298       0x60 ./USB_DEVICE/App/usb_device.o
                0x0000000008008298                MX_USB_DEVICE_Init
 .text.CDC_Init_FS
                0x00000000080082f8       0x28 ./USB_DEVICE/App/usbd_cdc_if.o
 .text.CDC_DeInit_FS
                0x0000000008008320       0x10 ./USB_DEVICE/App/usbd_cdc_if.o
 .text.CDC_Control_FS
                0x0000000008008330       0xbc ./USB_DEVICE/App/usbd_cdc_if.o
 .text.CDC_Receive_FS
                0x00000000080083ec       0x28 ./USB_DEVICE/App/usbd_cdc_if.o
 .text.CDC_TransmitCplt_FS
                0x0000000008008414       0x22 ./USB_DEVICE/App/usbd_cdc_if.o
 *fill*         0x0000000008008436        0x2 
 .text.USBD_FS_DeviceDescriptor
                0x0000000008008438       0x24 ./USB_DEVICE/App/usbd_desc.o
                0x0000000008008438                USBD_FS_DeviceDescriptor
 .text.USBD_FS_LangIDStrDescriptor
                0x000000000800845c       0x24 ./USB_DEVICE/App/usbd_desc.o
                0x000000000800845c                USBD_FS_LangIDStrDescriptor
 .text.USBD_FS_ProductStrDescriptor
                0x0000000008008480       0x3c ./USB_DEVICE/App/usbd_desc.o
                0x0000000008008480                USBD_FS_ProductStrDescriptor
 .text.USBD_FS_ManufacturerStrDescriptor
                0x00000000080084bc       0x28 ./USB_DEVICE/App/usbd_desc.o
                0x00000000080084bc                USBD_FS_ManufacturerStrDescriptor
 .text.USBD_FS_SerialStrDescriptor
                0x00000000080084e4       0x24 ./USB_DEVICE/App/usbd_desc.o
                0x00000000080084e4                USBD_FS_SerialStrDescriptor
 .text.USBD_FS_ConfigStrDescriptor
                0x0000000008008508       0x3c ./USB_DEVICE/App/usbd_desc.o
                0x0000000008008508                USBD_FS_ConfigStrDescriptor
 .text.USBD_FS_InterfaceStrDescriptor
                0x0000000008008544       0x3c ./USB_DEVICE/App/usbd_desc.o
                0x0000000008008544                USBD_FS_InterfaceStrDescriptor
 .text.USBD_FS_USR_BOSDescriptor
                0x0000000008008580       0x24 ./USB_DEVICE/App/usbd_desc.o
                0x0000000008008580                USBD_FS_USR_BOSDescriptor
 .text.Get_SerialNum
                0x00000000080085a4       0x58 ./USB_DEVICE/App/usbd_desc.o
 .text.IntToUnicode
                0x00000000080085fc       0x7e ./USB_DEVICE/App/usbd_desc.o
 *fill*         0x000000000800867a        0x2 
 .text.HAL_PCD_MspInit
                0x000000000800867c      0x124 ./USB_DEVICE/Target/usbd_conf.o
                0x000000000800867c                HAL_PCD_MspInit
 .text.HAL_PCD_SetupStageCallback
                0x00000000080087a0       0x24 ./USB_DEVICE/Target/usbd_conf.o
                0x00000000080087a0                HAL_PCD_SetupStageCallback
 .text.HAL_PCD_DataOutStageCallback
                0x00000000080087c4       0x36 ./USB_DEVICE/Target/usbd_conf.o
                0x00000000080087c4                HAL_PCD_DataOutStageCallback
 .text.HAL_PCD_DataInStageCallback
                0x00000000080087fa       0x34 ./USB_DEVICE/Target/usbd_conf.o
                0x00000000080087fa                HAL_PCD_DataInStageCallback
 .text.HAL_PCD_SOFCallback
                0x000000000800882e       0x1c ./USB_DEVICE/Target/usbd_conf.o
                0x000000000800882e                HAL_PCD_SOFCallback
 .text.HAL_PCD_ResetCallback
                0x000000000800884a       0x3c ./USB_DEVICE/Target/usbd_conf.o
                0x000000000800884a                HAL_PCD_ResetCallback
 *fill*         0x0000000008008886        0x2 
 .text.HAL_PCD_SuspendCallback
                0x0000000008008888       0x4c ./USB_DEVICE/Target/usbd_conf.o
                0x0000000008008888                HAL_PCD_SuspendCallback
 .text.HAL_PCD_ResumeCallback
                0x00000000080088d4       0x50 ./USB_DEVICE/Target/usbd_conf.o
                0x00000000080088d4                HAL_PCD_ResumeCallback
 .text.HAL_PCD_ISOOUTIncompleteCallback
                0x0000000008008924       0x24 ./USB_DEVICE/Target/usbd_conf.o
                0x0000000008008924                HAL_PCD_ISOOUTIncompleteCallback
 .text.HAL_PCD_ISOINIncompleteCallback
                0x0000000008008948       0x24 ./USB_DEVICE/Target/usbd_conf.o
                0x0000000008008948                HAL_PCD_ISOINIncompleteCallback
 .text.HAL_PCD_ConnectCallback
                0x000000000800896c       0x1c ./USB_DEVICE/Target/usbd_conf.o
                0x000000000800896c                HAL_PCD_ConnectCallback
 .text.HAL_PCD_DisconnectCallback
                0x0000000008008988       0x1c ./USB_DEVICE/Target/usbd_conf.o
                0x0000000008008988                HAL_PCD_DisconnectCallback
 .text.USBD_LL_Init
                0x00000000080089a4       0x98 ./USB_DEVICE/Target/usbd_conf.o
                0x00000000080089a4                USBD_LL_Init
 .text.USBD_LL_Start
                0x0000000008008a3c       0x64 ./USB_DEVICE/Target/usbd_conf.o
                0x0000000008008a3c                USBD_LL_Start
 .text.USBD_LL_OpenEP
                0x0000000008008aa0       0x7c ./USB_DEVICE/Target/usbd_conf.o
                0x0000000008008aa0                USBD_LL_OpenEP
 .text.USBD_LL_CloseEP
                0x0000000008008b1c       0x6c ./USB_DEVICE/Target/usbd_conf.o
                0x0000000008008b1c                USBD_LL_CloseEP
 .text.USBD_LL_StallEP
                0x0000000008008b88       0x6c ./USB_DEVICE/Target/usbd_conf.o
                0x0000000008008b88                USBD_LL_StallEP
 .text.USBD_LL_ClearStallEP
                0x0000000008008bf4       0x6c ./USB_DEVICE/Target/usbd_conf.o
                0x0000000008008bf4                USBD_LL_ClearStallEP
 .text.USBD_LL_IsStallEP
                0x0000000008008c60       0x58 ./USB_DEVICE/Target/usbd_conf.o
                0x0000000008008c60                USBD_LL_IsStallEP
 .text.USBD_LL_SetUSBAddress
                0x0000000008008cb8       0x6c ./USB_DEVICE/Target/usbd_conf.o
                0x0000000008008cb8                USBD_LL_SetUSBAddress
 .text.USBD_LL_Transmit
                0x0000000008008d24       0x70 ./USB_DEVICE/Target/usbd_conf.o
                0x0000000008008d24                USBD_LL_Transmit
 .text.USBD_LL_PrepareReceive
                0x0000000008008d94       0x70 ./USB_DEVICE/Target/usbd_conf.o
                0x0000000008008d94                USBD_LL_PrepareReceive
 .text.USBD_LL_GetRxDataSize
                0x0000000008008e04       0x26 ./USB_DEVICE/Target/usbd_conf.o
                0x0000000008008e04                USBD_LL_GetRxDataSize
 *fill*         0x0000000008008e2a        0x2 
 .text.HAL_PCDEx_LPM_Callback
                0x0000000008008e2c       0x9c ./USB_DEVICE/Target/usbd_conf.o
                0x0000000008008e2c                HAL_PCDEx_LPM_Callback
 .text.USBD_static_malloc
                0x0000000008008ec8       0x1c ./USB_DEVICE/Target/usbd_conf.o
                0x0000000008008ec8                USBD_static_malloc
 .text.USBD_static_free
                0x0000000008008ee4       0x14 ./USB_DEVICE/Target/usbd_conf.o
                0x0000000008008ee4                USBD_static_free
 .text.SystemClockConfig_Resume
                0x0000000008008ef8        0xc ./USB_DEVICE/Target/usbd_conf.o
 .text.memset   0x0000000008008f04       0x10 /Applications/STM32CubeIDE.app/Contents/Eclipse/plugins/com.st.stm32cube.ide.mcu.externaltools.gnu-tools-for-stm32.11.3.rel1.macos64_1.1.100.202310310803/tools/bin/../lib/gcc/arm-none-eabi/11.3.1/../../../../arm-none-eabi/lib/thumb/v7e-m+fp/hard/libc_nano.a(libc_a-memset.o)
                0x0000000008008f04                memset
 .text.__libc_init_array
                0x0000000008008f14       0x48 /Applications/STM32CubeIDE.app/Contents/Eclipse/plugins/com.st.stm32cube.ide.mcu.externaltools.gnu-tools-for-stm32.11.3.rel1.macos64_1.1.100.202310310803/tools/bin/../lib/gcc/arm-none-eabi/11.3.1/../../../../arm-none-eabi/lib/thumb/v7e-m+fp/hard/libc_nano.a(libc_a-init.o)
                0x0000000008008f14                __libc_init_array
 *(.glue_7)
 .glue_7        0x0000000008008f5c        0x0 linker stubs
 *(.glue_7t)
 .glue_7t       0x0000000008008f5c        0x0 linker stubs
 *(.eh_frame)
 .eh_frame      0x0000000008008f5c        0x0 /Applications/STM32CubeIDE.app/Contents/Eclipse/plugins/com.st.stm32cube.ide.mcu.externaltools.gnu-tools-for-stm32.11.3.rel1.macos64_1.1.100.202310310803/tools/bin/../lib/gcc/arm-none-eabi/11.3.1/thumb/v7e-m+fp/hard/crtbegin.o
 *(.init)
 .init          0x0000000008008f5c        0x4 /Applications/STM32CubeIDE.app/Contents/Eclipse/plugins/com.st.stm32cube.ide.mcu.externaltools.gnu-tools-for-stm32.11.3.rel1.macos64_1.1.100.202310310803/tools/bin/../lib/gcc/arm-none-eabi/11.3.1/thumb/v7e-m+fp/hard/crti.o
                0x0000000008008f5c                _init
 .init          0x0000000008008f60        0x8 /Applications/STM32CubeIDE.app/Contents/Eclipse/plugins/com.st.stm32cube.ide.mcu.externaltools.gnu-tools-for-stm32.11.3.rel1.macos64_1.1.100.202310310803/tools/bin/../lib/gcc/arm-none-eabi/11.3.1/thumb/v7e-m+fp/hard/crtn.o
 *(.fini)
 .fini          0x0000000008008f68        0x4 /Applications/STM32CubeIDE.app/Contents/Eclipse/plugins/com.st.stm32cube.ide.mcu.externaltools.gnu-tools-for-stm32.11.3.rel1.macos64_1.1.100.202310310803/tools/bin/../lib/gcc/arm-none-eabi/11.3.1/thumb/v7e-m+fp/hard/crti.o
                0x0000000008008f68                _fini
 .fini          0x0000000008008f6c        0x8 /Applications/STM32CubeIDE.app/Contents/Eclipse/plugins/com.st.stm32cube.ide.mcu.externaltools.gnu-tools-for-stm32.11.3.rel1.macos64_1.1.100.202310310803/tools/bin/../lib/gcc/arm-none-eabi/11.3.1/thumb/v7e-m+fp/hard/crtn.o
                0x0000000008008f74                . = ALIGN (0x4)
                0x0000000008008f74                _etext = .

.vfp11_veneer   0x0000000008008f74        0x0
 .vfp11_veneer  0x0000000008008f74        0x0 linker stubs

.v4_bx          0x0000000008008f74        0x0
 .v4_bx         0x0000000008008f74        0x0 linker stubs

.iplt           0x0000000008008f74        0x0
 .iplt          0x0000000008008f74        0x0 /Applications/STM32CubeIDE.app/Contents/Eclipse/plugins/com.st.stm32cube.ide.mcu.externaltools.gnu-tools-for-stm32.11.3.rel1.macos64_1.1.100.202310310803/tools/bin/../lib/gcc/arm-none-eabi/11.3.1/thumb/v7e-m+fp/hard/crtbegin.o

.rodata         0x0000000008008f74       0xa0
                0x0000000008008f74                . = ALIGN (0x4)
 *(.rodata)
 .rodata        0x0000000008008f74        0xf ./Core/Src/Drivers/BMI088.o
 *fill*         0x0000000008008f83        0x1 
 .rodata        0x0000000008008f84        0x7 ./Core/Src/Drivers/BMP388.o
 *fill*         0x0000000008008f8b        0x1 
 .rodata        0x0000000008008f8c       0x46 ./USB_DEVICE/App/usbd_desc.o
 *(.rodata*)
 *fill*         0x0000000008008fd2        0x2 
 .rodata.AHBPrescTable
                0x0000000008008fd4       0x10 ./Core/Src/system_stm32l4xx.o
                0x0000000008008fd4                AHBPrescTable
 .rodata.MSIRangeTable
                0x0000000008008fe4       0x30 ./Core/Src/system_stm32l4xx.o
                0x0000000008008fe4                MSIRangeTable
                0x0000000008009014                . = ALIGN (0x4)

.rel.dyn        0x0000000008009014        0x0
 .rel.iplt      0x0000000008009014        0x0 /Applications/STM32CubeIDE.app/Contents/Eclipse/plugins/com.st.stm32cube.ide.mcu.externaltools.gnu-tools-for-stm32.11.3.rel1.macos64_1.1.100.202310310803/tools/bin/../lib/gcc/arm-none-eabi/11.3.1/thumb/v7e-m+fp/hard/crtbegin.o

.ARM.extab      0x0000000008009014        0x0
                0x0000000008009014                . = ALIGN (0x4)
 *(.ARM.extab* .gnu.linkonce.armextab.*)
                0x0000000008009014                . = ALIGN (0x4)

.ARM            0x0000000008009014        0x0
                0x0000000008009014                . = ALIGN (0x4)
                0x0000000008009014                __exidx_start = .
 *(.ARM.exidx*)
                0x0000000008009014                __exidx_end = .
                0x0000000008009014                . = ALIGN (0x4)

.preinit_array  0x0000000008009014        0x0
                0x0000000008009014                . = ALIGN (0x4)
                0x0000000008009014                PROVIDE (__preinit_array_start = .)
 *(.preinit_array*)
                0x0000000008009014                PROVIDE (__preinit_array_end = .)
                0x0000000008009014                . = ALIGN (0x4)

.init_array     0x0000000008009014        0x4
                0x0000000008009014                . = ALIGN (0x4)
                0x0000000008009014                PROVIDE (__init_array_start = .)
 *(SORT_BY_NAME(.init_array.*))
 *(.init_array*)
 .init_array    0x0000000008009014        0x4 /Applications/STM32CubeIDE.app/Contents/Eclipse/plugins/com.st.stm32cube.ide.mcu.externaltools.gnu-tools-for-stm32.11.3.rel1.macos64_1.1.100.202310310803/tools/bin/../lib/gcc/arm-none-eabi/11.3.1/thumb/v7e-m+fp/hard/crtbegin.o
                0x0000000008009018                PROVIDE (__init_array_end = .)
                0x0000000008009018                . = ALIGN (0x4)

.fini_array     0x0000000008009018        0x4
                0x0000000008009018                . = ALIGN (0x4)
                [!provide]                        PROVIDE (__fini_array_start = .)
 *(SORT_BY_NAME(.fini_array.*))
 *(.fini_array*)
 .fini_array    0x0000000008009018        0x4 /Applications/STM32CubeIDE.app/Contents/Eclipse/plugins/com.st.stm32cube.ide.mcu.externaltools.gnu-tools-for-stm32.11.3.rel1.macos64_1.1.100.202310310803/tools/bin/../lib/gcc/arm-none-eabi/11.3.1/thumb/v7e-m+fp/hard/crtbegin.o
                [!provide]                        PROVIDE (__fini_array_end = .)
                0x000000000800901c                . = ALIGN (0x4)
                0x000000000800901c                _sidata = LOADADDR (.data)

.data           0x0000000020000000      0x10c load address 0x000000000800901c
                0x0000000020000000                . = ALIGN (0x4)
                0x0000000020000000                _sdata = .
 *(.data)
 *(.data*)
 .data.SystemCoreClock
                0x0000000020000000        0x4 ./Core/Src/system_stm32l4xx.o
                0x0000000020000000                SystemCoreClock
 .data.uwTickPrio
                0x0000000020000004        0x4 ./Drivers/STM32L4xx_HAL_Driver/Src/stm32l4xx_hal.o
                0x0000000020000004                uwTickPrio
 .data.uwTickFreq
                0x0000000020000008        0x1 ./Drivers/STM32L4xx_HAL_Driver/Src/stm32l4xx_hal.o
                0x0000000020000008                uwTickFreq
 *fill*         0x0000000020000009        0x3 
 .data.USBD_CDC_DeviceQualifierDesc
                0x000000002000000c        0xa ./Middlewares/ST/STM32_USB_Device_Library/Class/CDC/Src/usbd_cdc.o
 *fill*         0x0000000020000016        0x2 
 .data.USBD_CDC
                0x0000000020000018       0x38 ./Middlewares/ST/STM32_USB_Device_Library/Class/CDC/Src/usbd_cdc.o
                0x0000000020000018                USBD_CDC
 .data.USBD_CDC_CfgDesc
                0x0000000020000050       0x43 ./Middlewares/ST/STM32_USB_Device_Library/Class/CDC/Src/usbd_cdc.o
 .data.CDCInEpAdd
                0x0000000020000093        0x1 ./Middlewares/ST/STM32_USB_Device_Library/Class/CDC/Src/usbd_cdc.o
 .data.CDCOutEpAdd
                0x0000000020000094        0x1 ./Middlewares/ST/STM32_USB_Device_Library/Class/CDC/Src/usbd_cdc.o
 .data.CDCCmdEpAdd
                0x0000000020000095        0x1 ./Middlewares/ST/STM32_USB_Device_Library/Class/CDC/Src/usbd_cdc.o
 *fill*         0x0000000020000096        0x2 
 .data.USBD_Interface_fops_FS
                0x0000000020000098       0x14 ./USB_DEVICE/App/usbd_cdc_if.o
                0x0000000020000098                USBD_Interface_fops_FS
 .data.FS_Desc  0x00000000200000ac       0x20 ./USB_DEVICE/App/usbd_desc.o
                0x00000000200000ac                FS_Desc
 .data.USBD_FS_DeviceDesc
                0x00000000200000cc       0x12 ./USB_DEVICE/App/usbd_desc.o
                0x00000000200000cc                USBD_FS_DeviceDesc
 *fill*         0x00000000200000de        0x2 
 .data.USBD_FS_BOSDesc
                0x00000000200000e0        0xc ./USB_DEVICE/App/usbd_desc.o
                0x00000000200000e0                USBD_FS_BOSDesc
 .data.USBD_LangIDDesc
                0x00000000200000ec        0x4 ./USB_DEVICE/App/usbd_desc.o
                0x00000000200000ec                USBD_LangIDDesc
 .data.USBD_StringSerial
                0x00000000200000f0       0x1a ./USB_DEVICE/App/usbd_desc.o
                0x00000000200000f0                USBD_StringSerial
 *(.RamFunc)
 *(.RamFunc*)
                0x000000002000010c                . = ALIGN (0x4)
 *fill*         0x000000002000010a        0x2 
                0x000000002000010c                _edata = .

.igot.plt       0x000000002000010c        0x0 load address 0x0000000008009128
 .igot.plt      0x000000002000010c        0x0 /Applications/STM32CubeIDE.app/Contents/Eclipse/plugins/com.st.stm32cube.ide.mcu.externaltools.gnu-tools-for-stm32.11.3.rel1.macos64_1.1.100.202310310803/tools/bin/../lib/gcc/arm-none-eabi/11.3.1/thumb/v7e-m+fp/hard/crtbegin.o
                0x000000002000010c                . = ALIGN (0x4)

.bss            0x000000002000010c     0x1d1c load address 0x0000000008009128
                0x000000002000010c                _sbss = .
                0x000000002000010c                __bss_start__ = _sbss
 *(.bss)
 .bss           0x000000002000010c       0x1c /Applications/STM32CubeIDE.app/Contents/Eclipse/plugins/com.st.stm32cube.ide.mcu.externaltools.gnu-tools-for-stm32.11.3.rel1.macos64_1.1.100.202310310803/tools/bin/../lib/gcc/arm-none-eabi/11.3.1/thumb/v7e-m+fp/hard/crtbegin.o
 *(.bss*)
 .bss.hspi1     0x0000000020000128       0x64 ./Core/Src/main.o
                0x0000000020000128                hspi1
 .bss.bmi088    0x000000002000018c       0x50 ./Core/Src/main.o
                0x000000002000018c                bmi088
 .bss.bmp388    0x00000000200001dc       0x3c ./Core/Src/main.o
                0x00000000200001dc                bmp388
 .bss.uwTick    0x0000000020000218        0x4 ./Drivers/STM32L4xx_HAL_Driver/Src/stm32l4xx_hal.o
                0x0000000020000218                uwTick
 .bss.cfgidx.0  0x000000002000021c        0x1 ./Middlewares/ST/STM32_USB_Device_Library/Core/Src/usbd_ctlreq.o
 *fill*         0x000000002000021d        0x3 
 .bss.hUsbDeviceFS
                0x0000000020000220      0x2dc ./USB_DEVICE/App/usb_device.o
                0x0000000020000220                hUsbDeviceFS
 .bss.UserRxBufferFS
                0x00000000200004fc      0x800 ./USB_DEVICE/App/usbd_cdc_if.o
                0x00000000200004fc                UserRxBufferFS
 .bss.UserTxBufferFS
                0x0000000020000cfc      0x800 ./USB_DEVICE/App/usbd_cdc_if.o
                0x0000000020000cfc                UserTxBufferFS
 .bss.USBD_StrDesc
                0x00000000200014fc      0x200 ./USB_DEVICE/App/usbd_desc.o
                0x00000000200014fc                USBD_StrDesc
 .bss.hpcd_USB_OTG_FS
                0x00000000200016fc      0x50c ./USB_DEVICE/Target/usbd_conf.o
                0x00000000200016fc                hpcd_USB_OTG_FS
 .bss.mem.0     0x0000000020001c08      0x220 ./USB_DEVICE/Target/usbd_conf.o
 *(COMMON)
                0x0000000020001e28                . = ALIGN (0x4)
                0x0000000020001e28                _ebss = .
                0x0000000020001e28                __bss_end__ = _ebss

._user_heap_stack
                0x0000000020001e28     0x1a00 load address 0x0000000008009128
                0x0000000020001e28                . = ALIGN (0x8)
                [!provide]                        PROVIDE (end = .)
                0x0000000020001e28                PROVIDE (_end = .)
                0x0000000020003028                . = (. + _Min_Heap_Size)
 *fill*         0x0000000020001e28     0x1200 
                0x0000000020003828                . = (. + _Min_Stack_Size)
 *fill*         0x0000000020003028      0x800 
                0x0000000020003828                . = ALIGN (0x8)

/DISCARD/
 libc.a(*)
 libm.a(*)
 libgcc.a(*)

.ARM.attributes
                0x0000000000000000       0x30
 *(.ARM.attributes)
 .ARM.attributes
                0x0000000000000000       0x1e /Applications/STM32CubeIDE.app/Contents/Eclipse/plugins/com.st.stm32cube.ide.mcu.externaltools.gnu-tools-for-stm32.11.3.rel1.macos64_1.1.100.202310310803/tools/bin/../lib/gcc/arm-none-eabi/11.3.1/thumb/v7e-m+fp/hard/crti.o
 .ARM.attributes
                0x000000000000001e       0x34 /Applications/STM32CubeIDE.app/Contents/Eclipse/plugins/com.st.stm32cube.ide.mcu.externaltools.gnu-tools-for-stm32.11.3.rel1.macos64_1.1.100.202310310803/tools/bin/../lib/gcc/arm-none-eabi/11.3.1/thumb/v7e-m+fp/hard/crtbegin.o
 .ARM.attributes
                0x0000000000000052       0x34 ./Core/Src/Drivers/BMI088.o
 .ARM.attributes
                0x0000000000000086       0x34 ./Core/Src/Drivers/BMP388.o
 .ARM.attributes
                0x00000000000000ba       0x34 ./Core/Src/main.o
 .ARM.attributes
                0x00000000000000ee       0x34 ./Core/Src/stm32l4xx_hal_msp.o
 .ARM.attributes
                0x0000000000000122       0x34 ./Core/Src/stm32l4xx_it.o
 .ARM.attributes
                0x0000000000000156       0x34 ./Core/Src/system_stm32l4xx.o
 .ARM.attributes
                0x000000000000018a       0x21 ./Core/Startup/startup_stm32l476vetx.o
 .ARM.attributes
                0x00000000000001ab       0x34 ./Drivers/STM32L4xx_HAL_Driver/Src/stm32l4xx_hal.o
 .ARM.attributes
                0x00000000000001df       0x34 ./Drivers/STM32L4xx_HAL_Driver/Src/stm32l4xx_hal_cortex.o
 .ARM.attributes
                0x0000000000000213       0x34 ./Drivers/STM32L4xx_HAL_Driver/Src/stm32l4xx_hal_gpio.o
 .ARM.attributes
                0x0000000000000247       0x34 ./Drivers/STM32L4xx_HAL_Driver/Src/stm32l4xx_hal_pcd.o
 .ARM.attributes
                0x000000000000027b       0x34 ./Drivers/STM32L4xx_HAL_Driver/Src/stm32l4xx_hal_pcd_ex.o
 .ARM.attributes
                0x00000000000002af       0x34 ./Drivers/STM32L4xx_HAL_Driver/Src/stm32l4xx_hal_pwr_ex.o
 .ARM.attributes
                0x00000000000002e3       0x34 ./Drivers/STM32L4xx_HAL_Driver/Src/stm32l4xx_hal_rcc.o
 .ARM.attributes
                0x0000000000000317       0x34 ./Drivers/STM32L4xx_HAL_Driver/Src/stm32l4xx_hal_rcc_ex.o
 .ARM.attributes
                0x000000000000034b       0x34 ./Drivers/STM32L4xx_HAL_Driver/Src/stm32l4xx_hal_spi.o
 .ARM.attributes
                0x000000000000037f       0x34 ./Drivers/STM32L4xx_HAL_Driver/Src/stm32l4xx_ll_usb.o
 .ARM.attributes
                0x00000000000003b3       0x34 ./Middlewares/ST/STM32_USB_Device_Library/Class/CDC/Src/usbd_cdc.o
 .ARM.attributes
                0x00000000000003e7       0x34 ./Middlewares/ST/STM32_USB_Device_Library/Core/Src/usbd_core.o
 .ARM.attributes
                0x000000000000041b       0x34 ./Middlewares/ST/STM32_USB_Device_Library/Core/Src/usbd_ctlreq.o
 .ARM.attributes
                0x000000000000044f       0x34 ./Middlewares/ST/STM32_USB_Device_Library/Core/Src/usbd_ioreq.o
 .ARM.attributes
                0x0000000000000483       0x34 ./USB_DEVICE/App/usb_device.o
 .ARM.attributes
                0x00000000000004b7       0x34 ./USB_DEVICE/App/usbd_cdc_if.o
 .ARM.attributes
                0x00000000000004eb       0x34 ./USB_DEVICE/App/usbd_desc.o
 .ARM.attributes
                0x000000000000051f       0x34 ./USB_DEVICE/Target/usbd_conf.o
 .ARM.attributes
                0x0000000000000553       0x34 /Applications/STM32CubeIDE.app/Contents/Eclipse/plugins/com.st.stm32cube.ide.mcu.externaltools.gnu-tools-for-stm32.11.3.rel1.macos64_1.1.100.202310310803/tools/bin/../lib/gcc/arm-none-eabi/11.3.1/../../../../arm-none-eabi/lib/thumb/v7e-m+fp/hard/libc_nano.a(libc_a-memset.o)
 .ARM.attributes
                0x0000000000000587       0x34 /Applications/STM32CubeIDE.app/Contents/Eclipse/plugins/com.st.stm32cube.ide.mcu.externaltools.gnu-tools-for-stm32.11.3.rel1.macos64_1.1.100.202310310803/tools/bin/../lib/gcc/arm-none-eabi/11.3.1/../../../../arm-none-eabi/lib/thumb/v7e-m+fp/hard/libc_nano.a(libc_a-init.o)
 .ARM.attributes
                0x00000000000005bb       0x1e /Applications/STM32CubeIDE.app/Contents/Eclipse/plugins/com.st.stm32cube.ide.mcu.externaltools.gnu-tools-for-stm32.11.3.rel1.macos64_1.1.100.202310310803/tools/bin/../lib/gcc/arm-none-eabi/11.3.1/thumb/v7e-m+fp/hard/crtn.o
OUTPUT(Strix Firmware.elf elf32-littlearm)
LOAD linker stubs
LOAD /Applications/STM32CubeIDE.app/Contents/Eclipse/plugins/com.st.stm32cube.ide.mcu.externaltools.gnu-tools-for-stm32.11.3.rel1.macos64_1.1.100.202310310803/tools/bin/../lib/gcc/arm-none-eabi/11.3.1/../../../../arm-none-eabi/lib/thumb/v7e-m+fp/hard/libc.a
LOAD /Applications/STM32CubeIDE.app/Contents/Eclipse/plugins/com.st.stm32cube.ide.mcu.externaltools.gnu-tools-for-stm32.11.3.rel1.macos64_1.1.100.202310310803/tools/bin/../lib/gcc/arm-none-eabi/11.3.1/../../../../arm-none-eabi/lib/thumb/v7e-m+fp/hard/libm.a
LOAD /Applications/STM32CubeIDE.app/Contents/Eclipse/plugins/com.st.stm32cube.ide.mcu.externaltools.gnu-tools-for-stm32.11.3.rel1.macos64_1.1.100.202310310803/tools/bin/../lib/gcc/arm-none-eabi/11.3.1/thumb/v7e-m+fp/hard/libgcc.a

.comment        0x0000000000000000       0x43
 .comment       0x0000000000000000       0x43 /Applications/STM32CubeIDE.app/Contents/Eclipse/plugins/com.st.stm32cube.ide.mcu.externaltools.gnu-tools-for-stm32.11.3.rel1.macos64_1.1.100.202310310803/tools/bin/../lib/gcc/arm-none-eabi/11.3.1/thumb/v7e-m+fp/hard/crtbegin.o
                                         0x44 (size before relaxing)
 .comment       0x0000000000000043       0x44 ./Core/Src/Drivers/BMI088.o
 .comment       0x0000000000000043       0x44 ./Core/Src/Drivers/BMP388.o
 .comment       0x0000000000000043       0x44 ./Core/Src/main.o
 .comment       0x0000000000000043       0x44 ./Core/Src/stm32l4xx_hal_msp.o
 .comment       0x0000000000000043       0x44 ./Core/Src/stm32l4xx_it.o
 .comment       0x0000000000000043       0x44 ./Core/Src/system_stm32l4xx.o
 .comment       0x0000000000000043       0x44 ./Drivers/STM32L4xx_HAL_Driver/Src/stm32l4xx_hal.o
 .comment       0x0000000000000043       0x44 ./Drivers/STM32L4xx_HAL_Driver/Src/stm32l4xx_hal_cortex.o
 .comment       0x0000000000000043       0x44 ./Drivers/STM32L4xx_HAL_Driver/Src/stm32l4xx_hal_gpio.o
 .comment       0x0000000000000043       0x44 ./Drivers/STM32L4xx_HAL_Driver/Src/stm32l4xx_hal_pcd.o
 .comment       0x0000000000000043       0x44 ./Drivers/STM32L4xx_HAL_Driver/Src/stm32l4xx_hal_pcd_ex.o
 .comment       0x0000000000000043       0x44 ./Drivers/STM32L4xx_HAL_Driver/Src/stm32l4xx_hal_pwr_ex.o
 .comment       0x0000000000000043       0x44 ./Drivers/STM32L4xx_HAL_Driver/Src/stm32l4xx_hal_rcc.o
 .comment       0x0000000000000043       0x44 ./Drivers/STM32L4xx_HAL_Driver/Src/stm32l4xx_hal_rcc_ex.o
 .comment       0x0000000000000043       0x44 ./Drivers/STM32L4xx_HAL_Driver/Src/stm32l4xx_hal_spi.o
 .comment       0x0000000000000043       0x44 ./Drivers/STM32L4xx_HAL_Driver/Src/stm32l4xx_ll_usb.o
 .comment       0x0000000000000043       0x44 ./Middlewares/ST/STM32_USB_Device_Library/Class/CDC/Src/usbd_cdc.o
 .comment       0x0000000000000043       0x44 ./Middlewares/ST/STM32_USB_Device_Library/Core/Src/usbd_core.o
 .comment       0x0000000000000043       0x44 ./Middlewares/ST/STM32_USB_Device_Library/Core/Src/usbd_ctlreq.o
 .comment       0x0000000000000043       0x44 ./Middlewares/ST/STM32_USB_Device_Library/Core/Src/usbd_ioreq.o
 .comment       0x0000000000000043       0x44 ./USB_DEVICE/App/usb_device.o
 .comment       0x0000000000000043       0x44 ./USB_DEVICE/App/usbd_cdc_if.o
 .comment       0x0000000000000043       0x44 ./USB_DEVICE/App/usbd_desc.o
 .comment       0x0000000000000043       0x44 ./USB_DEVICE/Target/usbd_conf.o

.debug_info     0x0000000000000000    0x13724
 .debug_info    0x0000000000000000      0xc91 ./Core/Src/Drivers/BMI088.o
 .debug_info    0x0000000000000c91      0xc27 ./Core/Src/Drivers/BMP388.o
 .debug_info    0x00000000000018b8      0xfaf ./Core/Src/main.o
 .debug_info    0x0000000000002867      0x947 ./Core/Src/stm32l4xx_hal_msp.o
 .debug_info    0x00000000000031ae      0x69d ./Core/Src/stm32l4xx_it.o
 .debug_info    0x000000000000384b      0x5b1 ./Core/Src/system_stm32l4xx.o
 .debug_info    0x0000000000003dfc       0x23 ./Core/Startup/startup_stm32l476vetx.o
 .debug_info    0x0000000000003e1f      0xaeb ./Drivers/STM32L4xx_HAL_Driver/Src/stm32l4xx_hal.o
 .debug_info    0x000000000000490a      0xd4c ./Drivers/STM32L4xx_HAL_Driver/Src/stm32l4xx_hal_cortex.o
 .debug_info    0x0000000000005656      0x757 ./Drivers/STM32L4xx_HAL_Driver/Src/stm32l4xx_hal_gpio.o
 .debug_info    0x0000000000005dad     0x14c8 ./Drivers/STM32L4xx_HAL_Driver/Src/stm32l4xx_hal_pcd.o
 .debug_info    0x0000000000007275      0x89e ./Drivers/STM32L4xx_HAL_Driver/Src/stm32l4xx_hal_pcd_ex.o
 .debug_info    0x0000000000007b13      0x99e ./Drivers/STM32L4xx_HAL_Driver/Src/stm32l4xx_hal_pwr_ex.o
 .debug_info    0x00000000000084b1      0xc14 ./Drivers/STM32L4xx_HAL_Driver/Src/stm32l4xx_hal_rcc.o
 .debug_info    0x00000000000090c5      0xe11 ./Drivers/STM32L4xx_HAL_Driver/Src/stm32l4xx_hal_rcc_ex.o
 .debug_info    0x0000000000009ed6     0x161a ./Drivers/STM32L4xx_HAL_Driver/Src/stm32l4xx_hal_spi.o
 .debug_info    0x000000000000b4f0     0x1971 ./Drivers/STM32L4xx_HAL_Driver/Src/stm32l4xx_ll_usb.o
 .debug_info    0x000000000000ce61     0x132f ./Middlewares/ST/STM32_USB_Device_Library/Class/CDC/Src/usbd_cdc.o
 .debug_info    0x000000000000e190      0xe12 ./Middlewares/ST/STM32_USB_Device_Library/Core/Src/usbd_core.o
 .debug_info    0x000000000000efa2      0xaeb ./Middlewares/ST/STM32_USB_Device_Library/Core/Src/usbd_ctlreq.o
 .debug_info    0x000000000000fa8d      0x762 ./Middlewares/ST/STM32_USB_Device_Library/Core/Src/usbd_ioreq.o
 .debug_info    0x00000000000101ef      0x70e ./USB_DEVICE/App/usb_device.o
 .debug_info    0x00000000000108fd      0x907 ./USB_DEVICE/App/usbd_cdc_if.o
 .debug_info    0x0000000000011204      0x4ba ./USB_DEVICE/App/usbd_desc.o
 .debug_info    0x00000000000116be     0x2066 ./USB_DEVICE/Target/usbd_conf.o

.debug_abbrev   0x0000000000000000     0x36ad
 .debug_abbrev  0x0000000000000000      0x21f ./Core/Src/Drivers/BMI088.o
 .debug_abbrev  0x000000000000021f      0x1f7 ./Core/Src/Drivers/BMP388.o
 .debug_abbrev  0x0000000000000416      0x280 ./Core/Src/main.o
 .debug_abbrev  0x0000000000000696      0x1a7 ./Core/Src/stm32l4xx_hal_msp.o
 .debug_abbrev  0x000000000000083d      0x1a4 ./Core/Src/stm32l4xx_it.o
 .debug_abbrev  0x00000000000009e1      0x11a ./Core/Src/system_stm32l4xx.o
 .debug_abbrev  0x0000000000000afb       0x12 ./Core/Startup/startup_stm32l476vetx.o
 .debug_abbrev  0x0000000000000b0d      0x242 ./Drivers/STM32L4xx_HAL_Driver/Src/stm32l4xx_hal.o
 .debug_abbrev  0x0000000000000d4f      0x327 ./Drivers/STM32L4xx_HAL_Driver/Src/stm32l4xx_hal_cortex.o
 .debug_abbrev  0x0000000000001076      0x1cb ./Drivers/STM32L4xx_HAL_Driver/Src/stm32l4xx_hal_gpio.o
 .debug_abbrev  0x0000000000001241      0x2cf ./Drivers/STM32L4xx_HAL_Driver/Src/stm32l4xx_hal_pcd.o
 .debug_abbrev  0x0000000000001510      0x256 ./Drivers/STM32L4xx_HAL_Driver/Src/stm32l4xx_hal_pcd_ex.o
 .debug_abbrev  0x0000000000001766      0x1f9 ./Drivers/STM32L4xx_HAL_Driver/Src/stm32l4xx_hal_pwr_ex.o
 .debug_abbrev  0x000000000000195f      0x2cb ./Drivers/STM32L4xx_HAL_Driver/Src/stm32l4xx_hal_rcc.o
 .debug_abbrev  0x0000000000001c2a      0x2a6 ./Drivers/STM32L4xx_HAL_Driver/Src/stm32l4xx_hal_rcc_ex.o
 .debug_abbrev  0x0000000000001ed0      0x26a ./Drivers/STM32L4xx_HAL_Driver/Src/stm32l4xx_hal_spi.o
 .debug_abbrev  0x000000000000213a      0x2b3 ./Drivers/STM32L4xx_HAL_Driver/Src/stm32l4xx_ll_usb.o
 .debug_abbrev  0x00000000000023ed      0x2d2 ./Middlewares/ST/STM32_USB_Device_Library/Class/CDC/Src/usbd_cdc.o
 .debug_abbrev  0x00000000000026bf      0x27c ./Middlewares/ST/STM32_USB_Device_Library/Core/Src/usbd_core.o
 .debug_abbrev  0x000000000000293b      0x26f ./Middlewares/ST/STM32_USB_Device_Library/Core/Src/usbd_ctlreq.o
 .debug_abbrev  0x0000000000002baa      0x19a ./Middlewares/ST/STM32_USB_Device_Library/Core/Src/usbd_ioreq.o
 .debug_abbrev  0x0000000000002d44      0x195 ./USB_DEVICE/App/usb_device.o
 .debug_abbrev  0x0000000000002ed9      0x29d ./USB_DEVICE/App/usbd_cdc_if.o
 .debug_abbrev  0x0000000000003176      0x1e3 ./USB_DEVICE/App/usbd_desc.o
 .debug_abbrev  0x0000000000003359      0x354 ./USB_DEVICE/Target/usbd_conf.o

.debug_aranges  0x0000000000000000     0x1088
 .debug_aranges
                0x0000000000000000       0x70 ./Core/Src/Drivers/BMI088.o
 .debug_aranges
                0x0000000000000070       0x60 ./Core/Src/Drivers/BMP388.o
 .debug_aranges
                0x00000000000000d0       0x40 ./Core/Src/main.o
 .debug_aranges
                0x0000000000000110       0x30 ./Core/Src/stm32l4xx_hal_msp.o
 .debug_aranges
                0x0000000000000140       0x68 ./Core/Src/stm32l4xx_it.o
 .debug_aranges
                0x00000000000001a8       0x28 ./Core/Src/system_stm32l4xx.o
 .debug_aranges
                0x00000000000001d0       0x28 ./Core/Startup/startup_stm32l476vetx.o
 .debug_aranges
                0x00000000000001f8      0x130 ./Drivers/STM32L4xx_HAL_Driver/Src/stm32l4xx_hal.o
 .debug_aranges
                0x0000000000000328      0x118 ./Drivers/STM32L4xx_HAL_Driver/Src/stm32l4xx_hal_cortex.o
 .debug_aranges
                0x0000000000000440       0x58 ./Drivers/STM32L4xx_HAL_Driver/Src/stm32l4xx_hal_gpio.o
 .debug_aranges
                0x0000000000000498      0x138 ./Drivers/STM32L4xx_HAL_Driver/Src/stm32l4xx_hal_pcd.o
 .debug_aranges
                0x00000000000005d0       0x60 ./Drivers/STM32L4xx_HAL_Driver/Src/stm32l4xx_hal_pcd_ex.o
 .debug_aranges
                0x0000000000000630      0x160 ./Drivers/STM32L4xx_HAL_Driver/Src/stm32l4xx_hal_pwr_ex.o
 .debug_aranges
                0x0000000000000790       0x90 ./Drivers/STM32L4xx_HAL_Driver/Src/stm32l4xx_hal_rcc.o
 .debug_aranges
                0x0000000000000820       0xc0 ./Drivers/STM32L4xx_HAL_Driver/Src/stm32l4xx_hal_rcc_ex.o
 .debug_aranges
                0x00000000000008e0      0x1d8 ./Drivers/STM32L4xx_HAL_Driver/Src/stm32l4xx_hal_spi.o
 .debug_aranges
                0x0000000000000ab8      0x1a0 ./Drivers/STM32L4xx_HAL_Driver/Src/stm32l4xx_ll_usb.o
 .debug_aranges
                0x0000000000000c58       0x90 ./Middlewares/ST/STM32_USB_Device_Library/Class/CDC/Src/usbd_cdc.o
 .debug_aranges
                0x0000000000000ce8       0xd8 ./Middlewares/ST/STM32_USB_Device_Library/Core/Src/usbd_core.o
 .debug_aranges
                0x0000000000000dc0       0x90 ./Middlewares/ST/STM32_USB_Device_Library/Core/Src/usbd_ctlreq.o
 .debug_aranges
                0x0000000000000e50       0x50 ./Middlewares/ST/STM32_USB_Device_Library/Core/Src/usbd_ioreq.o
 .debug_aranges
                0x0000000000000ea0       0x20 ./USB_DEVICE/App/usb_device.o
 .debug_aranges
                0x0000000000000ec0       0x48 ./USB_DEVICE/App/usbd_cdc_if.o
 .debug_aranges
                0x0000000000000f08       0x68 ./USB_DEVICE/App/usbd_desc.o
 .debug_aranges
                0x0000000000000f70      0x118 ./USB_DEVICE/Target/usbd_conf.o

.debug_rnglists
                0x0000000000000000      0xc5d
 .debug_rnglists
                0x0000000000000000       0x54 ./Core/Src/Drivers/BMI088.o
 .debug_rnglists
                0x0000000000000054       0x48 ./Core/Src/Drivers/BMP388.o
 .debug_rnglists
                0x000000000000009c       0x2e ./Core/Src/main.o
 .debug_rnglists
                0x00000000000000ca       0x20 ./Core/Src/stm32l4xx_hal_msp.o
 .debug_rnglists
                0x00000000000000ea       0x49 ./Core/Src/stm32l4xx_it.o
 .debug_rnglists
                0x0000000000000133       0x1a ./Core/Src/system_stm32l4xx.o
 .debug_rnglists
                0x000000000000014d       0x19 ./Core/Startup/startup_stm32l476vetx.o
 .debug_rnglists
                0x0000000000000166       0xdf ./Drivers/STM32L4xx_HAL_Driver/Src/stm32l4xx_hal.o
 .debug_rnglists
                0x0000000000000245       0xce ./Drivers/STM32L4xx_HAL_Driver/Src/stm32l4xx_hal_cortex.o
 .debug_rnglists
                0x0000000000000313       0x3f ./Drivers/STM32L4xx_HAL_Driver/Src/stm32l4xx_hal_gpio.o
 .debug_rnglists
                0x0000000000000352       0xed ./Drivers/STM32L4xx_HAL_Driver/Src/stm32l4xx_hal_pcd.o
 .debug_rnglists
                0x000000000000043f       0x45 ./Drivers/STM32L4xx_HAL_Driver/Src/stm32l4xx_hal_pcd_ex.o
 .debug_rnglists
                0x0000000000000484      0x109 ./Drivers/STM32L4xx_HAL_Driver/Src/stm32l4xx_hal_pwr_ex.o
 .debug_rnglists
                0x000000000000058d       0x6d ./Drivers/STM32L4xx_HAL_Driver/Src/stm32l4xx_hal_rcc.o
 .debug_rnglists
                0x00000000000005fa       0x95 ./Drivers/STM32L4xx_HAL_Driver/Src/stm32l4xx_hal_rcc_ex.o
 .debug_rnglists
                0x000000000000068f      0x178 ./Drivers/STM32L4xx_HAL_Driver/Src/stm32l4xx_hal_spi.o
 .debug_rnglists
                0x0000000000000807      0x146 ./Drivers/STM32L4xx_HAL_Driver/Src/stm32l4xx_ll_usb.o
 .debug_rnglists
                0x000000000000094d       0x6c ./Middlewares/ST/STM32_USB_Device_Library/Class/CDC/Src/usbd_cdc.o
 .debug_rnglists
                0x00000000000009b9       0xa1 ./Middlewares/ST/STM32_USB_Device_Library/Core/Src/usbd_core.o
 .debug_rnglists
                0x0000000000000a5a       0x6e ./Middlewares/ST/STM32_USB_Device_Library/Core/Src/usbd_ctlreq.o
 .debug_rnglists
                0x0000000000000ac8       0x37 ./Middlewares/ST/STM32_USB_Device_Library/Core/Src/usbd_ioreq.o
 .debug_rnglists
                0x0000000000000aff       0x13 ./USB_DEVICE/App/usb_device.o
 .debug_rnglists
                0x0000000000000b12       0x32 ./USB_DEVICE/App/usbd_cdc_if.o
 .debug_rnglists
                0x0000000000000b44       0x49 ./USB_DEVICE/App/usbd_desc.o
 .debug_rnglists
                0x0000000000000b8d       0xd0 ./USB_DEVICE/Target/usbd_conf.o

.debug_macro    0x0000000000000000     0x5072
 .debug_macro   0x0000000000000000      0x1e0 ./Core/Src/Drivers/BMI088.o
 .debug_macro   0x00000000000001e0       0x70 ./Core/Src/Drivers/BMI088.o
 .debug_macro   0x0000000000000250      0x1e0 ./Core/Src/Drivers/BMP388.o
 .debug_macro   0x0000000000000430       0x40 ./Core/Src/Drivers/BMP388.o
 .debug_macro   0x0000000000000470      0x3a0 ./Core/Src/main.o
 .debug_macro   0x0000000000000810      0x100 ./Core/Src/main.o
 .debug_macro   0x0000000000000910       0x61 ./Core/Src/main.o
 .debug_macro   0x0000000000000971       0x2a ./Core/Src/main.o
 .debug_macro   0x000000000000099b       0x43 ./Core/Src/main.o
 .debug_macro   0x00000000000009de       0x34 ./Core/Src/main.o
 .debug_macro   0x0000000000000a12       0x16 ./Core/Src/main.o
 .debug_macro   0x0000000000000a28       0x35 ./Core/Src/main.o
 .debug_macro   0x0000000000000a5d      0x369 ./Core/Src/main.o
 .debug_macro   0x0000000000000dc6       0x10 ./Core/Src/main.o
 .debug_macro   0x0000000000000dd6       0x16 ./Core/Src/main.o
 .debug_macro   0x0000000000000dec       0x43 ./Core/Src/main.o
 .debug_macro   0x0000000000000e2f       0x34 ./Core/Src/main.o
 .debug_macro   0x0000000000000e63       0x10 ./Core/Src/main.o
 .debug_macro   0x0000000000000e73       0x58 ./Core/Src/main.o
 .debug_macro   0x0000000000000ecb       0x8e ./Core/Src/main.o
 .debug_macro   0x0000000000000f59       0x1c ./Core/Src/main.o
 .debug_macro   0x0000000000000f75      0x177 ./Core/Src/main.o
 .debug_macro   0x00000000000010ec       0x16 ./Core/Src/main.o
 .debug_macro   0x0000000000001102       0x16 ./Core/Src/main.o
 .debug_macro   0x0000000000001118      0x147 ./Core/Src/main.o
 .debug_macro   0x000000000000125f       0x16 ./Core/Src/main.o
 .debug_macro   0x0000000000001275       0x16 ./Core/Src/main.o
 .debug_macro   0x000000000000128b       0x29 ./Core/Src/main.o
 .debug_macro   0x00000000000012b4       0x16 ./Core/Src/main.o
 .debug_macro   0x00000000000012ca       0x20 ./Core/Src/main.o
 .debug_macro   0x00000000000012ea       0x5f ./Core/Src/main.o
 .debug_macro   0x0000000000001349      0x20f ./Core/Src/main.o
 .debug_macro   0x0000000000001558       0x95 ./Core/Src/main.o
 .debug_macro   0x00000000000015ed       0x10 ./Core/Src/main.o
 .debug_macro   0x00000000000015fd       0x76 ./Core/Src/main.o
 .debug_macro   0x0000000000001673       0x46 ./Core/Src/main.o
 .debug_macro   0x00000000000016b9      0x1e0 ./Core/Src/stm32l4xx_hal_msp.o
 .debug_macro   0x0000000000001899      0x1ea ./Core/Src/stm32l4xx_it.o
 .debug_macro   0x0000000000001a83      0x1d1 ./Core/Src/system_stm32l4xx.o
 .debug_macro   0x0000000000001c54      0x21f ./Drivers/STM32L4xx_HAL_Driver/Src/stm32l4xx_hal.o
 .debug_macro   0x0000000000001e73      0x1d1 ./Drivers/STM32L4xx_HAL_Driver/Src/stm32l4xx_hal_cortex.o
 .debug_macro   0x0000000000002044      0x1d8 ./Drivers/STM32L4xx_HAL_Driver/Src/stm32l4xx_hal_gpio.o
 .debug_macro   0x000000000000221c      0x1dd ./Drivers/STM32L4xx_HAL_Driver/Src/stm32l4xx_hal_pcd.o
 .debug_macro   0x00000000000023f9      0x1d1 ./Drivers/STM32L4xx_HAL_Driver/Src/stm32l4xx_hal_pcd_ex.o
 .debug_macro   0x00000000000025ca      0x1f5 ./Drivers/STM32L4xx_HAL_Driver/Src/stm32l4xx_hal_pwr_ex.o
 .debug_macro   0x00000000000027bf      0x213 ./Drivers/STM32L4xx_HAL_Driver/Src/stm32l4xx_hal_rcc.o
 .debug_macro   0x00000000000029d2      0x207 ./Drivers/STM32L4xx_HAL_Driver/Src/stm32l4xx_hal_rcc_ex.o
 .debug_macro   0x0000000000002bd9      0x1d9 ./Drivers/STM32L4xx_HAL_Driver/Src/stm32l4xx_hal_spi.o
 .debug_macro   0x0000000000002db2      0x1d1 ./Drivers/STM32L4xx_HAL_Driver/Src/stm32l4xx_ll_usb.o
 .debug_macro   0x0000000000002f83      0x36f ./Middlewares/ST/STM32_USB_Device_Library/Class/CDC/Src/usbd_cdc.o
 .debug_macro   0x00000000000032f2       0x97 ./Middlewares/ST/STM32_USB_Device_Library/Class/CDC/Src/usbd_cdc.o
 .debug_macro   0x0000000000003389       0xfd ./Middlewares/ST/STM32_USB_Device_Library/Class/CDC/Src/usbd_cdc.o
 .debug_macro   0x0000000000003486       0x56 ./Middlewares/ST/STM32_USB_Device_Library/Class/CDC/Src/usbd_cdc.o
 .debug_macro   0x00000000000034dc      0x356 ./Middlewares/ST/STM32_USB_Device_Library/Core/Src/usbd_core.o
 .debug_macro   0x0000000000003832      0x215 ./Middlewares/ST/STM32_USB_Device_Library/Core/Src/usbd_core.o
 .debug_macro   0x0000000000003a47      0x360 ./Middlewares/ST/STM32_USB_Device_Library/Core/Src/usbd_ctlreq.o
 .debug_macro   0x0000000000003da7      0x35c ./Middlewares/ST/STM32_USB_Device_Library/Core/Src/usbd_ioreq.o
 .debug_macro   0x0000000000004103      0x38f ./USB_DEVICE/App/usb_device.o
 .debug_macro   0x0000000000004492      0x106 ./USB_DEVICE/App/usb_device.o
 .debug_macro   0x0000000000004598       0x22 ./USB_DEVICE/App/usb_device.o
 .debug_macro   0x00000000000045ba       0x16 ./USB_DEVICE/App/usb_device.o
 .debug_macro   0x00000000000045d0      0x37a ./USB_DEVICE/App/usbd_cdc_if.o
 .debug_macro   0x000000000000494a      0x399 ./USB_DEVICE/App/usbd_desc.o
 .debug_macro   0x0000000000004ce3       0x1c ./USB_DEVICE/App/usbd_desc.o
 .debug_macro   0x0000000000004cff      0x373 ./USB_DEVICE/Target/usbd_conf.o

.debug_line     0x0000000000000000    0x1467e
 .debug_line    0x0000000000000000      0xaa2 ./Core/Src/Drivers/BMI088.o
 .debug_line    0x0000000000000aa2      0xaab ./Core/Src/Drivers/BMP388.o
 .debug_line    0x000000000000154d      0xb18 ./Core/Src/main.o
 .debug_line    0x0000000000002065      0x746 ./Core/Src/stm32l4xx_hal_msp.o
 .debug_line    0x00000000000027ab      0x7d3 ./Core/Src/stm32l4xx_it.o
 .debug_line    0x0000000000002f7e      0x790 ./Core/Src/system_stm32l4xx.o
 .debug_line    0x000000000000370e       0x7a ./Core/Startup/startup_stm32l476vetx.o
 .debug_line    0x0000000000003788      0xae8 ./Drivers/STM32L4xx_HAL_Driver/Src/stm32l4xx_hal.o
 .debug_line    0x0000000000004270      0xc8f ./Drivers/STM32L4xx_HAL_Driver/Src/stm32l4xx_hal_cortex.o
 .debug_line    0x0000000000004eff      0xb5c ./Drivers/STM32L4xx_HAL_Driver/Src/stm32l4xx_hal_gpio.o
 .debug_line    0x0000000000005a5b     0x12f6 ./Drivers/STM32L4xx_HAL_Driver/Src/stm32l4xx_hal_pcd.o
 .debug_line    0x0000000000006d51      0x8c8 ./Drivers/STM32L4xx_HAL_Driver/Src/stm32l4xx_hal_pcd_ex.o
 .debug_line    0x0000000000007619      0xce0 ./Drivers/STM32L4xx_HAL_Driver/Src/stm32l4xx_hal_pwr_ex.o
 .debug_line    0x00000000000082f9      0xf5f ./Drivers/STM32L4xx_HAL_Driver/Src/stm32l4xx_hal_rcc.o
 .debug_line    0x0000000000009258     0x14d9 ./Drivers/STM32L4xx_HAL_Driver/Src/stm32l4xx_hal_rcc_ex.o
 .debug_line    0x000000000000a731     0x1f55 ./Drivers/STM32L4xx_HAL_Driver/Src/stm32l4xx_hal_spi.o
 .debug_line    0x000000000000c686     0x1936 ./Drivers/STM32L4xx_HAL_Driver/Src/stm32l4xx_ll_usb.o
 .debug_line    0x000000000000dfbc      0xe82 ./Middlewares/ST/STM32_USB_Device_Library/Class/CDC/Src/usbd_cdc.o
 .debug_line    0x000000000000ee3e      0xeff ./Middlewares/ST/STM32_USB_Device_Library/Core/Src/usbd_core.o
 .debug_line    0x000000000000fd3d     0x1107 ./Middlewares/ST/STM32_USB_Device_Library/Core/Src/usbd_ctlreq.o
 .debug_line    0x0000000000010e44      0xa16 ./Middlewares/ST/STM32_USB_Device_Library/Core/Src/usbd_ioreq.o
 .debug_line    0x000000000001185a      0x9d2 ./USB_DEVICE/App/usb_device.o
 .debug_line    0x000000000001222c      0xa35 ./USB_DEVICE/App/usbd_cdc_if.o
 .debug_line    0x0000000000012c61      0xab6 ./USB_DEVICE/App/usbd_desc.o
 .debug_line    0x0000000000013717      0xf67 ./USB_DEVICE/Target/usbd_conf.o

.debug_str      0x0000000000000000    0xe8dd9
 .debug_str     0x0000000000000000    0xdf4e0 ./Core/Src/Drivers/BMI088.o
                                      0xdf81b (size before relaxing)
 .debug_str     0x00000000000df4e0      0x2bb ./Core/Src/Drivers/BMP388.o
                                      0xdf784 (size before relaxing)
 .debug_str     0x00000000000df79b     0x4eba ./Core/Src/main.o
                                      0xe4742 (size before relaxing)
 .debug_str     0x00000000000e4655       0x63 ./Core/Src/stm32l4xx_hal_msp.o
                                      0xdfa8d (size before relaxing)
 .debug_str     0x00000000000e46b8      0x4ab ./Core/Src/stm32l4xx_it.o
                                      0xdf9a4 (size before relaxing)
 .debug_str     0x00000000000e4b63       0xf2 ./Core/Src/system_stm32l4xx.o
                                      0xdf1aa (size before relaxing)
 .debug_str     0x00000000000e4c55       0x34 ./Core/Startup/startup_stm32l476vetx.o
                                         0x7b (size before relaxing)
 .debug_str     0x00000000000e4c89      0xa94 ./Drivers/STM32L4xx_HAL_Driver/Src/stm32l4xx_hal.o
                                      0xdfd3d (size before relaxing)
 .debug_str     0x00000000000e571d      0x344 ./Drivers/STM32L4xx_HAL_Driver/Src/stm32l4xx_hal_cortex.o
                                      0xdf9f1 (size before relaxing)
 .debug_str     0x00000000000e5a61      0x123 ./Drivers/STM32L4xx_HAL_Driver/Src/stm32l4xx_hal_gpio.o
                                      0xdf323 (size before relaxing)
 .debug_str     0x00000000000e5b84      0x80a ./Drivers/STM32L4xx_HAL_Driver/Src/stm32l4xx_hal_pcd.o
                                      0xdfc2b (size before relaxing)
 .debug_str     0x00000000000e638e      0x174 ./Drivers/STM32L4xx_HAL_Driver/Src/stm32l4xx_hal_pcd_ex.o
                                      0xdf5f9 (size before relaxing)
 .debug_str     0x00000000000e6502      0x4e3 ./Drivers/STM32L4xx_HAL_Driver/Src/stm32l4xx_hal_pwr_ex.o
                                      0xdf705 (size before relaxing)
 .debug_str     0x00000000000e69e5      0x398 ./Drivers/STM32L4xx_HAL_Driver/Src/stm32l4xx_hal_rcc.o
                                      0xdf7f0 (size before relaxing)
 .debug_str     0x00000000000e6d7d      0x633 ./Drivers/STM32L4xx_HAL_Driver/Src/stm32l4xx_hal_rcc_ex.o
                                      0xdf969 (size before relaxing)
 .debug_str     0x00000000000e73b0      0x561 ./Drivers/STM32L4xx_HAL_Driver/Src/stm32l4xx_hal_spi.o
                                      0xdf9cb (size before relaxing)
 .debug_str     0x00000000000e7911      0x478 ./Drivers/STM32L4xx_HAL_Driver/Src/stm32l4xx_ll_usb.o
                                      0xdfb03 (size before relaxing)
 .debug_str     0x00000000000e7d89      0x6f9 ./Middlewares/ST/STM32_USB_Device_Library/Class/CDC/Src/usbd_cdc.o
                                      0xe46a7 (size before relaxing)
 .debug_str     0x00000000000e8482      0x356 ./Middlewares/ST/STM32_USB_Device_Library/Core/Src/usbd_core.o
                                      0xe3fb5 (size before relaxing)
 .debug_str     0x00000000000e87d8      0x139 ./Middlewares/ST/STM32_USB_Device_Library/Core/Src/usbd_ctlreq.o
                                      0xe3de0 (size before relaxing)
 .debug_str     0x00000000000e8911       0x51 ./Middlewares/ST/STM32_USB_Device_Library/Core/Src/usbd_ioreq.o
                                      0xe3cb5 (size before relaxing)
 .debug_str     0x00000000000e8962       0xc6 ./USB_DEVICE/App/usb_device.o
                                      0xe4068 (size before relaxing)
 .debug_str     0x00000000000e8a28       0xa1 ./USB_DEVICE/App/usbd_cdc_if.o
                                      0xe40a8 (size before relaxing)
 .debug_str     0x00000000000e8ac9      0x298 ./USB_DEVICE/App/usbd_desc.o
                                      0xe3bdf (size before relaxing)
 .debug_str     0x00000000000e8d61       0x78 ./USB_DEVICE/Target/usbd_conf.o
                                      0xe527d (size before relaxing)

.debug_frame    0x0000000000000000     0x4254
 .debug_frame   0x0000000000000000      0x1a8 ./Core/Src/Drivers/BMI088.o
 .debug_frame   0x00000000000001a8      0x164 ./Core/Src/Drivers/BMP388.o
 .debug_frame   0x000000000000030c       0xb0 ./Core/Src/main.o
 .debug_frame   0x00000000000003bc       0x80 ./Core/Src/stm32l4xx_hal_msp.o
 .debug_frame   0x000000000000043c      0x120 ./Core/Src/stm32l4xx_it.o
 .debug_frame   0x000000000000055c       0x58 ./Core/Src/system_stm32l4xx.o
 .debug_frame   0x00000000000005b4      0x498 ./Drivers/STM32L4xx_HAL_Driver/Src/stm32l4xx_hal.o
 .debug_frame   0x0000000000000a4c      0x498 ./Drivers/STM32L4xx_HAL_Driver/Src/stm32l4xx_hal_cortex.o
 .debug_frame   0x0000000000000ee4      0x14c ./Drivers/STM32L4xx_HAL_Driver/Src/stm32l4xx_hal_gpio.o
 .debug_frame   0x0000000000001030      0x568 ./Drivers/STM32L4xx_HAL_Driver/Src/stm32l4xx_hal_pcd.o