Archive member included to satisfy reference by file (symbol)

/Applications/STM32CubeIDE.app/Contents/Eclipse/plugins/com.st.stm32cube.ide.mcu.externaltools.gnu-tools-for-stm32.11.3.rel1.macos64_1.1.1.202309131626/tools/bin/../lib/gcc/arm-none-eabi/11.3.1/../../../../arm-none-eabi/lib/thumb/v7e-m+fp/hard/libc_nano.a(libc_a-exit.o)
                              /Applications/STM32CubeIDE.app/Contents/Eclipse/plugins/com.st.stm32cube.ide.mcu.externaltools.gnu-tools-for-stm32.11.3.rel1.macos64_1.1.1.202309131626/tools/bin/../lib/gcc/arm-none-eabi/11.3.1/../../../../arm-none-eabi/lib/thumb/v7e-m+fp/hard/crt0.o (exit)
/Applications/STM32CubeIDE.app/Contents/Eclipse/plugins/com.st.stm32cube.ide.mcu.externaltools.gnu-tools-for-stm32.11.3.rel1.macos64_1.1.1.202309131626/tools/bin/../lib/gcc/arm-none-eabi/11.3.1/../../../../arm-none-eabi/lib/thumb/v7e-m+fp/hard/libc_nano.a(libc_a-findfp.o)
                              /Applications/STM32CubeIDE.app/Contents/Eclipse/plugins/com.st.stm32cube.ide.mcu.externaltools.gnu-tools-for-stm32.11.3.rel1.macos64_1.1.1.202309131626/tools/bin/../lib/gcc/arm-none-eabi/11.3.1/../../../../arm-none-eabi/lib/thumb/v7e-m+fp/hard/libc_nano.a(libc_a-exit.o) (__stdio_exit_handler)
/Applications/STM32CubeIDE.app/Contents/Eclipse/plugins/com.st.stm32cube.ide.mcu.externaltools.gnu-tools-for-stm32.11.3.rel1.macos64_1.1.1.202309131626/tools/bin/../lib/gcc/arm-none-eabi/11.3.1/../../../../arm-none-eabi/lib/thumb/v7e-m+fp/hard/libc_nano.a(libc_a-fwalk.o)
                              /Applications/STM32CubeIDE.app/Contents/Eclipse/plugins/com.st.stm32cube.ide.mcu.externaltools.gnu-tools-for-stm32.11.3.rel1.macos64_1.1.1.202309131626/tools/bin/../lib/gcc/arm-none-eabi/11.3.1/../../../../arm-none-eabi/lib/thumb/v7e-m+fp/hard/libc_nano.a(libc_a-findfp.o) (_fwalk_sglue)
/Applications/STM32CubeIDE.app/Contents/Eclipse/plugins/com.st.stm32cube.ide.mcu.externaltools.gnu-tools-for-stm32.11.3.rel1.macos64_1.1.1.202309131626/tools/bin/../lib/gcc/arm-none-eabi/11.3.1/../../../../arm-none-eabi/lib/thumb/v7e-m+fp/hard/libc_nano.a(libc_a-memset.o)
                              /Applications/STM32CubeIDE.app/Contents/Eclipse/plugins/com.st.stm32cube.ide.mcu.externaltools.gnu-tools-for-stm32.11.3.rel1.macos64_1.1.1.202309131626/tools/bin/../lib/gcc/arm-none-eabi/11.3.1/../../../../arm-none-eabi/lib/thumb/v7e-m+fp/hard/crt0.o (memset)
/Applications/STM32CubeIDE.app/Contents/Eclipse/plugins/com.st.stm32cube.ide.mcu.externaltools.gnu-tools-for-stm32.11.3.rel1.macos64_1.1.1.202309131626/tools/bin/../lib/gcc/arm-none-eabi/11.3.1/../../../../arm-none-eabi/lib/thumb/v7e-m+fp/hard/libc_nano.a(libc_a-impure.o)
                              /Applications/STM32CubeIDE.app/Contents/Eclipse/plugins/com.st.stm32cube.ide.mcu.externaltools.gnu-tools-for-stm32.11.3.rel1.macos64_1.1.1.202309131626/tools/bin/../lib/gcc/arm-none-eabi/11.3.1/../../../../arm-none-eabi/lib/thumb/v7e-m+fp/hard/libc_nano.a(libc_a-findfp.o) (_impure_data)
/Applications/STM32CubeIDE.app/Contents/Eclipse/plugins/com.st.stm32cube.ide.mcu.externaltools.gnu-tools-for-stm32.11.3.rel1.macos64_1.1.1.202309131626/tools/bin/../lib/gcc/arm-none-eabi/11.3.1/../../../../arm-none-eabi/lib/thumb/v7e-m+fp/hard/libc_nano.a(libc_a-errno.o)
                              ./Core/Src/syscalls.o (__errno)
/Applications/STM32CubeIDE.app/Contents/Eclipse/plugins/com.st.stm32cube.ide.mcu.externaltools.gnu-tools-for-stm32.11.3.rel1.macos64_1.1.1.202309131626/tools/bin/../lib/gcc/arm-none-eabi/11.3.1/../../../../arm-none-eabi/lib/thumb/v7e-m+fp/hard/libc_nano.a(libc_a-init.o)
                              /Applications/STM32CubeIDE.app/Contents/Eclipse/plugins/com.st.stm32cube.ide.mcu.externaltools.gnu-tools-for-stm32.11.3.rel1.macos64_1.1.1.202309131626/tools/bin/../lib/gcc/arm-none-eabi/11.3.1/../../../../arm-none-eabi/lib/thumb/v7e-m+fp/hard/crt0.o (__libc_init_array)
/Applications/STM32CubeIDE.app/Contents/Eclipse/plugins/com.st.stm32cube.ide.mcu.externaltools.gnu-tools-for-stm32.11.3.rel1.macos64_1.1.1.202309131626/tools/bin/../lib/gcc/arm-none-eabi/11.3.1/../../../../arm-none-eabi/lib/thumb/v7e-m+fp/hard/libc_nano.a(libc_a-lock.o)
                              /Applications/STM32CubeIDE.app/Contents/Eclipse/plugins/com.st.stm32cube.ide.mcu.externaltools.gnu-tools-for-stm32.11.3.rel1.macos64_1.1.1.202309131626/tools/bin/../lib/gcc/arm-none-eabi/11.3.1/../../../../arm-none-eabi/lib/thumb/v7e-m+fp/hard/libc_nano.a(libc_a-findfp.o) (__retarget_lock_init_recursive)
/Applications/STM32CubeIDE.app/Contents/Eclipse/plugins/com.st.stm32cube.ide.mcu.externaltools.gnu-tools-for-stm32.11.3.rel1.macos64_1.1.1.202309131626/tools/bin/../lib/gcc/arm-none-eabi/11.3.1/../../../../arm-none-eabi/lib/thumb/v7e-m+fp/hard/libc_nano.a(libc_a-mallocr.o)
[...]
Memory Configuration

Name             Origin             Length             Attributes
RAM              0x0000000020000000 0x0000000000018000 xrw
RAM2             0x0000000010000000 0x0000000000008000 xrw
FLASH            0x0000000008000000 0x0000000000080000 xr
*default*        0x0000000000000000 0xffffffffffffffff

Linker script and memory map

LOAD /Applications/STM32CubeIDE.app/Contents/Eclipse/plugins/com.st.stm32cube.ide.mcu.externaltools.gnu-tools-for-stm32.11.3.rel1.macos64_1.1.1.202309131626/tools/bin/../lib/gcc/arm-none-eabi/11.3.1/thumb/v7e-m+fp/hard/crti.o
LOAD /Applications/STM32CubeIDE.app/Contents/Eclipse/plugins/com.st.stm32cube.ide.mcu.externaltools.gnu-tools-for-stm32.11.3.rel1.macos64_1.1.1.202309131626/tools/bin/../lib/gcc/arm-none-eabi/11.3.1/thumb/v7e-m+fp/hard/crtbegin.o
LOAD /Applications/STM32CubeIDE.app/Contents/Eclipse/plugins/com.st.stm32cube.ide.mcu.externaltools.gnu-tools-for-stm32.11.3.rel1.macos64_1.1.1.202309131626/tools/bin/../lib/gcc/arm-none-eabi/11.3.1/../../../../arm-none-eabi/lib/thumb/v7e-m+fp/hard/crt0.o
LOAD ./Core/Src/Drivers/ADXL375.o
LOAD ./Core/Src/Drivers/BMI088.o
LOAD ./Core/Src/Drivers/BMP388.o
LOAD ./Core/Src/main.o
LOAD ./Core/Src/stm32l4xx_hal_msp.o
LOAD ./Core/Src/stm32l4xx_it.o
LOAD ./Core/Src/syscalls.o
LOAD ./Core/Src/sysmem.o
LOAD ./Core/Src/system_stm32l4xx.o
LOAD ./Core/Startup/startup_stm32l476vetx.o
LOAD ./Drivers/STM32L4xx_HAL_Driver/Src/stm32l4xx_hal.o
LOAD ./Drivers/STM32L4xx_HAL_Driver/Src/stm32l4xx_hal_cortex.o
LOAD ./Drivers/STM32L4xx_HAL_Driver/Src/stm32l4xx_hal_dma.o
LOAD ./Drivers/STM32L4xx_HAL_Driver/Src/stm32l4xx_hal_dma_ex.o
LOAD ./Drivers/STM32L4xx_HAL_Driver/Src/stm32l4xx_hal_exti.o
LOAD ./Drivers/STM32L4xx_HAL_Driver/Src/stm32l4xx_hal_flash.o
LOAD ./Drivers/STM32L4xx_HAL_Driver/Src/stm32l4xx_hal_flash_ex.o
LOAD ./Drivers/STM32L4xx_HAL_Driver/Src/stm32l4xx_hal_flash_ramfunc.o
LOAD ./Drivers/STM32L4xx_HAL_Driver/Src/stm32l4xx_hal_gpio.o
LOAD ./Drivers/STM32L4xx_HAL_Driver/Src/stm32l4xx_hal_pcd.o
LOAD ./Drivers/STM32L4xx_HAL_Driver/Src/stm32l4xx_hal_pcd_ex.o
LOAD ./Drivers/STM32L4xx_HAL_Driver/Src/stm32l4xx_hal_pwr.o
LOAD ./Drivers/STM32L4xx_HAL_Driver/Src/stm32l4xx_hal_pwr_ex.o
LOAD ./Drivers/STM32L4xx_HAL_Driver/Src/stm32l4xx_hal_rcc.o
LOAD ./Drivers/STM32L4xx_HAL_Driver/Src/stm32l4xx_hal_rcc_ex.o
LOAD ./Drivers/STM32L4xx_HAL_Driver/Src/stm32l4xx_hal_spi.o
LOAD ./Drivers/STM32L4xx_HAL_Driver/Src/stm32l4xx_hal_spi_ex.o
LOAD ./Drivers/STM32L4xx_HAL_Driver/Src/stm32l4xx_hal_tim.o
LOAD ./Drivers/STM32L4xx_HAL_Driver/Src/stm32l4xx_hal_tim_ex.o
LOAD ./Drivers/STM32L4xx_HAL_Driver/Src/stm32l4xx_ll_usb.o
LOAD ./Middlewares/ST/STM32_USB_Device_Library/Class/CDC/Src/usbd_cdc.o
LOAD ./Middlewares/ST/STM32_USB_Device_Library/Core/Src/usbd_core.o
LOAD ./Middlewares/ST/STM32_USB_Device_Library/Core/Src/usbd_ctlreq.o
LOAD ./Middlewares/ST/STM32_USB_Device_Library/Core/Src/usbd_ioreq.o
LOAD ./USB_DEVICE/App/usb_device.o
LOAD ./USB_DEVICE/App/usbd_cdc_if.o
LOAD ./USB_DEVICE/App/usbd_desc.o
LOAD ./USB_DEVICE/Target/usbd_conf.o
START GROUP
LOAD /Applications/STM32CubeIDE.app/Contents/Eclipse/plugins/com.st.stm32cube.ide.mcu.externaltools.gnu-tools-for-stm32.11.3.rel1.macos64_1.1.1.202309131626/tools/bin/../lib/gcc/arm-none-eabi/11.3.1/../../../../arm-none-eabi/lib/thumb/v7e-m+fp/hard/libc_nano.a
LOAD /Applications/STM32CubeIDE.app/Contents/Eclipse/plugins/com.st.stm32cube.ide.mcu.externaltools.gnu-tools-for-stm32.11.3.rel1.macos64_1.1.1.202309131626/tools/bin/../lib/gcc/arm-none-eabi/11.3.1/../../../../arm-none-eabi/lib/thumb/v7e-m+fp/hard/libm.a
END GROUP
START GROUP
LOAD /Applications/STM32CubeIDE.app/Contents/Eclipse/plugins/com.st.stm32cube.ide.mcu.externaltools.gnu-tools-for-stm32.11.3.rel1.macos64_1.1.1.202309131626/tools/bin/../lib/gcc/arm-none-eabi/11.3.1/thumb/v7e-m+fp/hard/libgcc.a
LOAD /Applications/STM32CubeIDE.app/Contents/Eclipse/plugins/com.st.stm32cube.ide.mcu.externaltools.gnu-tools-for-stm32.11.3.rel1.macos64_1.1.1.202309131626/tools/bin/../lib/gcc/arm-none-eabi/11.3.1/../../../../arm-none-eabi/lib/thumb/v7e-m+fp/hard/libc_nano.a
END GROUP
START GROUP
LOAD /Applications/STM32CubeIDE.app/Contents/Eclipse/plugins/com.st.stm32cube.ide.mcu.externaltools.gnu-tools-for-stm32.11.3.rel1.macos64_1.1.1.202309131626/tools/bin/../lib/gcc/arm-none-eabi/11.3.1/thumb/v7e-m+fp/hard/libgcc.a
LOAD /Applications/STM32CubeIDE.app/Contents/Eclipse/plugins/com.st.stm32cube.ide.mcu.externaltools.gnu-tools-for-stm32.11.3.rel1.macos64_1.1.1.202309131626/tools/bin/../lib/gcc/arm-none-eabi/11.3.1/../../../../arm-none-eabi/lib/thumb/v7e-m+fp/hard/libc_nano.a
LOAD /Applications/STM32CubeIDE.app/Contents/Eclipse/plugins/com.st.stm32cube.ide.mcu.externaltools.gnu-tools-for-stm32.11.3.rel1.macos64_1.1.1.202309131626/tools/bin/../lib/gcc/arm-none-eabi/11.3.1/../../../../arm-none-eabi/lib/thumb/v7e-m+fp/hard/libnosys.a
END GROUP
START GROUP
LOAD /Applications/STM32CubeIDE.app/Contents/Eclipse/plugins/com.st.stm32cube.ide.mcu.externaltools.gnu-tools-for-stm32.11.3.rel1.macos64_1.1.1.202309131626/tools/bin/../lib/gcc/arm-none-eabi/11.3.1/thumb/v7e-m+fp/hard/libgcc.a
LOAD /Applications/STM32CubeIDE.app/Contents/Eclipse/plugins/com.st.stm32cube.ide.mcu.externaltools.gnu-tools-for-stm32.11.3.rel1.macos64_1.1.1.202309131626/tools/bin/../lib/gcc/arm-none-eabi/11.3.1/../../../../arm-none-eabi/lib/thumb/v7e-m+fp/hard/libc_nano.a
LOAD /Applications/STM32CubeIDE.app/Contents/Eclipse/plugins/com.st.stm32cube.ide.mcu.externaltools.gnu-tools-for-stm32.11.3.rel1.macos64_1.1.1.202309131626/tools/bin/../lib/gcc/arm-none-eabi/11.3.1/../../../../arm-none-eabi/lib/thumb/v7e-m+fp/hard/libnosys.a
END GROUP
LOAD /Applications/STM32CubeIDE.app/Contents/Eclipse/plugins/com.st.stm32cube.ide.mcu.externaltools.gnu-tools-for-stm32.11.3.rel1.macos64_1.1.1.202309131626/tools/bin/../lib/gcc/arm-none-eabi/11.3.1/thumb/v7e-m+fp/hard/crtend.o
LOAD /Applications/STM32CubeIDE.app/Contents/Eclipse/plugins/com.st.stm32cube.ide.mcu.externaltools.gnu-tools-for-stm32.11.3.rel1.macos64_1.1.1.202309131626/tools/bin/../lib/gcc/arm-none-eabi/11.3.1/thumb/v7e-m+fp/hard/crtn.o
                0x0000000020018000                _estack = (ORIGIN (RAM) + LENGTH (RAM))
                0x0000000000000200                _Min_Heap_Size = 0x200
                0x0000000000000400                _Min_Stack_Size = 0x400

.isr_vector     0x0000000008000000      0x188
                0x0000000008000000                . = ALIGN (0x4)
 *(.isr_vector)
 .isr_vector    0x0000000008000000      0x188 ./Core/Startup/startup_stm32l476vetx.o
                0x0000000008000000                g_pfnVectors
                0x0000000008000188                . = ALIGN (0x4)

.text           0x0000000008000188     0x8a74
                0x0000000008000188                . = ALIGN (0x4)
 *(.text)
 .text          0x0000000008000188       0x40 /Applications/STM32CubeIDE.app/Contents/Eclipse/plugins/com.st.stm32cube.ide.mcu.externaltools.gnu-tools-for-stm32.11.3.rel1.macos64_1.1.1.202309131626/tools/bin/../lib/gcc/arm-none-eabi/11.3.1/thumb/v7e-m+fp/hard/crtbegin.o
 *(.text*)
 .text.ADXL375_Init
                0x00000000080001c8       0xf4 ./Core/Src/Drivers/ADXL375.o
                0x00000000080001c8                ADXL375_Init
 .text.ADXL375_ReadRegister
                0x00000000080002bc       0x78 ./Core/Src/Drivers/ADXL375.o
                0x00000000080002bc                ADXL375_ReadRegister
 .text.ADXL375_WriteRegister
                0x0000000008000334       0x74 ./Core/Src/Drivers/ADXL375.o
                0x0000000008000334                ADXL375_WriteRegister
 .text.ADXL375_Read
                0x00000000080003a8       0xf0 ./Core/Src/Drivers/ADXL375.o
                0x00000000080003a8                ADXL375_Read
 .text.BMI088_Init
                0x0000000008000498      0x248 ./Core/Src/Drivers/BMI088.o
                0x0000000008000498                BMI088_Init
 .text.BMI088_ReadAccRegister
                0x00000000080006e0       0x7c ./Core/Src/Drivers/BMI088.o
                0x00000000080006e0                BMI088_ReadAccRegister
 .text.BMI088_ReadGyrRegister
                0x000000000800075c       0x78 ./Core/Src/Drivers/BMI088.o
                0x000000000800075c                BMI088_ReadGyrRegister
 .text.BMI088_WriteAccRegister
                0x00000000080007d4       0x74 ./Core/Src/Drivers/BMI088.o
                0x00000000080007d4                BMI088_WriteAccRegister
 .text.BMI088_WriteGyrRegister
                0x0000000008000848       0x74 ./Core/Src/Drivers/BMI088.o
                0x0000000008000848                BMI088_WriteGyrRegister
 .text.BMI088_ReadAccelerometer
                0x00000000080008bc       0xe8 ./Core/Src/Drivers/BMI088.o
                0x00000000080008bc                BMI088_ReadAccelerometer
 .text.BMI088_ReadGyroscope
                0x00000000080009a4       0xf0 ./Core/Src/Drivers/BMI088.o
                0x00000000080009a4                BMI088_ReadGyroscope
 .text.main     0x0000000008000a94       0xac ./Core/Src/main.o
                0x0000000008000a94                main
 .text.SystemClock_Config
                0x0000000008000b40       0xa4 ./Core/Src/main.o
                0x0000000008000b40                SystemClock_Config
 .text.MX_SPI1_Init
                0x0000000008000be4       0x7c ./Core/Src/main.o
 .text.MX_GPIO_Init
                0x0000000008000c60      0x158 ./Core/Src/main.o
 .text.Error_Handler
                0x0000000008000db8        0xa ./Core/Src/main.o
                0x0000000008000db8                Error_Handler
 *fill*         0x0000000008000dc2        0x2 
 .text.HAL_MspInit
                0x0000000008000dc4       0x48 ./Core/Src/stm32l4xx_hal_msp.o
                0x0000000008000dc4                HAL_MspInit
 .text.HAL_SPI_MspInit
                0x0000000008000e0c       0x88 ./Core/Src/stm32l4xx_hal_msp.o
                0x0000000008000e0c                HAL_SPI_MspInit
 .text.NMI_Handler
                0x0000000008000e94        0x6 ./Core/Src/stm32l4xx_it.o
                0x0000000008000e94                NMI_Handler
 .text.HardFault_Handler
                0x0000000008000e9a        0x6 ./Core/Src/stm32l4xx_it.o
                0x0000000008000e9a                HardFault_Handler
 .text.MemManage_Handler
                0x0000000008000ea0        0x6 ./Core/Src/stm32l4xx_it.o
                0x0000000008000ea0                MemManage_Handler
 .text.BusFault_Handler
                0x0000000008000ea6        0x6 ./Core/Src/stm32l4xx_it.o
                0x0000000008000ea6                BusFault_Handler
 .text.UsageFault_Handler
                0x0000000008000eac        0x6 ./Core/Src/stm32l4xx_it.o
                0x0000000008000eac                UsageFault_Handler
 .text.SVC_Handler
                0x0000000008000eb2        0xe ./Core/Src/stm32l4xx_it.o
                0x0000000008000eb2                SVC_Handler
 .text.DebugMon_Handler
                0x0000000008000ec0        0xe ./Core/Src/stm32l4xx_it.o
                0x0000000008000ec0                DebugMon_Handler
 .text.PendSV_Handler
                0x0000000008000ece        0xe ./Core/Src/stm32l4xx_it.o
                0x0000000008000ece                PendSV_Handler
 .text.SysTick_Handler
                0x0000000008000edc        0xc ./Core/Src/stm32l4xx_it.o
                0x0000000008000edc                SysTick_Handler
 .text.OTG_FS_IRQHandler
                0x0000000008000ee8       0x14 ./Core/Src/stm32l4xx_it.o
                0x0000000008000ee8                OTG_FS_IRQHandler
 .text.SystemInit
                0x0000000008000efc       0x24 ./Core/Src/system_stm32l4xx.o
                0x0000000008000efc                SystemInit
 .text.Reset_Handler
                0x0000000008000f20       0x50 ./Core/Startup/startup_stm32l476vetx.o
                0x0000000008000f20                Reset_Handler
 .text.Default_Handler
                0x0000000008000f70        0x2 ./Core/Startup/startup_stm32l476vetx.o
                0x0000000008000f70                TIM1_BRK_TIM15_IRQHandler
                0x0000000008000f70                EXTI2_IRQHandler
                0x0000000008000f70                TIM8_TRG_COM_IRQHandler
                0x0000000008000f70                TIM8_CC_IRQHandler
                0x0000000008000f70                TIM1_CC_IRQHandler
                0x0000000008000f70                TSC_IRQHandler
                0x0000000008000f70                TAMP_STAMP_IRQHandler
                0x0000000008000f70                EXTI3_IRQHandler
                0x0000000008000f70                LPTIM2_IRQHandler
                0x0000000008000f70                DFSDM1_FLT1_IRQHandler
                0x0000000008000f70                I2C3_ER_IRQHandler
                0x0000000008000f70                DFSDM1_FLT2_IRQHandler
                0x0000000008000f70                EXTI0_IRQHandler
                0x0000000008000f70                I2C2_EV_IRQHandler
                0x0000000008000f70                CAN1_RX0_IRQHandler
                0x0000000008000f70                FPU_IRQHandler
                0x0000000008000f70                TIM1_UP_TIM16_IRQHandler
                0x0000000008000f70                ADC1_2_IRQHandler
                0x0000000008000f70                SPI1_IRQHandler
                0x0000000008000f70                TIM6_DAC_IRQHandler
                0x0000000008000f70                TIM8_UP_IRQHandler
                0x0000000008000f70                DMA2_Channel2_IRQHandler
                0x0000000008000f70                DMA1_Channel4_IRQHandler
                0x0000000008000f70                SAI2_IRQHandler
                0x0000000008000f70                DFSDM1_FLT3_IRQHandler
                0x0000000008000f70                USART3_IRQHandler
                0x0000000008000f70                DMA1_Channel7_IRQHandler
                0x0000000008000f70                CAN1_RX1_IRQHandler
                0x0000000008000f70                LCD_IRQHandler
                0x0000000008000f70                UART5_IRQHandler
                0x0000000008000f70                ADC3_IRQHandler
                0x0000000008000f70                TIM4_IRQHandler
                0x0000000008000f70                DMA2_Channel1_IRQHandler
                0x0000000008000f70                QUADSPI_IRQHandler
                0x0000000008000f70                I2C1_EV_IRQHandler
                0x0000000008000f70                DMA1_Channel6_IRQHandler
                0x0000000008000f70                UART4_IRQHandler
                0x0000000008000f70                DMA2_Channel4_IRQHandler
                0x0000000008000f70                TIM3_IRQHandler
                0x0000000008000f70                RCC_IRQHandler
                0x0000000008000f70                DMA1_Channel1_IRQHandler
                0x0000000008000f70                Default_Handler
                0x0000000008000f70                DMA2_Channel7_IRQHandler
                0x0000000008000f70                EXTI15_10_IRQHandler
                0x0000000008000f70                TIM7_IRQHandler
                0x0000000008000f70                SDMMC1_IRQHandler
                0x0000000008000f70                TIM5_IRQHandler
                0x0000000008000f70                I2C3_EV_IRQHandler
                0x0000000008000f70                EXTI9_5_IRQHandler
                0x0000000008000f70                RTC_WKUP_IRQHandler
                0x0000000008000f70                PVD_PVM_IRQHandler
                0x0000000008000f70                SPI2_IRQHandler
                0x0000000008000f70                CAN1_TX_IRQHandler
                0x0000000008000f70                DMA2_Channel5_IRQHandler
                0x0000000008000f70                DMA1_Channel5_IRQHandler
                0x0000000008000f70                EXTI4_IRQHandler
                0x0000000008000f70                RNG_IRQHandler
                0x0000000008000f70                TIM1_TRG_COM_TIM17_IRQHandler
                0x0000000008000f70                DMA1_Channel3_IRQHandler
                0x0000000008000f70                COMP_IRQHandler
                0x0000000008000f70                WWDG_IRQHandler
                0x0000000008000f70                LPUART1_IRQHandler
                0x0000000008000f70                DMA2_Channel6_IRQHandler
                0x0000000008000f70                TIM2_IRQHandler
                0x0000000008000f70                EXTI1_IRQHandler
                0x0000000008000f70                USART2_IRQHandler
                0x0000000008000f70                DFSDM1_FLT0_IRQHandler
                0x0000000008000f70                I2C2_ER_IRQHandler
                0x0000000008000f70                DMA1_Channel2_IRQHandler
                0x0000000008000f70                TIM8_BRK_IRQHandler
                0x0000000008000f70                CAN1_SCE_IRQHandler
                0x0000000008000f70                FLASH_IRQHandler
                0x0000000008000f70                USART1_IRQHandler
                0x0000000008000f70                SPI3_IRQHandler
                0x0000000008000f70                I2C1_ER_IRQHandler
                0x0000000008000f70                FMC_IRQHandler
                0x0000000008000f70                SWPMI1_IRQHandler
                0x0000000008000f70                LPTIM1_IRQHandler
                0x0000000008000f70                SAI1_IRQHandler
                0x0000000008000f70                DMA2_Channel3_IRQHandler
                0x0000000008000f70                RTC_Alarm_IRQHandler
 .text.HAL_Init
                0x0000000008000f72       0x30 ./Drivers/STM32L4xx_HAL_Driver/Src/stm32l4xx_hal.o
                0x0000000008000f72                HAL_Init
 *fill*         0x0000000008000fa2        0x2 
 .text.HAL_InitTick
                0x0000000008000fa4       0x78 ./Drivers/STM32L4xx_HAL_Driver/Src/stm32l4xx_hal.o
                0x0000000008000fa4                HAL_InitTick
 .text.HAL_IncTick
                0x000000000800101c       0x28 ./Drivers/STM32L4xx_HAL_Driver/Src/stm32l4xx_hal.o
                0x000000000800101c                HAL_IncTick
 .text.HAL_GetTick
                0x0000000008001044       0x18 ./Drivers/STM32L4xx_HAL_Driver/Src/stm32l4xx_hal.o
                0x0000000008001044                HAL_GetTick
 .text.HAL_Delay
                0x000000000800105c       0x48 ./Drivers/STM32L4xx_HAL_Driver/Src/stm32l4xx_hal.o
                0x000000000800105c                HAL_Delay
 .text.__NVIC_SetPriorityGrouping
                0x00000000080010a4       0x48 ./Drivers/STM32L4xx_HAL_Driver/Src/stm32l4xx_hal_cortex.o
 .text.__NVIC_GetPriorityGrouping
                0x00000000080010ec       0x1c ./Drivers/STM32L4xx_HAL_Driver/Src/stm32l4xx_hal_cortex.o
 .text.__NVIC_EnableIRQ
                0x0000000008001108       0x3c ./Drivers/STM32L4xx_HAL_Driver/Src/stm32l4xx_hal_cortex.o
 .text.__NVIC_SetPriority
                0x0000000008001144       0x54 ./Drivers/STM32L4xx_HAL_Driver/Src/stm32l4xx_hal_cortex.o
 .text.NVIC_EncodePriority
                0x0000000008001198       0x66 ./Drivers/STM32L4xx_HAL_Driver/Src/stm32l4xx_hal_cortex.o
 *fill*         0x00000000080011fe        0x2 
 .text.SysTick_Config
                0x0000000008001200       0x44 ./Drivers/STM32L4xx_HAL_Driver/Src/stm32l4xx_hal_cortex.o
 .text.HAL_NVIC_SetPriorityGrouping
                0x0000000008001244       0x16 ./Drivers/STM32L4xx_HAL_Driver/Src/stm32l4xx_hal_cortex.o
                0x0000000008001244                HAL_NVIC_SetPriorityGrouping
 .text.HAL_NVIC_SetPriority
                0x000000000800125a       0x38 ./Drivers/STM32L4xx_HAL_Driver/Src/stm32l4xx_hal_cortex.o
                0x000000000800125a                HAL_NVIC_SetPriority
 .text.HAL_NVIC_EnableIRQ
                0x0000000008001292       0x1c ./Drivers/STM32L4xx_HAL_Driver/Src/stm32l4xx_hal_cortex.o
                0x0000000008001292                HAL_NVIC_EnableIRQ
 .text.HAL_SYSTICK_Config
                0x00000000080012ae       0x18 ./Drivers/STM32L4xx_HAL_Driver/Src/stm32l4xx_hal_cortex.o
                0x00000000080012ae                HAL_SYSTICK_Config
 *fill*         0x00000000080012c6        0x2 
 .text.HAL_GPIO_Init
                0x00000000080012c8      0x354 ./Drivers/STM32L4xx_HAL_Driver/Src/stm32l4xx_hal_gpio.o
                0x00000000080012c8                HAL_GPIO_Init
 .text.HAL_GPIO_WritePin
                0x000000000800161c       0x30 ./Drivers/STM32L4xx_HAL_Driver/Src/stm32l4xx_hal_gpio.o
                0x000000000800161c                HAL_GPIO_WritePin
 .text.HAL_PCD_Init
                0x000000000800164c      0x248 ./Drivers/STM32L4xx_HAL_Driver/Src/stm32l4xx_hal_pcd.o
                0x000000000800164c                HAL_PCD_Init
 .text.HAL_PCD_Start
                0x0000000008001894       0x5e ./Drivers/STM32L4xx_HAL_Driver/Src/stm32l4xx_hal_pcd.o
                0x0000000008001894                HAL_PCD_Start
 .text.HAL_PCD_IRQHandler
                0x00000000080018f2      0x926 ./Drivers/STM32L4xx_HAL_Driver/Src/stm32l4xx_hal_pcd.o
                0x00000000080018f2                HAL_PCD_IRQHandler
 .text.HAL_PCD_SetAddress
                0x0000000008002218       0x4a ./Drivers/STM32L4xx_HAL_Driver/Src/stm32l4xx_hal_pcd.o
                0x0000000008002218                HAL_PCD_SetAddress
 .text.HAL_PCD_EP_Open
                0x0000000008002262       0xd0 ./Drivers/STM32L4xx_HAL_Driver/Src/stm32l4xx_hal_pcd.o
                0x0000000008002262                HAL_PCD_EP_Open
 .text.HAL_PCD_EP_Close
                0x0000000008002332       0x94 ./Drivers/STM32L4xx_HAL_Driver/Src/stm32l4xx_hal_pcd.o
                0x0000000008002332                HAL_PCD_EP_Close
 .text.HAL_PCD_EP_Receive
                0x00000000080023c6       0x64 ./Drivers/STM32L4xx_HAL_Driver/Src/stm32l4xx_hal_pcd.o
                0x00000000080023c6                HAL_PCD_EP_Receive
 .text.HAL_PCD_EP_GetRxCount
                0x000000000800242a       0x30 ./Drivers/STM32L4xx_HAL_Driver/Src/stm32l4xx_hal_pcd.o
                0x000000000800242a                HAL_PCD_EP_GetRxCount
 .text.HAL_PCD_EP_Transmit
                0x000000000800245a       0x62 ./Drivers/STM32L4xx_HAL_Driver/Src/stm32l4xx_hal_pcd.o
                0x000000000800245a                HAL_PCD_EP_Transmit
 .text.HAL_PCD_EP_SetStall
                0x00000000080024bc       0xc4 ./Drivers/STM32L4xx_HAL_Driver/Src/stm32l4xx_hal_pcd.o
                0x00000000080024bc                HAL_PCD_EP_SetStall
 .text.HAL_PCD_EP_ClrStall
                0x0000000008002580       0xac ./Drivers/STM32L4xx_HAL_Driver/Src/stm32l4xx_hal_pcd.o
                0x0000000008002580                HAL_PCD_EP_ClrStall
 .text.HAL_PCD_EP_Abort
                0x000000000800262c       0x62 ./Drivers/STM32L4xx_HAL_Driver/Src/stm32l4xx_hal_pcd.o
                0x000000000800262c                HAL_PCD_EP_Abort
 .text.PCD_WriteEmptyTxFifo
                0x000000000800268e      0x110 ./Drivers/STM32L4xx_HAL_Driver/Src/stm32l4xx_hal_pcd.o
 *fill*         0x000000000800279e        0x2 
 .text.PCD_EP_OutXfrComplete_int
                0x00000000080027a0       0x9c ./Drivers/STM32L4xx_HAL_Driver/Src/stm32l4xx_hal_pcd.o
 .text.PCD_EP_OutSetupPacket_int
                0x000000000800283c       0x68 ./Drivers/STM32L4xx_HAL_Driver/Src/stm32l4xx_hal_pcd.o
 .text.HAL_PCDEx_SetTxFiFo
                0x00000000080028a4       0x8e ./Drivers/STM32L4xx_HAL_Driver/Src/stm32l4xx_hal_pcd_ex.o
                0x00000000080028a4                HAL_PCDEx_SetTxFiFo
 .text.HAL_PCDEx_SetRxFiFo
                0x0000000008002932       0x22 ./Drivers/STM32L4xx_HAL_Driver/Src/stm32l4xx_hal_pcd_ex.o
                0x0000000008002932                HAL_PCDEx_SetRxFiFo
 .text.HAL_PCDEx_ActivateLPM
                0x0000000008002954       0x48 ./Drivers/STM32L4xx_HAL_Driver/Src/stm32l4xx_hal_pcd_ex.o
                0x0000000008002954                HAL_PCDEx_ActivateLPM
 .text.HAL_PWREx_GetVoltageRange
                0x000000000800299c       0x1c ./Drivers/STM32L4xx_HAL_Driver/Src/stm32l4xx_hal_pwr_ex.o
                0x000000000800299c                HAL_PWREx_GetVoltageRange
 .text.HAL_PWREx_ControlVoltageScaling
                0x00000000080029b8       0xac ./Drivers/STM32L4xx_HAL_Driver/Src/stm32l4xx_hal_pwr_ex.o
                0x00000000080029b8                HAL_PWREx_ControlVoltageScaling
 .text.HAL_PWREx_EnableVddUSB
                0x0000000008002a64       0x20 ./Drivers/STM32L4xx_HAL_Driver/Src/stm32l4xx_hal_pwr_ex.o
                0x0000000008002a64                HAL_PWREx_EnableVddUSB
 .text.HAL_RCC_OscConfig
                0x0000000008002a84      0x7b8 ./Drivers/STM32L4xx_HAL_Driver/Src/stm32l4xx_hal_rcc.o
                0x0000000008002a84                HAL_RCC_OscConfig
 .text.HAL_RCC_ClockConfig
                0x000000000800323c      0x200 ./Drivers/STM32L4xx_HAL_Driver/Src/stm32l4xx_hal_rcc.o
                0x000000000800323c                HAL_RCC_ClockConfig
 .text.HAL_RCC_GetSysClockFreq
                0x000000000800343c      0x114 ./Drivers/STM32L4xx_HAL_Driver/Src/stm32l4xx_hal_rcc.o
                0x000000000800343c                HAL_RCC_GetSysClockFreq
 .text.HAL_RCC_GetHCLKFreq
                0x0000000008003550       0x18 ./Drivers/STM32L4xx_HAL_Driver/Src/stm32l4xx_hal_rcc.o
                0x0000000008003550                HAL_RCC_GetHCLKFreq
 .text.RCC_SetFlashLatencyFromMSIRange
                0x0000000008003568       0xc0 ./Drivers/STM32L4xx_HAL_Driver/Src/stm32l4xx_hal_rcc.o
 .text.HAL_RCCEx_PeriphCLKConfig
                0x0000000008003628      0x5d4 ./Drivers/STM32L4xx_HAL_Driver/Src/stm32l4xx_hal_rcc_ex.o
                0x0000000008003628                HAL_RCCEx_PeriphCLKConfig
 .text.RCCEx_PLLSAI1_Config
                0x0000000008003bfc      0x1e8 ./Drivers/STM32L4xx_HAL_Driver/Src/stm32l4xx_hal_rcc_ex.o
 .text.RCCEx_PLLSAI2_Config
                0x0000000008003de4      0x1bc ./Drivers/STM32L4xx_HAL_Driver/Src/stm32l4xx_hal_rcc_ex.o
 .text.HAL_SPI_Init
                0x0000000008003fa0      0x146 ./Drivers/STM32L4xx_HAL_Driver/Src/stm32l4xx_hal_spi.o
                0x0000000008003fa0                HAL_SPI_Init
 .text.HAL_SPI_Transmit
                0x00000000080040e6      0x2ea ./Drivers/STM32L4xx_HAL_Driver/Src/stm32l4xx_hal_spi.o
                0x00000000080040e6                HAL_SPI_Transmit
 .text.HAL_SPI_TransmitReceive
                0x00000000080043d0      0x444 ./Drivers/STM32L4xx_HAL_Driver/Src/stm32l4xx_hal_spi.o
                0x00000000080043d0                HAL_SPI_TransmitReceive
 .text.HAL_SPI_GetState
                0x0000000008004814       0x1c ./Drivers/STM32L4xx_HAL_Driver/Src/stm32l4xx_hal_spi.o
                0x0000000008004814                HAL_SPI_GetState
 .text.SPI_WaitFlagStateUntilTimeout
                0x0000000008004830      0x110 ./Drivers/STM32L4xx_HAL_Driver/Src/stm32l4xx_hal_spi.o
 .text.SPI_WaitFifoStateUntilTimeout
                0x0000000008004940      0x12c ./Drivers/STM32L4xx_HAL_Driver/Src/stm32l4xx_hal_spi.o
 .text.SPI_EndRxTxTransaction
                0x0000000008004a6c       0x8c ./Drivers/STM32L4xx_HAL_Driver/Src/stm32l4xx_hal_spi.o
 .text.USB_CoreInit
                0x0000000008004af8       0x58 ./Drivers/STM32L4xx_HAL_Driver/Src/stm32l4xx_ll_usb.o
                0x0000000008004af8                USB_CoreInit
 .text.USB_SetTurnaroundTime
                0x0000000008004b50      0x138 ./Drivers/STM32L4xx_HAL_Driver/Src/stm32l4xx_ll_usb.o
                0x0000000008004b50                USB_SetTurnaroundTime
 .text.USB_EnableGlobalInt
                0x0000000008004c88       0x22 ./Drivers/STM32L4xx_HAL_Driver/Src/stm32l4xx_ll_usb.o
                0x0000000008004c88                USB_EnableGlobalInt
 .text.USB_DisableGlobalInt
                0x0000000008004caa       0x22 ./Drivers/STM32L4xx_HAL_Driver/Src/stm32l4xx_ll_usb.o
                0x0000000008004caa                USB_DisableGlobalInt
 .text.USB_SetCurrentMode
                0x0000000008004ccc       0x98 ./Drivers/STM32L4xx_HAL_Driver/Src/stm32l4xx_ll_usb.o
                0x0000000008004ccc                USB_SetCurrentMode
 .text.USB_DevInit
                0x0000000008004d64      0x284 ./Drivers/STM32L4xx_HAL_Driver/Src/stm32l4xx_ll_usb.o
                0x0000000008004d64                USB_DevInit
 .text.USB_FlushTxFifo
                0x0000000008004fe8       0x68 ./Drivers/STM32L4xx_HAL_Driver/Src/stm32l4xx_ll_usb.o
                0x0000000008004fe8                USB_FlushTxFifo
 .text.USB_FlushRxFifo
                0x0000000008005050       0x60 ./Drivers/STM32L4xx_HAL_Driver/Src/stm32l4xx_ll_usb.o
                0x0000000008005050                USB_FlushRxFifo
 .text.USB_SetDevSpeed
                0x00000000080050b0       0x32 ./Drivers/STM32L4xx_HAL_Driver/Src/stm32l4xx_ll_usb.o
                0x00000000080050b0                USB_SetDevSpeed
 .text.USB_GetDevSpeed
                0x00000000080050e2       0x3e ./Drivers/STM32L4xx_HAL_Driver/Src/stm32l4xx_ll_usb.o
                0x00000000080050e2                USB_GetDevSpeed
 .text.USB_ActivateEndpoint
                0x0000000008005120      0x10e ./Drivers/STM32L4xx_HAL_Driver/Src/stm32l4xx_ll_usb.o
                0x0000000008005120                USB_ActivateEndpoint
 *fill*         0x000000000800522e        0x2 
 .text.USB_DeactivateEndpoint
                0x0000000008005230      0x1b8 ./Drivers/STM32L4xx_HAL_Driver/Src/stm32l4xx_ll_usb.o
                0x0000000008005230                USB_DeactivateEndpoint
 .text.USB_EPStartXfer
                0x00000000080053e8      0x464 ./Drivers/STM32L4xx_HAL_Driver/Src/stm32l4xx_ll_usb.o
                0x00000000080053e8                USB_EPStartXfer
 .text.USB_EPStopXfer
                0x000000000800584c      0x154 ./Drivers/STM32L4xx_HAL_Driver/Src/stm32l4xx_ll_usb.o
                0x000000000800584c                USB_EPStopXfer
 .text.USB_WritePacket
                0x00000000080059a0       0x74 ./Drivers/STM32L4xx_HAL_Driver/Src/stm32l4xx_ll_usb.o
                0x00000000080059a0                USB_WritePacket
 .text.USB_ReadPacket
                0x0000000008005a14       0xb0 ./Drivers/STM32L4xx_HAL_Driver/Src/stm32l4xx_ll_usb.o
                0x0000000008005a14                USB_ReadPacket
 .text.USB_EPSetStall
                0x0000000008005ac4       0xdc ./Drivers/STM32L4xx_HAL_Driver/Src/stm32l4xx_ll_usb.o
                0x0000000008005ac4                USB_EPSetStall
 .text.USB_EPClearStall
                0x0000000008005ba0       0xcc ./Drivers/STM32L4xx_HAL_Driver/Src/stm32l4xx_ll_usb.o
                0x0000000008005ba0                USB_EPClearStall
 .text.USB_SetDevAddress
                0x0000000008005c6c       0x4c ./Drivers/STM32L4xx_HAL_Driver/Src/stm32l4xx_ll_usb.o
                0x0000000008005c6c                USB_SetDevAddress
 .text.USB_DevConnect
                0x0000000008005cb8       0x42 ./Drivers/STM32L4xx_HAL_Driver/Src/stm32l4xx_ll_usb.o
                0x0000000008005cb8                USB_DevConnect
 .text.USB_DevDisconnect
                0x0000000008005cfa       0x42 ./Drivers/STM32L4xx_HAL_Driver/Src/stm32l4xx_ll_usb.o
                0x0000000008005cfa                USB_DevDisconnect
 .text.USB_ReadInterrupts
                0x0000000008005d3c       0x26 ./Drivers/STM32L4xx_HAL_Driver/Src/stm32l4xx_ll_usb.o
                0x0000000008005d3c                USB_ReadInterrupts
 .text.USB_ReadDevAllOutEpInterrupt
                0x0000000008005d62       0x34 ./Drivers/STM32L4xx_HAL_Driver/Src/stm32l4xx_ll_usb.o
                0x0000000008005d62                USB_ReadDevAllOutEpInterrupt
 .text.USB_ReadDevAllInEpInterrupt
                0x0000000008005d96       0x34 ./Drivers/STM32L4xx_HAL_Driver/Src/stm32l4xx_ll_usb.o
                0x0000000008005d96                USB_ReadDevAllInEpInterrupt
 .text.USB_ReadDevOutEPInterrupt
                0x0000000008005dca       0x3c ./Drivers/STM32L4xx_HAL_Driver/Src/stm32l4xx_ll_usb.o
                0x0000000008005dca                USB_ReadDevOutEPInterrupt
 .text.USB_ReadDevInEPInterrupt
                0x0000000008005e06       0x5c ./Drivers/STM32L4xx_HAL_Driver/Src/stm32l4xx_ll_usb.o
                0x0000000008005e06                USB_ReadDevInEPInterrupt
 .text.USB_GetMode
                0x0000000008005e62       0x1c ./Drivers/STM32L4xx_HAL_Driver/Src/stm32l4xx_ll_usb.o
                0x0000000008005e62                USB_GetMode
 .text.USB_ActivateSetup
                0x0000000008005e7e       0x46 ./Drivers/STM32L4xx_HAL_Driver/Src/stm32l4xx_ll_usb.o
                0x0000000008005e7e                USB_ActivateSetup
 .text.USB_EP0_OutStart
                0x0000000008005ec4       0x90 ./Drivers/STM32L4xx_HAL_Driver/Src/stm32l4xx_ll_usb.o
                0x0000000008005ec4                USB_EP0_OutStart
 .text.USB_CoreReset
                0x0000000008005f54       0x68 ./Drivers/STM32L4xx_HAL_Driver/Src/stm32l4xx_ll_usb.o
 .text.USBD_CDC_Init
                0x0000000008005fbc      0x1f0 ./Middlewares/ST/STM32_USB_Device_Library/Class/CDC/Src/usbd_cdc.o
 .text.USBD_CDC_DeInit
                0x00000000080061ac      0x104 ./Middlewares/ST/STM32_USB_Device_Library/Class/CDC/Src/usbd_cdc.o
 .text.USBD_CDC_Setup
                0x00000000080062b0      0x1b8 ./Middlewares/ST/STM32_USB_Device_Library/Class/CDC/Src/usbd_cdc.o
 .text.USBD_CDC_DataIn
                0x0000000008006468       0xfe ./Middlewares/ST/STM32_USB_Device_Library/Class/CDC/Src/usbd_cdc.o
 .text.USBD_CDC_DataOut
                0x0000000008006566       0x70 ./Middlewares/ST/STM32_USB_Device_Library/Class/CDC/Src/usbd_cdc.o
 .text.USBD_CDC_EP0_RxReady
                0x00000000080065d6       0x76 ./Middlewares/ST/STM32_USB_Device_Library/Class/CDC/Src/usbd_cdc.o
 .text.USBD_CDC_GetFSCfgDesc
                0x000000000800664c       0x70 ./Middlewares/ST/STM32_USB_Device_Library/Class/CDC/Src/usbd_cdc.o
 .text.USBD_CDC_GetHSCfgDesc
                0x00000000080066bc       0x70 ./Middlewares/ST/STM32_USB_Device_Library/Class/CDC/Src/usbd_cdc.o
 .text.USBD_CDC_GetOtherSpeedCfgDesc
                0x000000000800672c       0x70 ./Middlewares/ST/STM32_USB_Device_Library/Class/CDC/Src/usbd_cdc.o
 .text.USBD_CDC_GetDeviceQualifierDescriptor
                0x000000000800679c       0x20 ./Middlewares/ST/STM32_USB_Device_Library/Class/CDC/Src/usbd_cdc.o
                0x000000000800679c                USBD_CDC_GetDeviceQualifierDescriptor
 .text.USBD_CDC_RegisterInterface
                0x00000000080067bc       0x34 ./Middlewares/ST/STM32_USB_Device_Library/Class/CDC/Src/usbd_cdc.o
                0x00000000080067bc                USBD_CDC_RegisterInterface
 .text.USBD_CDC_SetTxBuffer
                0x00000000080067f0       0x44 ./Middlewares/ST/STM32_USB_Device_Library/Class/CDC/Src/usbd_cdc.o
                0x00000000080067f0                USBD_CDC_SetTxBuffer
 .text.USBD_CDC_SetRxBuffer
                0x0000000008006834       0x3a ./Middlewares/ST/STM32_USB_Device_Library/Class/CDC/Src/usbd_cdc.o
                0x0000000008006834                USBD_CDC_SetRxBuffer
 *fill*         0x000000000800686e        0x2 
 .text.USBD_CDC_ReceivePacket
                0x0000000008006870       0x6c ./Middlewares/ST/STM32_USB_Device_Library/Class/CDC/Src/usbd_cdc.o
                0x0000000008006870                USBD_CDC_ReceivePacket
 .text.USBD_Init
                0x00000000080068dc       0x60 ./Middlewares/ST/STM32_USB_Device_Library/Core/Src/usbd_core.o
                0x00000000080068dc                USBD_Init
 .text.USBD_RegisterClass
                0x000000000800693c       0x6c ./Middlewares/ST/STM32_USB_Device_Library/Core/Src/usbd_core.o
                0x000000000800693c                USBD_RegisterClass
 .text.USBD_Start
                0x00000000080069a8       0x18 ./Middlewares/ST/STM32_USB_Device_Library/Core/Src/usbd_core.o
                0x00000000080069a8                USBD_Start
 .text.USBD_RunTestMode
                0x00000000080069c0       0x16 ./Middlewares/ST/STM32_USB_Device_Library/Core/Src/usbd_core.o
                0x00000000080069c0                USBD_RunTestMode
 .text.USBD_SetClassConfig
                0x00000000080069d6       0x38 ./Middlewares/ST/STM32_USB_Device_Library/Core/Src/usbd_core.o
                0x00000000080069d6                USBD_SetClassConfig
 .text.USBD_ClrClassConfig
                0x0000000008006a0e       0x34 ./Middlewares/ST/STM32_USB_Device_Library/Core/Src/usbd_core.o
                0x0000000008006a0e                USBD_ClrClassConfig
 .text.USBD_LL_SetupStage
                0x0000000008006a42       0xaa ./Middlewares/ST/STM32_USB_Device_Library/Core/Src/usbd_core.o
                0x0000000008006a42                USBD_LL_SetupStage
 .text.USBD_LL_DataOutStage
                0x0000000008006aec      0x166 ./Middlewares/ST/STM32_USB_Device_Library/Core/Src/usbd_core.o
                0x0000000008006aec                USBD_LL_DataOutStage
 .text.USBD_LL_DataInStage
                0x0000000008006c52      0x164 ./Middlewares/ST/STM32_USB_Device_Library/Core/Src/usbd_core.o
                0x0000000008006c52                USBD_LL_DataInStage
 .text.USBD_LL_Reset
                0x0000000008006db6       0xa4 ./Middlewares/ST/STM32_USB_Device_Library/Core/Src/usbd_core.o
                0x0000000008006db6                USBD_LL_Reset
 .text.USBD_LL_SetSpeed
                0x0000000008006e5a       0x20 ./Middlewares/ST/STM32_USB_Device_Library/Core/Src/usbd_core.o
                0x0000000008006e5a                USBD_LL_SetSpeed
 .text.USBD_LL_Suspend
                0x0000000008006e7a       0x38 ./Middlewares/ST/STM32_USB_Device_Library/Core/Src/usbd_core.o
                0x0000000008006e7a                USBD_LL_Suspend
 .text.USBD_LL_Resume
                0x0000000008006eb2       0x30 ./Middlewares/ST/STM32_USB_Device_Library/Core/Src/usbd_core.o
                0x0000000008006eb2                USBD_LL_Resume
 .text.USBD_LL_SOF
                0x0000000008006ee2       0x40 ./Middlewares/ST/STM32_USB_Device_Library/Core/Src/usbd_core.o
                0x0000000008006ee2                USBD_LL_SOF
 .text.USBD_LL_IsoINIncomplete
                0x0000000008006f22       0x64 ./Middlewares/ST/STM32_USB_Device_Library/Core/Src/usbd_core.o
                0x0000000008006f22                USBD_LL_IsoINIncomplete
 .text.USBD_LL_IsoOUTIncomplete
                0x0000000008006f86       0x64 ./Middlewares/ST/STM32_USB_Device_Library/Core/Src/usbd_core.o
                0x0000000008006f86                USBD_LL_IsoOUTIncomplete
 .text.USBD_LL_DevConnected
                0x0000000008006fea       0x16 ./Middlewares/ST/STM32_USB_Device_Library/Core/Src/usbd_core.o
                0x0000000008006fea                USBD_LL_DevConnected
 .text.USBD_LL_DevDisconnected
                0x0000000008007000       0x46 ./Middlewares/ST/STM32_USB_Device_Library/Core/Src/usbd_core.o
                0x0000000008007000                USBD_LL_DevDisconnected
 .text.USBD_CoreFindIF
                0x0000000008007046       0x1a ./Middlewares/ST/STM32_USB_Device_Library/Core/Src/usbd_core.o
                0x0000000008007046                USBD_CoreFindIF
 .text.USBD_CoreFindEP
                0x0000000008007060       0x1a ./Middlewares/ST/STM32_USB_Device_Library/Core/Src/usbd_core.o
                0x0000000008007060                USBD_CoreFindEP
 .text.USBD_GetEpDesc
                0x000000000800707a       0x74 ./Middlewares/ST/STM32_USB_Device_Library/Core/Src/usbd_core.o
                0x000000000800707a                USBD_GetEpDesc
 .text.USBD_GetNextDesc
                0x00000000080070ee       0x3a ./Middlewares/ST/STM32_USB_Device_Library/Core/Src/usbd_core.o
                0x00000000080070ee                USBD_GetNextDesc
 .text.SWAPBYTE
                0x0000000008007128       0x3c ./Middlewares/ST/STM32_USB_Device_Library/Core/Src/usbd_ctlreq.o
 .text.USBD_StdDevReq
                0x0000000008007164       0xe4 ./Middlewares/ST/STM32_USB_Device_Library/Core/Src/usbd_ctlreq.o
                0x0000000008007164                USBD_StdDevReq
 .text.USBD_StdItfReq
                0x0000000008007248       0xd8 ./Middlewares/ST/STM32_USB_Device_Library/Core/Src/usbd_ctlreq.o
                0x0000000008007248                USBD_StdItfReq
 .text.USBD_StdEPReq
                0x0000000008007320      0x33a ./Middlewares/ST/STM32_USB_Device_Library/Core/Src/usbd_ctlreq.o
                0x0000000008007320                USBD_StdEPReq
 *fill*         0x000000000800765a        0x2 
 .text.USBD_GetDescriptor
                0x000000000800765c      0x328 ./Middlewares/ST/STM32_USB_Device_Library/Core/Src/usbd_ctlreq.o
 .text.USBD_SetAddress
                0x0000000008007984       0x88 ./Middlewares/ST/STM32_USB_Device_Library/Core/Src/usbd_ctlreq.o
 .text.USBD_SetConfig
                0x0000000008007a0c      0x154 ./Middlewares/ST/STM32_USB_Device_Library/Core/Src/usbd_ctlreq.o
 .text.USBD_GetConfig
                0x0000000008007b60       0x6c ./Middlewares/ST/STM32_USB_Device_Library/Core/Src/usbd_ctlreq.o
 .text.USBD_GetStatus
                0x0000000008007bcc       0x68 ./Middlewares/ST/STM32_USB_Device_Library/Core/Src/usbd_ctlreq.o
 .text.USBD_SetFeature
                0x0000000008007c34       0x52 ./Middlewares/ST/STM32_USB_Device_Library/Core/Src/usbd_ctlreq.o
 .text.USBD_ClrFeature
                0x0000000008007c86       0x44 ./Middlewares/ST/STM32_USB_Device_Library/Core/Src/usbd_ctlreq.o
 .text.USBD_ParseSetupRequest
                0x0000000008007cca       0x74 ./Middlewares/ST/STM32_USB_Device_Library/Core/Src/usbd_ctlreq.o
                0x0000000008007cca                USBD_ParseSetupRequest
 .text.USBD_CtlError
                0x0000000008007d3e       0x22 ./Middlewares/ST/STM32_USB_Device_Library/Core/Src/usbd_ctlreq.o
                0x0000000008007d3e                USBD_CtlError
 .text.USBD_GetString
                0x0000000008007d60       0x8c ./Middlewares/ST/STM32_USB_Device_Library/Core/Src/usbd_ctlreq.o
                0x0000000008007d60                USBD_GetString
 .text.USBD_GetLen
                0x0000000008007dec       0x34 ./Middlewares/ST/STM32_USB_Device_Library/Core/Src/usbd_ctlreq.o
 .text.USBD_CtlSendData
                0x0000000008007e20       0x36 ./Middlewares/ST/STM32_USB_Device_Library/Core/Src/usbd_ioreq.o
                0x0000000008007e20                USBD_CtlSendData
 .text.USBD_CtlContinueSendData
                0x0000000008007e56       0x22 ./Middlewares/ST/STM32_USB_Device_Library/Core/Src/usbd_ioreq.o
                0x0000000008007e56                USBD_CtlContinueSendData
 .text.USBD_CtlPrepareRx
                0x0000000008007e78       0x3a ./Middlewares/ST/STM32_USB_Device_Library/Core/Src/usbd_ioreq.o
                0x0000000008007e78                USBD_CtlPrepareRx
 .text.USBD_CtlContinueRx
                0x0000000008007eb2       0x22 ./Middlewares/ST/STM32_USB_Device_Library/Core/Src/usbd_ioreq.o
                0x0000000008007eb2                USBD_CtlContinueRx
 .text.USBD_CtlSendStatus
                0x0000000008007ed4       0x26 ./Middlewares/ST/STM32_USB_Device_Library/Core/Src/usbd_ioreq.o
                0x0000000008007ed4                USBD_CtlSendStatus
 .text.USBD_CtlReceiveStatus
                0x0000000008007efa       0x26 ./Middlewares/ST/STM32_USB_Device_Library/Core/Src/usbd_ioreq.o
                0x0000000008007efa                USBD_CtlReceiveStatus
 .text.MX_USB_DEVICE_Init
                0x0000000008007f20       0x60 ./USB_DEVICE/App/usb_device.o
                0x0000000008007f20                MX_USB_DEVICE_Init
 .text.CDC_Init_FS
                0x0000000008007f80       0x28 ./USB_DEVICE/App/usbd_cdc_if.o
 .text.CDC_DeInit_FS
                0x0000000008007fa8       0x10 ./USB_DEVICE/App/usbd_cdc_if.o
 .text.CDC_Control_FS
                0x0000000008007fb8       0xbc ./USB_DEVICE/App/usbd_cdc_if.o
 .text.CDC_Receive_FS
                0x0000000008008074       0x28 ./USB_DEVICE/App/usbd_cdc_if.o
 .text.CDC_TransmitCplt_FS
                0x000000000800809c       0x22 ./USB_DEVICE/App/usbd_cdc_if.o
 *fill*         0x00000000080080be        0x2 
 .text.USBD_FS_DeviceDescriptor
                0x00000000080080c0       0x24 ./USB_DEVICE/App/usbd_desc.o
                0x00000000080080c0                USBD_FS_DeviceDescriptor
 .text.USBD_FS_LangIDStrDescriptor
                0x00000000080080e4       0x24 ./USB_DEVICE/App/usbd_desc.o
                0x00000000080080e4                USBD_FS_LangIDStrDescriptor
 .text.USBD_FS_ProductStrDescriptor
                0x0000000008008108       0x3c ./USB_DEVICE/App/usbd_desc.o
                0x0000000008008108                USBD_FS_ProductStrDescriptor
 .text.USBD_FS_ManufacturerStrDescriptor
                0x0000000008008144       0x28 ./USB_DEVICE/App/usbd_desc.o
                0x0000000008008144                USBD_FS_ManufacturerStrDescriptor
 .text.USBD_FS_SerialStrDescriptor
                0x000000000800816c       0x24 ./USB_DEVICE/App/usbd_desc.o
                0x000000000800816c                USBD_FS_SerialStrDescriptor
 .text.USBD_FS_ConfigStrDescriptor
                0x0000000008008190       0x3c ./USB_DEVICE/App/usbd_desc.o
                0x0000000008008190                USBD_FS_ConfigStrDescriptor
 .text.USBD_FS_InterfaceStrDescriptor
                0x00000000080081cc       0x3c ./USB_DEVICE/App/usbd_desc.o
                0x00000000080081cc                USBD_FS_InterfaceStrDescriptor
 .text.USBD_FS_USR_BOSDescriptor
                0x0000000008008208       0x24 ./USB_DEVICE/App/usbd_desc.o
                0x0000000008008208                USBD_FS_USR_BOSDescriptor
 .text.Get_SerialNum
                0x000000000800822c       0x58 ./USB_DEVICE/App/usbd_desc.o
 .text.IntToUnicode
                0x0000000008008284       0x7e ./USB_DEVICE/App/usbd_desc.o
 *fill*         0x0000000008008302        0x2 
 .text.HAL_PCD_MspInit
                0x0000000008008304      0x124 ./USB_DEVICE/Target/usbd_conf.o
                0x0000000008008304                HAL_PCD_MspInit
 .text.HAL_PCD_SetupStageCallback
                0x0000000008008428       0x24 ./USB_DEVICE/Target/usbd_conf.o
                0x0000000008008428                HAL_PCD_SetupStageCallback
 .text.HAL_PCD_DataOutStageCallback
                0x000000000800844c       0x36 ./USB_DEVICE/Target/usbd_conf.o
                0x000000000800844c                HAL_PCD_DataOutStageCallback
 .text.HAL_PCD_DataInStageCallback
                0x0000000008008482       0x34 ./USB_DEVICE/Target/usbd_conf.o
                0x0000000008008482                HAL_PCD_DataInStageCallback
 .text.HAL_PCD_SOFCallback
                0x00000000080084b6       0x1c ./USB_DEVICE/Target/usbd_conf.o
                0x00000000080084b6                HAL_PCD_SOFCallback
 .text.HAL_PCD_ResetCallback
                0x00000000080084d2       0x3c ./USB_DEVICE/Target/usbd_conf.o
                0x00000000080084d2                HAL_PCD_ResetCallback
 *fill*         0x000000000800850e        0x2 
 .text.HAL_PCD_SuspendCallback
                0x0000000008008510       0x4c ./USB_DEVICE/Target/usbd_conf.o
                0x0000000008008510                HAL_PCD_SuspendCallback
 .text.HAL_PCD_ResumeCallback
                0x000000000800855c       0x50 ./USB_DEVICE/Target/usbd_conf.o
                0x000000000800855c                HAL_PCD_ResumeCallback
 .text.HAL_PCD_ISOOUTIncompleteCallback
                0x00000000080085ac       0x24 ./USB_DEVICE/Target/usbd_conf.o
                0x00000000080085ac                HAL_PCD_ISOOUTIncompleteCallback
 .text.HAL_PCD_ISOINIncompleteCallback
                0x00000000080085d0       0x24 ./USB_DEVICE/Target/usbd_conf.o
                0x00000000080085d0                HAL_PCD_ISOINIncompleteCallback
 .text.HAL_PCD_ConnectCallback
                0x00000000080085f4       0x1c ./USB_DEVICE/Target/usbd_conf.o
                0x00000000080085f4                HAL_PCD_ConnectCallback
 .text.HAL_PCD_DisconnectCallback
                0x0000000008008610       0x1c ./USB_DEVICE/Target/usbd_conf.o
                0x0000000008008610                HAL_PCD_DisconnectCallback
 .text.USBD_LL_Init
                0x000000000800862c       0x98 ./USB_DEVICE/Target/usbd_conf.o
                0x000000000800862c                USBD_LL_Init
 .text.USBD_LL_Start
                0x00000000080086c4       0x64 ./USB_DEVICE/Target/usbd_conf.o
                0x00000000080086c4                USBD_LL_Start
 .text.USBD_LL_OpenEP
                0x0000000008008728       0x7c ./USB_DEVICE/Target/usbd_conf.o
                0x0000000008008728                USBD_LL_OpenEP
 .text.USBD_LL_CloseEP
                0x00000000080087a4       0x6c ./USB_DEVICE/Target/usbd_conf.o
                0x00000000080087a4                USBD_LL_CloseEP
 .text.USBD_LL_StallEP
                0x0000000008008810       0x6c ./USB_DEVICE/Target/usbd_conf.o
                0x0000000008008810                USBD_LL_StallEP
 .text.USBD_LL_ClearStallEP
                0x000000000800887c       0x6c ./USB_DEVICE/Target/usbd_conf.o
                0x000000000800887c                USBD_LL_ClearStallEP
 .text.USBD_LL_IsStallEP
                0x00000000080088e8       0x58 ./USB_DEVICE/Target/usbd_conf.o
                0x00000000080088e8                USBD_LL_IsStallEP
 .text.USBD_LL_SetUSBAddress
                0x0000000008008940       0x6c ./USB_DEVICE/Target/usbd_conf.o
                0x0000000008008940                USBD_LL_SetUSBAddress
 .text.USBD_LL_Transmit
                0x00000000080089ac       0x70 ./USB_DEVICE/Target/usbd_conf.o
                0x00000000080089ac                USBD_LL_Transmit
 .text.USBD_LL_PrepareReceive
                0x0000000008008a1c       0x70 ./USB_DEVICE/Target/usbd_conf.o
                0x0000000008008a1c                USBD_LL_PrepareReceive
 .text.USBD_LL_GetRxDataSize
                0x0000000008008a8c       0x26 ./USB_DEVICE/Target/usbd_conf.o
                0x0000000008008a8c                USBD_LL_GetRxDataSize
 *fill*         0x0000000008008ab2        0x2 
 .text.HAL_PCDEx_LPM_Callback
                0x0000000008008ab4       0x9c ./USB_DEVICE/Target/usbd_conf.o
                0x0000000008008ab4                HAL_PCDEx_LPM_Callback
 .text.USBD_static_malloc
                0x0000000008008b50       0x1c ./USB_DEVICE/Target/usbd_conf.o
                0x0000000008008b50                USBD_static_malloc
 .text.USBD_static_free
                0x0000000008008b6c       0x14 ./USB_DEVICE/Target/usbd_conf.o
                0x0000000008008b6c                USBD_static_free
 .text.SystemClockConfig_Resume
                0x0000000008008b80        0xc ./USB_DEVICE/Target/usbd_conf.o
 .text.memset   0x0000000008008b8c       0x10 /Applications/STM32CubeIDE.app/Contents/Eclipse/plugins/com.st.stm32cube.ide.mcu.externaltools.gnu-tools-for-stm32.11.3.rel1.macos64_1.1.1.202309131626/tools/bin/../lib/gcc/arm-none-eabi/11.3.1/../../../../arm-none-eabi/lib/thumb/v7e-m+fp/hard/libc_nano.a(libc_a-memset.o)
                0x0000000008008b8c                memset
 .text.__libc_init_array
                0x0000000008008b9c       0x48 /Applications/STM32CubeIDE.app/Contents/Eclipse/plugins/com.st.stm32cube.ide.mcu.externaltools.gnu-tools-for-stm32.11.3.rel1.macos64_1.1.1.202309131626/tools/bin/../lib/gcc/arm-none-eabi/11.3.1/../../../../arm-none-eabi/lib/thumb/v7e-m+fp/hard/libc_nano.a(libc_a-init.o)
                0x0000000008008b9c                __libc_init_array
 *(.glue_7)
 .glue_7        0x0000000008008be4        0x0 linker stubs
 *(.glue_7t)
 .glue_7t       0x0000000008008be4        0x0 linker stubs
 *(.eh_frame)
 .eh_frame      0x0000000008008be4        0x0 /Applications/STM32CubeIDE.app/Contents/Eclipse/plugins/com.st.stm32cube.ide.mcu.externaltools.gnu-tools-for-stm32.11.3.rel1.macos64_1.1.1.202309131626/tools/bin/../lib/gcc/arm-none-eabi/11.3.1/thumb/v7e-m+fp/hard/crtbegin.o
 *(.init)
 .init          0x0000000008008be4        0x4 /Applications/STM32CubeIDE.app/Contents/Eclipse/plugins/com.st.stm32cube.ide.mcu.externaltools.gnu-tools-for-stm32.11.3.rel1.macos64_1.1.1.202309131626/tools/bin/../lib/gcc/arm-none-eabi/11.3.1/thumb/v7e-m+fp/hard/crti.o
                0x0000000008008be4                _init
 .init          0x0000000008008be8        0x8 /Applications/STM32CubeIDE.app/Contents/Eclipse/plugins/com.st.stm32cube.ide.mcu.externaltools.gnu-tools-for-stm32.11.3.rel1.macos64_1.1.1.202309131626/tools/bin/../lib/gcc/arm-none-eabi/11.3.1/thumb/v7e-m+fp/hard/crtn.o
 *(.fini)
 .fini          0x0000000008008bf0        0x4 /Applications/STM32CubeIDE.app/Contents/Eclipse/plugins/com.st.stm32cube.ide.mcu.externaltools.gnu-tools-for-stm32.11.3.rel1.macos64_1.1.1.202309131626/tools/bin/../lib/gcc/arm-none-eabi/11.3.1/thumb/v7e-m+fp/hard/crti.o
                0x0000000008008bf0                _fini
 .fini          0x0000000008008bf4        0x8 /Applications/STM32CubeIDE.app/Contents/Eclipse/plugins/com.st.stm32cube.ide.mcu.externaltools.gnu-tools-for-stm32.11.3.rel1.macos64_1.1.1.202309131626/tools/bin/../lib/gcc/arm-none-eabi/11.3.1/thumb/v7e-m+fp/hard/crtn.o
                0x0000000008008bfc                . = ALIGN (0x4)
                0x0000000008008bfc                _etext = .

.vfp11_veneer   0x0000000008008bfc        0x0
 .vfp11_veneer  0x0000000008008bfc        0x0 linker stubs

.v4_bx          0x0000000008008bfc        0x0
 .v4_bx         0x0000000008008bfc        0x0 linker stubs

.iplt           0x0000000008008bfc        0x0
 .iplt          0x0000000008008bfc        0x0 /Applications/STM32CubeIDE.app/Contents/Eclipse/plugins/com.st.stm32cube.ide.mcu.externaltools.gnu-tools-for-stm32.11.3.rel1.macos64_1.1.1.202309131626/tools/bin/../lib/gcc/arm-none-eabi/11.3.1/thumb/v7e-m+fp/hard/crtbegin.o

.rodata         0x0000000008008bfc       0xa0
                0x0000000008008bfc                . = ALIGN (0x4)
 *(.rodata)
 .rodata        0x0000000008008bfc        0x7 ./Core/Src/Drivers/ADXL375.o
 *fill*         0x0000000008008c03        0x1 
 .rodata        0x0000000008008c04        0xf ./Core/Src/Drivers/BMI088.o
 *fill*         0x0000000008008c13        0x1 
 .rodata        0x0000000008008c14       0x46 ./USB_DEVICE/App/usbd_desc.o
 *(.rodata*)
 *fill*         0x0000000008008c5a        0x2 
 .rodata.AHBPrescTable
                0x0000000008008c5c       0x10 ./Core/Src/system_stm32l4xx.o
                0x0000000008008c5c                AHBPrescTable
 .rodata.MSIRangeTable
                0x0000000008008c6c       0x30 ./Core/Src/system_stm32l4xx.o
                0x0000000008008c6c                MSIRangeTable
                0x0000000008008c9c                . = ALIGN (0x4)

.rel.dyn        0x0000000008008c9c        0x0
 .rel.iplt      0x0000000008008c9c        0x0 /Applications/STM32CubeIDE.app/Contents/Eclipse/plugins/com.st.stm32cube.ide.mcu.externaltools.gnu-tools-for-stm32.11.3.rel1.macos64_1.1.1.202309131626/tools/bin/../lib/gcc/arm-none-eabi/11.3.1/thumb/v7e-m+fp/hard/crtbegin.o

.ARM.extab      0x0000000008008c9c        0x0
                0x0000000008008c9c                . = ALIGN (0x4)
 *(.ARM.extab* .gnu.linkonce.armextab.*)
                0x0000000008008c9c                . = ALIGN (0x4)

.ARM            0x0000000008008c9c        0x0
                0x0000000008008c9c                . = ALIGN (0x4)
                0x0000000008008c9c                __exidx_start = .
 *(.ARM.exidx*)
                0x0000000008008c9c                __exidx_end = .
                0x0000000008008c9c                . = ALIGN (0x4)

.preinit_array  0x0000000008008c9c        0x0
                0x0000000008008c9c                . = ALIGN (0x4)
                0x0000000008008c9c                PROVIDE (__preinit_array_start = .)
 *(.preinit_array*)
                0x0000000008008c9c                PROVIDE (__preinit_array_end = .)
                0x0000000008008c9c                . = ALIGN (0x4)

.init_array     0x0000000008008c9c        0x4
                0x0000000008008c9c                . = ALIGN (0x4)
                0x0000000008008c9c                PROVIDE (__init_array_start = .)
 *(SORT_BY_NAME(.init_array.*))
 *(.init_array*)
 .init_array    0x0000000008008c9c        0x4 /Applications/STM32CubeIDE.app/Contents/Eclipse/plugins/com.st.stm32cube.ide.mcu.externaltools.gnu-tools-for-stm32.11.3.rel1.macos64_1.1.1.202309131626/tools/bin/../lib/gcc/arm-none-eabi/11.3.1/thumb/v7e-m+fp/hard/crtbegin.o
                0x0000000008008ca0                PROVIDE (__init_array_end = .)
                0x0000000008008ca0                . = ALIGN (0x4)

.fini_array     0x0000000008008ca0        0x4
                0x0000000008008ca0                . = ALIGN (0x4)
                [!provide]                        PROVIDE (__fini_array_start = .)
 *(SORT_BY_NAME(.fini_array.*))
 *(.fini_array*)
 .fini_array    0x0000000008008ca0        0x4 /Applications/STM32CubeIDE.app/Contents/Eclipse/plugins/com.st.stm32cube.ide.mcu.externaltools.gnu-tools-for-stm32.11.3.rel1.macos64_1.1.1.202309131626/tools/bin/../lib/gcc/arm-none-eabi/11.3.1/thumb/v7e-m+fp/hard/crtbegin.o
                [!provide]                        PROVIDE (__fini_array_end = .)
                0x0000000008008ca4                . = ALIGN (0x4)
                0x0000000008008ca4                _sidata = LOADADDR (.data)

.data           0x0000000020000000      0x10c load address 0x0000000008008ca4
                0x0000000020000000                . = ALIGN (0x4)
                0x0000000020000000                _sdata = .
 *(.data)
 *(.data*)
 .data.SystemCoreClock
                0x0000000020000000        0x4 ./Core/Src/system_stm32l4xx.o
                0x0000000020000000                SystemCoreClock
 .data.uwTickPrio
                0x0000000020000004        0x4 ./Drivers/STM32L4xx_HAL_Driver/Src/stm32l4xx_hal.o
                0x0000000020000004                uwTickPrio
 .data.uwTickFreq
                0x0000000020000008        0x1 ./Drivers/STM32L4xx_HAL_Driver/Src/stm32l4xx_hal.o
                0x0000000020000008                uwTickFreq
 *fill*         0x0000000020000009        0x3 
 .data.USBD_CDC_DeviceQualifierDesc
                0x000000002000000c        0xa ./Middlewares/ST/STM32_USB_Device_Library/Class/CDC/Src/usbd_cdc.o
 *fill*         0x0000000020000016        0x2 
 .data.USBD_CDC
                0x0000000020000018       0x38 ./Middlewares/ST/STM32_USB_Device_Library/Class/CDC/Src/usbd_cdc.o
                0x0000000020000018                USBD_CDC
 .data.USBD_CDC_CfgDesc
                0x0000000020000050       0x43 ./Middlewares/ST/STM32_USB_Device_Library/Class/CDC/Src/usbd_cdc.o
 .data.CDCInEpAdd
                0x0000000020000093        0x1 ./Middlewares/ST/STM32_USB_Device_Library/Class/CDC/Src/usbd_cdc.o
 .data.CDCOutEpAdd
                0x0000000020000094        0x1 ./Middlewares/ST/STM32_USB_Device_Library/Class/CDC/Src/usbd_cdc.o
 .data.CDCCmdEpAdd
                0x0000000020000095        0x1 ./Middlewares/ST/STM32_USB_Device_Library/Class/CDC/Src/usbd_cdc.o
 *fill*         0x0000000020000096        0x2 
 .data.USBD_Interface_fops_FS
                0x0000000020000098       0x14 ./USB_DEVICE/App/usbd_cdc_if.o
                0x0000000020000098                USBD_Interface_fops_FS
 .data.FS_Desc  0x00000000200000ac       0x20 ./USB_DEVICE/App/usbd_desc.o
                0x00000000200000ac                FS_Desc
 .data.USBD_FS_DeviceDesc
                0x00000000200000cc       0x12 ./USB_DEVICE/App/usbd_desc.o
                0x00000000200000cc                USBD_FS_DeviceDesc
 *fill*         0x00000000200000de        0x2 
 .data.USBD_FS_BOSDesc
                0x00000000200000e0        0xc ./USB_DEVICE/App/usbd_desc.o
                0x00000000200000e0                USBD_FS_BOSDesc
 .data.USBD_LangIDDesc
                0x00000000200000ec        0x4 ./USB_DEVICE/App/usbd_desc.o
                0x00000000200000ec                USBD_LangIDDesc
 .data.USBD_StringSerial
                0x00000000200000f0       0x1a ./USB_DEVICE/App/usbd_desc.o
                0x00000000200000f0                USBD_StringSerial
 *(.RamFunc)
 *(.RamFunc*)
                0x000000002000010c                . = ALIGN (0x4)
 *fill*         0x000000002000010a        0x2 
                0x000000002000010c                _edata = .

.igot.plt       0x000000002000010c        0x0 load address 0x0000000008008db0
 .igot.plt      0x000000002000010c        0x0 /Applications/STM32CubeIDE.app/Contents/Eclipse/plugins/com.st.stm32cube.ide.mcu.externaltools.gnu-tools-for-stm32.11.3.rel1.macos64_1.1.1.202309131626/tools/bin/../lib/gcc/arm-none-eabi/11.3.1/thumb/v7e-m+fp/hard/crtbegin.o
                0x000000002000010c                . = ALIGN (0x4)

.bss            0x000000002000010c     0x1d0c load address 0x0000000008008db0
                0x000000002000010c                _sbss = .
                0x000000002000010c                __bss_start__ = _sbss
 *(.bss)
 .bss           0x000000002000010c       0x1c /Applications/STM32CubeIDE.app/Contents/Eclipse/plugins/com.st.stm32cube.ide.mcu.externaltools.gnu-tools-for-stm32.11.3.rel1.macos64_1.1.1.202309131626/tools/bin/../lib/gcc/arm-none-eabi/11.3.1/thumb/v7e-m+fp/hard/crtbegin.o
 *(.bss*)
 .bss.hspi1     0x0000000020000128       0x64 ./Core/Src/main.o
                0x0000000020000128                hspi1
 .bss.bmi088    0x000000002000018c       0x50 ./Core/Src/main.o
                0x000000002000018c                bmi088
 .bss.adxl375   0x00000000200001dc       0x2c ./Core/Src/main.o
                0x00000000200001dc                adxl375
 .bss.uwTick    0x0000000020000208        0x4 ./Drivers/STM32L4xx_HAL_Driver/Src/stm32l4xx_hal.o
                0x0000000020000208                uwTick
 .bss.cfgidx.0  0x000000002000020c        0x1 ./Middlewares/ST/STM32_USB_Device_Library/Core/Src/usbd_ctlreq.o
 *fill*         0x000000002000020d        0x3 
 .bss.hUsbDeviceFS
                0x0000000020000210      0x2dc ./USB_DEVICE/App/usb_device.o
                0x0000000020000210                hUsbDeviceFS
 .bss.UserRxBufferFS
                0x00000000200004ec      0x800 ./USB_DEVICE/App/usbd_cdc_if.o
                0x00000000200004ec                UserRxBufferFS
 .bss.UserTxBufferFS
                0x0000000020000cec      0x800 ./USB_DEVICE/App/usbd_cdc_if.o
                0x0000000020000cec                UserTxBufferFS
 .bss.USBD_StrDesc
                0x00000000200014ec      0x200 ./USB_DEVICE/App/usbd_desc.o
                0x00000000200014ec                USBD_StrDesc
 .bss.hpcd_USB_OTG_FS
                0x00000000200016ec      0x50c ./USB_DEVICE/Target/usbd_conf.o
                0x00000000200016ec                hpcd_USB_OTG_FS
 .bss.mem.0     0x0000000020001bf8      0x220 ./USB_DEVICE/Target/usbd_conf.o
 *(COMMON)
                0x0000000020001e18                . = ALIGN (0x4)
                0x0000000020001e18                _ebss = .
                0x0000000020001e18                __bss_end__ = _ebss

._user_heap_stack
                0x0000000020001e18      0x600 load address 0x0000000008008db0
                0x0000000020001e18                . = ALIGN (0x8)
                [!provide]                        PROVIDE (end = .)
                0x0000000020001e18                PROVIDE (_end = .)
                0x0000000020002018                . = (. + _Min_Heap_Size)
 *fill*         0x0000000020001e18      0x200 
                0x0000000020002418                . = (. + _Min_Stack_Size)
 *fill*         0x0000000020002018      0x400 
                0x0000000020002418                . = ALIGN (0x8)

/DISCARD/
 libc.a(*)
 libm.a(*)
 libgcc.a(*)

.ARM.attributes
                0x0000000000000000       0x30
 *(.ARM.attributes)
 .ARM.attributes
                0x0000000000000000       0x1e /Applications/STM32CubeIDE.app/Contents/Eclipse/plugins/com.st.stm32cube.ide.mcu.externaltools.gnu-tools-for-stm32.11.3.rel1.macos64_1.1.1.202309131626/tools/bin/../lib/gcc/arm-none-eabi/11.3.1/thumb/v7e-m+fp/hard/crti.o
 .ARM.attributes
                0x000000000000001e       0x34 /Applications/STM32CubeIDE.app/Contents/Eclipse/plugins/com.st.stm32cube.ide.mcu.externaltools.gnu-tools-for-stm32.11.3.rel1.macos64_1.1.1.202309131626/tools/bin/../lib/gcc/arm-none-eabi/11.3.1/thumb/v7e-m+fp/hard/crtbegin.o
 .ARM.attributes
                0x0000000000000052       0x34 ./Core/Src/Drivers/ADXL375.o
 .ARM.attributes
                0x0000000000000086       0x34 ./Core/Src/Drivers/BMI088.o
 .ARM.attributes
                0x00000000000000ba       0x34 ./Core/Src/main.o
 .ARM.attributes
                0x00000000000000ee       0x34 ./Core/Src/stm32l4xx_hal_msp.o
 .ARM.attributes
                0x0000000000000122       0x34 ./Core/Src/stm32l4xx_it.o
 .ARM.attributes
                0x0000000000000156       0x34 ./Core/Src/system_stm32l4xx.o
 .ARM.attributes
                0x000000000000018a       0x21 ./Core/Startup/startup_stm32l476vetx.o
 .ARM.attributes
                0x00000000000001ab       0x34 ./Drivers/STM32L4xx_HAL_Driver/Src/stm32l4xx_hal.o
 .ARM.attributes
                0x00000000000001df       0x34 ./Drivers/STM32L4xx_HAL_Driver/Src/stm32l4xx_hal_cortex.o
 .ARM.attributes
                0x0000000000000213       0x34 ./Drivers/STM32L4xx_HAL_Driver/Src/stm32l4xx_hal_gpio.o
 .ARM.attributes
                0x0000000000000247       0x34 ./Drivers/STM32L4xx_HAL_Driver/Src/stm32l4xx_hal_pcd.o
 .ARM.attributes
                0x000000000000027b       0x34 ./Drivers/STM32L4xx_HAL_Driver/Src/stm32l4xx_hal_pcd_ex.o
 .ARM.attributes
                0x00000000000002af       0x34 ./Drivers/STM32L4xx_HAL_Driver/Src/stm32l4xx_hal_pwr_ex.o
 .ARM.attributes
                0x00000000000002e3       0x34 ./Drivers/STM32L4xx_HAL_Driver/Src/stm32l4xx_hal_rcc.o
 .ARM.attributes
                0x0000000000000317       0x34 ./Drivers/STM32L4xx_HAL_Driver/Src/stm32l4xx_hal_rcc_ex.o
 .ARM.attributes
                0x000000000000034b       0x34 ./Drivers/STM32L4xx_HAL_Driver/Src/stm32l4xx_hal_spi.o
 .ARM.attributes
                0x000000000000037f       0x34 ./Drivers/STM32L4xx_HAL_Driver/Src/stm32l4xx_ll_usb.o
 .ARM.attributes
                0x00000000000003b3       0x34 ./Middlewares/ST/STM32_USB_Device_Library/Class/CDC/Src/usbd_cdc.o
 .ARM.attributes
                0x00000000000003e7       0x34 ./Middlewares/ST/STM32_USB_Device_Library/Core/Src/usbd_core.o
 .ARM.attributes
                0x000000000000041b       0x34 ./Middlewares/ST/STM32_USB_Device_Library/Core/Src/usbd_ctlreq.o
 .ARM.attributes
                0x000000000000044f       0x34 ./Middlewares/ST/STM32_USB_Device_Library/Core/Src/usbd_ioreq.o
 .ARM.attributes
                0x0000000000000483       0x34 ./USB_DEVICE/App/usb_device.o
 .ARM.attributes
                0x00000000000004b7       0x34 ./USB_DEVICE/App/usbd_cdc_if.o
 .ARM.attributes
                0x00000000000004eb       0x34 ./USB_DEVICE/App/usbd_desc.o
 .ARM.attributes
                0x000000000000051f       0x34 ./USB_DEVICE/Target/usbd_conf.o
 .ARM.attributes
                0x0000000000000553       0x34 /Applications/STM32CubeIDE.app/Contents/Eclipse/plugins/com.st.stm32cube.ide.mcu.externaltools.gnu-tools-for-stm32.11.3.rel1.macos64_1.1.1.202309131626/tools/bin/../lib/gcc/arm-none-eabi/11.3.1/../../../../arm-none-eabi/lib/thumb/v7e-m+fp/hard/libc_nano.a(libc_a-memset.o)
 .ARM.attributes
                0x0000000000000587       0x34 /Applications/STM32CubeIDE.app/Contents/Eclipse/plugins/com.st.stm32cube.ide.mcu.externaltools.gnu-tools-for-stm32.11.3.rel1.macos64_1.1.1.202309131626/tools/bin/../lib/gcc/arm-none-eabi/11.3.1/../../../../arm-none-eabi/lib/thumb/v7e-m+fp/hard/libc_nano.a(libc_a-init.o)
 .ARM.attributes
                0x00000000000005bb       0x1e /Applications/STM32CubeIDE.app/Contents/Eclipse/plugins/com.st.stm32cube.ide.mcu.externaltools.gnu-tools-for-stm32.11.3.rel1.macos64_1.1.1.202309131626/tools/bin/../lib/gcc/arm-none-eabi/11.3.1/thumb/v7e-m+fp/hard/crtn.o
OUTPUT(Strix Firmware.elf elf32-littlearm)
LOAD linker stubs
LOAD /Applications/STM32CubeIDE.app/Contents/Eclipse/plugins/com.st.stm32cube.ide.mcu.externaltools.gnu-tools-for-stm32.11.3.rel1.macos64_1.1.1.202309131626/tools/bin/../lib/gcc/arm-none-eabi/11.3.1/../../../../arm-none-eabi/lib/thumb/v7e-m+fp/hard/libc.a
LOAD /Applications/STM32CubeIDE.app/Contents/Eclipse/plugins/com.st.stm32cube.ide.mcu.externaltools.gnu-tools-for-stm32.11.3.rel1.macos64_1.1.1.202309131626/tools/bin/../lib/gcc/arm-none-eabi/11.3.1/../../../../arm-none-eabi/lib/thumb/v7e-m+fp/hard/libm.a
LOAD /Applications/STM32CubeIDE.app/Contents/Eclipse/plugins/com.st.stm32cube.ide.mcu.externaltools.gnu-tools-for-stm32.11.3.rel1.macos64_1.1.1.202309131626/tools/bin/../lib/gcc/arm-none-eabi/11.3.1/thumb/v7e-m+fp/hard/libgcc.a

.comment        0x0000000000000000       0x43
 .comment       0x0000000000000000       0x43 /Applications/STM32CubeIDE.app/Contents/Eclipse/plugins/com.st.stm32cube.ide.mcu.externaltools.gnu-tools-for-stm32.11.3.rel1.macos64_1.1.1.202309131626/tools/bin/../lib/gcc/arm-none-eabi/11.3.1/thumb/v7e-m+fp/hard/crtbegin.o
                                         0x44 (size before relaxing)
 .comment       0x0000000000000043       0x44 ./Core/Src/Drivers/ADXL375.o
 .comment       0x0000000000000043       0x44 ./Core/Src/Drivers/BMI088.o
 .comment       0x0000000000000043       0x44 ./Core/Src/main.o
 .comment       0x0000000000000043       0x44 ./Core/Src/stm32l4xx_hal_msp.o
 .comment       0x0000000000000043       0x44 ./Core/Src/stm32l4xx_it.o
 .comment       0x0000000000000043       0x44 ./Core/Src/system_stm32l4xx.o
 .comment       0x0000000000000043       0x44 ./Drivers/STM32L4xx_HAL_Driver/Src/stm32l4xx_hal.o
 .comment       0x0000000000000043       0x44 ./Drivers/STM32L4xx_HAL_Driver/Src/stm32l4xx_hal_cortex.o
 .comment       0x0000000000000043       0x44 ./Drivers/STM32L4xx_HAL_Driver/Src/stm32l4xx_hal_gpio.o
 .comment       0x0000000000000043       0x44 ./Drivers/STM32L4xx_HAL_Driver/Src/stm32l4xx_hal_pcd.o
 .comment       0x0000000000000043       0x44 ./Drivers/STM32L4xx_HAL_Driver/Src/stm32l4xx_hal_pcd_ex.o
 .comment       0x0000000000000043       0x44 ./Drivers/STM32L4xx_HAL_Driver/Src/stm32l4xx_hal_pwr_ex.o
 .comment       0x0000000000000043       0x44 ./Drivers/STM32L4xx_HAL_Driver/Src/stm32l4xx_hal_rcc.o
 .comment       0x0000000000000043       0x44 ./Drivers/STM32L4xx_HAL_Driver/Src/stm32l4xx_hal_rcc_ex.o
 .comment       0x0000000000000043       0x44 ./Drivers/STM32L4xx_HAL_Driver/Src/stm32l4xx_hal_spi.o
 .comment       0x0000000000000043       0x44 ./Drivers/STM32L4xx_HAL_Driver/Src/stm32l4xx_ll_usb.o
 .comment       0x0000000000000043       0x44 ./Middlewares/ST/STM32_USB_Device_Library/Class/CDC/Src/usbd_cdc.o
 .comment       0x0000000000000043       0x44 ./Middlewares/ST/STM32_USB_Device_Library/Core/Src/usbd_core.o
 .comment       0x0000000000000043       0x44 ./Middlewares/ST/STM32_USB_Device_Library/Core/Src/usbd_ctlreq.o
 .comment       0x0000000000000043       0x44 ./Middlewares/ST/STM32_USB_Device_Library/Core/Src/usbd_ioreq.o
 .comment       0x0000000000000043       0x44 ./USB_DEVICE/App/usb_device.o
 .comment       0x0000000000000043       0x44 ./USB_DEVICE/App/usbd_cdc_if.o
 .comment       0x0000000000000043       0x44 ./USB_DEVICE/App/usbd_desc.o
 .comment       0x0000000000000043       0x44 ./USB_DEVICE/Target/usbd_conf.o

.debug_info     0x0000000000000000    0x13450
 .debug_info    0x0000000000000000      0xa2c ./Core/Src/Drivers/ADXL375.o
 .debug_info    0x0000000000000a2c      0xc91 ./Core/Src/Drivers/BMI088.o
 .debug_info    0x00000000000016bd      0xed6 ./Core/Src/main.o
 .debug_info    0x0000000000002593      0x947 ./Core/Src/stm32l4xx_hal_msp.o
 .debug_info    0x0000000000002eda      0x69d ./Core/Src/stm32l4xx_it.o
 .debug_info    0x0000000000003577      0x5b1 ./Core/Src/system_stm32l4xx.o
 .debug_info    0x0000000000003b28       0x23 ./Core/Startup/startup_stm32l476vetx.o
 .debug_info    0x0000000000003b4b      0xaeb ./Drivers/STM32L4xx_HAL_Driver/Src/stm32l4xx_hal.o
 .debug_info    0x0000000000004636      0xd4c ./Drivers/STM32L4xx_HAL_Driver/Src/stm32l4xx_hal_cortex.o
 .debug_info    0x0000000000005382      0x757 ./Drivers/STM32L4xx_HAL_Driver/Src/stm32l4xx_hal_gpio.o
 .debug_info    0x0000000000005ad9     0x14c8 ./Drivers/STM32L4xx_HAL_Driver/Src/stm32l4xx_hal_pcd.o
 .debug_info    0x0000000000006fa1      0x89e ./Drivers/STM32L4xx_HAL_Driver/Src/stm32l4xx_hal_pcd_ex.o
 .debug_info    0x000000000000783f      0x99e ./Drivers/STM32L4xx_HAL_Driver/Src/stm32l4xx_hal_pwr_ex.o
 .debug_info    0x00000000000081dd      0xc14 ./Drivers/STM32L4xx_HAL_Driver/Src/stm32l4xx_hal_rcc.o
 .debug_info    0x0000000000008df1      0xe11 ./Drivers/STM32L4xx_HAL_Driver/Src/stm32l4xx_hal_rcc_ex.o
 .debug_info    0x0000000000009c02     0x161a ./Drivers/STM32L4xx_HAL_Driver/Src/stm32l4xx_hal_spi.o
 .debug_info    0x000000000000b21c     0x1971 ./Drivers/STM32L4xx_HAL_Driver/Src/stm32l4xx_ll_usb.o
 .debug_info    0x000000000000cb8d     0x132f ./Middlewares/ST/STM32_USB_Device_Library/Class/CDC/Src/usbd_cdc.o
 .debug_info    0x000000000000debc      0xe12 ./Middlewares/ST/STM32_USB_Device_Library/Core/Src/usbd_core.o
 .debug_info    0x000000000000ecce      0xaeb ./Middlewares/ST/STM32_USB_Device_Library/Core/Src/usbd_ctlreq.o
 .debug_info    0x000000000000f7b9      0x762 ./Middlewares/ST/STM32_USB_Device_Library/Core/Src/usbd_ioreq.o
 .debug_info    0x000000000000ff1b      0x70e ./USB_DEVICE/App/usb_device.o
 .debug_info    0x0000000000010629      0x907 ./USB_DEVICE/App/usbd_cdc_if.o
 .debug_info    0x0000000000010f30      0x4ba ./USB_DEVICE/App/usbd_desc.o
 .debug_info    0x00000000000113ea     0x2066 ./USB_DEVICE/Target/usbd_conf.o

.debug_abbrev   0x0000000000000000     0x368d
 .debug_abbrev  0x0000000000000000      0x1d9 ./Core/Src/Drivers/ADXL375.o
 .debug_abbrev  0x00000000000001d9      0x21f ./Core/Src/Drivers/BMI088.o
 .debug_abbrev  0x00000000000003f8      0x27e ./Core/Src/main.o
 .debug_abbrev  0x0000000000000676      0x1a7 ./Core/Src/stm32l4xx_hal_msp.o
 .debug_abbrev  0x000000000000081d      0x1a4 ./Core/Src/stm32l4xx_it.o
 .debug_abbrev  0x00000000000009c1      0x11a ./Core/Src/system_stm32l4xx.o
 .debug_abbrev  0x0000000000000adb       0x12 ./Core/Startup/startup_stm32l476vetx.o
 .debug_abbrev  0x0000000000000aed      0x242 ./Drivers/STM32L4xx_HAL_Driver/Src/stm32l4xx_hal.o
 .debug_abbrev  0x0000000000000d2f      0x327 ./Drivers/STM32L4xx_HAL_Driver/Src/stm32l4xx_hal_cortex.o
 .debug_abbrev  0x0000000000001056      0x1cb ./Drivers/STM32L4xx_HAL_Driver/Src/stm32l4xx_hal_gpio.o
 .debug_abbrev  0x0000000000001221      0x2cf ./Drivers/STM32L4xx_HAL_Driver/Src/stm32l4xx_hal_pcd.o
 .debug_abbrev  0x00000000000014f0      0x256 ./Drivers/STM32L4xx_HAL_Driver/Src/stm32l4xx_hal_pcd_ex.o
 .debug_abbrev  0x0000000000001746      0x1f9 ./Drivers/STM32L4xx_HAL_Driver/Src/stm32l4xx_hal_pwr_ex.o
 .debug_abbrev  0x000000000000193f      0x2cb ./Drivers/STM32L4xx_HAL_Driver/Src/stm32l4xx_hal_rcc.o
 .debug_abbrev  0x0000000000001c0a      0x2a6 ./Drivers/STM32L4xx_HAL_Driver/Src/stm32l4xx_hal_rcc_ex.o
 .debug_abbrev  0x0000000000001eb0      0x26a ./Drivers/STM32L4xx_HAL_Driver/Src/stm32l4xx_hal_spi.o
 .debug_abbrev  0x000000000000211a      0x2b3 ./Drivers/STM32L4xx_HAL_Driver/Src/stm32l4xx_ll_usb.o
 .debug_abbrev  0x00000000000023cd      0x2d2 ./Middlewares/ST/STM32_USB_Device_Library/Class/CDC/Src/usbd_cdc.o
 .debug_abbrev  0x000000000000269f      0x27c ./Middlewares/ST/STM32_USB_Device_Library/Core/Src/usbd_core.o
 .debug_abbrev  0x000000000000291b      0x26f ./Middlewares/ST/STM32_USB_Device_Library/Core/Src/usbd_ctlreq.o
 .debug_abbrev  0x0000000000002b8a      0x19a ./Middlewares/ST/STM32_USB_Device_Library/Core/Src/usbd_ioreq.o
 .debug_abbrev  0x0000000000002d24      0x195 ./USB_DEVICE/App/usb_device.o
 .debug_abbrev  0x0000000000002eb9      0x29d ./USB_DEVICE/App/usbd_cdc_if.o
 .debug_abbrev  0x0000000000003156      0x1e3 ./USB_DEVICE/App/usbd_desc.o
 .debug_abbrev  0x0000000000003339      0x354 ./USB_DEVICE/Target/usbd_conf.o

.debug_aranges  0x0000000000000000     0x1070
 .debug_aranges
                0x0000000000000000       0x48 ./Core/Src/Drivers/ADXL375.o
 .debug_aranges
                0x0000000000000048       0x70 ./Core/Src/Drivers/BMI088.o
 .debug_aranges
                0x00000000000000b8       0x40 ./Core/Src/main.o
 .debug_aranges
                0x00000000000000f8       0x30 ./Core/Src/stm32l4xx_hal_msp.o
 .debug_aranges
                0x0000000000000128       0x68 ./Core/Src/stm32l4xx_it.o
 .debug_aranges
                0x0000000000000190       0x28 ./Core/Src/system_stm32l4xx.o
 .debug_aranges
                0x00000000000001b8       0x28 ./Core/Startup/startup_stm32l476vetx.o
 .debug_aranges
                0x00000000000001e0      0x130 ./Drivers/STM32L4xx_HAL_Driver/Src/stm32l4xx_hal.o
 .debug_aranges
                0x0000000000000310      0x118 ./Drivers/STM32L4xx_HAL_Driver/Src/stm32l4xx_hal_cortex.o
 .debug_aranges
                0x0000000000000428       0x58 ./Drivers/STM32L4xx_HAL_Driver/Src/stm32l4xx_hal_gpio.o
 .debug_aranges
                0x0000000000000480      0x138 ./Drivers/STM32L4xx_HAL_Driver/Src/stm32l4xx_hal_pcd.o
 .debug_aranges
                0x00000000000005b8       0x60 ./Drivers/STM32L4xx_HAL_Driver/Src/stm32l4xx_hal_pcd_ex.o
 .debug_aranges
                0x0000000000000618      0x160 ./Drivers/STM32L4xx_HAL_Driver/Src/stm32l4xx_hal_pwr_ex.o
 .debug_aranges
                0x0000000000000778       0x90 ./Drivers/STM32L4xx_HAL_Driver/Src/stm32l4xx_hal_rcc.o
 .debug_aranges
                0x0000000000000808       0xc0 ./Drivers/STM32L4xx_HAL_Driver/Src/stm32l4xx_hal_rcc_ex.o
 .debug_aranges
                0x00000000000008c8      0x1d8 ./Drivers/STM32L4xx_HAL_Driver/Src/stm32l4xx_hal_spi.o
 .debug_aranges
                0x0000000000000aa0      0x1a0 ./Drivers/STM32L4xx_HAL_Driver/Src/stm32l4xx_ll_usb.o
 .debug_aranges
                0x0000000000000c40       0x90 ./Middlewares/ST/STM32_USB_Device_Library/Class/CDC/Src/usbd_cdc.o
 .debug_aranges
                0x0000000000000cd0       0xd8 ./Middlewares/ST/STM32_USB_Device_Library/Core/Src/usbd_core.o
 .debug_aranges
                0x0000000000000da8       0x90 ./Middlewares/ST/STM32_USB_Device_Library/Core/Src/usbd_ctlreq.o
 .debug_aranges
                0x0000000000000e38       0x50 ./Middlewares/ST/STM32_USB_Device_Library/Core/Src/usbd_ioreq.o
 .debug_aranges
                0x0000000000000e88       0x20 ./USB_DEVICE/App/usb_device.o
 .debug_aranges
                0x0000000000000ea8       0x48 ./USB_DEVICE/App/usbd_cdc_if.o
 .debug_aranges
                0x0000000000000ef0       0x68 ./USB_DEVICE/App/usbd_desc.o
 .debug_aranges
                0x0000000000000f58      0x118 ./USB_DEVICE/Target/usbd_conf.o

.debug_rnglists
                0x0000000000000000      0xc49
 .debug_rnglists
                0x0000000000000000       0x34 ./Core/Src/Drivers/ADXL375.o
 .debug_rnglists
                0x0000000000000034       0x54 ./Core/Src/Drivers/BMI088.o
 .debug_rnglists
                0x0000000000000088       0x2e ./Core/Src/main.o
 .debug_rnglists
                0x00000000000000b6       0x20 ./Core/Src/stm32l4xx_hal_msp.o
 .debug_rnglists
                0x00000000000000d6       0x49 ./Core/Src/stm32l4xx_it.o
 .debug_rnglists
                0x000000000000011f       0x1a ./Core/Src/system_stm32l4xx.o
 .debug_rnglists
                0x0000000000000139       0x19 ./Core/Startup/startup_stm32l476vetx.o
 .debug_rnglists
                0x0000000000000152       0xdf ./Drivers/STM32L4xx_HAL_Driver/Src/stm32l4xx_hal.o
 .debug_rnglists
                0x0000000000000231       0xce ./Drivers/STM32L4xx_HAL_Driver/Src/stm32l4xx_hal_cortex.o
 .debug_rnglists
                0x00000000000002ff       0x3f ./Drivers/STM32L4xx_HAL_Driver/Src/stm32l4xx_hal_gpio.o
 .debug_rnglists
                0x000000000000033e       0xed ./Drivers/STM32L4xx_HAL_Driver/Src/stm32l4xx_hal_pcd.o
 .debug_rnglists
                0x000000000000042b       0x45 ./Drivers/STM32L4xx_HAL_Driver/Src/stm32l4xx_hal_pcd_ex.o
 .debug_rnglists
                0x0000000000000470      0x109 ./Drivers/STM32L4xx_HAL_Driver/Src/stm32l4xx_hal_pwr_ex.o
 .debug_rnglists
                0x0000000000000579       0x6d ./Drivers/STM32L4xx_HAL_Driver/Src/stm32l4xx_hal_rcc.o
 .debug_rnglists
                0x00000000000005e6       0x95 ./Drivers/STM32L4xx_HAL_Driver/Src/stm32l4xx_hal_rcc_ex.o
 .debug_rnglists
                0x000000000000067b      0x178 ./Drivers/STM32L4xx_HAL_Driver/Src/stm32l4xx_hal_spi.o
 .debug_rnglists
                0x00000000000007f3      0x146 ./Drivers/STM32L4xx_HAL_Driver/Src/stm32l4xx_ll_usb.o
 .debug_rnglists
                0x0000000000000939       0x6c ./Middlewares/ST/STM32_USB_Device_Library/Class/CDC/Src/usbd_cdc.o
 .debug_rnglists
                0x00000000000009a5       0xa1 ./Middlewares/ST/STM32_USB_Device_Library/Core/Src/usbd_core.o
 .debug_rnglists
                0x0000000000000a46       0x6e ./Middlewares/ST/STM32_USB_Device_Library/Core/Src/usbd_ctlreq.o
 .debug_rnglists
                0x0000000000000ab4       0x37 ./Middlewares/ST/STM32_USB_Device_Library/Core/Src/usbd_ioreq.o
 .debug_rnglists
                0x0000000000000aeb       0x13 ./USB_DEVICE/App/usb_device.o
 .debug_rnglists
                0x0000000000000afe       0x32 ./USB_DEVICE/App/usbd_cdc_if.o
 .debug_rnglists
                0x0000000000000b30       0x49 ./USB_DEVICE/App/usbd_desc.o
 .debug_rnglists
                0x0000000000000b79       0xd0 ./USB_DEVICE/Target/usbd_conf.o

.debug_macro    0x0000000000000000    0x28836
 .debug_macro   0x0000000000000000      0x1e0 ./Core/Src/Drivers/ADXL375.o
 .debug_macro   0x00000000000001e0      0xaa8 ./Core/Src/Drivers/ADXL375.o
 .debug_macro   0x0000000000000c88      0x1a7 ./Core/Src/Drivers/ADXL375.o
 .debug_macro   0x0000000000000e2f       0x2e ./Core/Src/Drivers/ADXL375.o
 .debug_macro   0x0000000000000e5d       0x28 ./Core/Src/Drivers/ADXL375.o
 .debug_macro   0x0000000000000e85       0x22 ./Core/Src/Drivers/ADXL375.o
 .debug_macro   0x0000000000000ea7       0x8e ./Core/Src/Drivers/ADXL375.o
 .debug_macro   0x0000000000000f35       0x51 ./Core/Src/Drivers/ADXL375.o
 .debug_macro   0x0000000000000f86      0x103 ./Core/Src/Drivers/ADXL375.o
 .debug_macro   0x0000000000001089       0x6a ./Core/Src/Drivers/ADXL375.o
 .debug_macro   0x00000000000010f3      0x1df ./Core/Src/Drivers/ADXL375.o
 .debug_macro   0x00000000000012d2       0x1c ./Core/Src/Drivers/ADXL375.o
 .debug_macro   0x00000000000012ee       0x22 ./Core/Src/Drivers/ADXL375.o
 .debug_macro   0x0000000000001310       0xfb ./Core/Src/Drivers/ADXL375.o
 .debug_macro   0x000000000000140b     0x1011 ./Core/Src/Drivers/ADXL375.o
 .debug_macro   0x000000000000241c      0x11f ./Core/Src/Drivers/ADXL375.o
 .debug_macro   0x000000000000253b    0x1a17a ./Core/Src/Drivers/ADXL375.o
 .debug_macro   0x000000000001c6b5       0x6d ./Core/Src/Drivers/ADXL375.o
 .debug_macro   0x000000000001c722     0x38e6 ./Core/Src/Drivers/ADXL375.o
 .debug_macro   0x0000000000020008      0x174 ./Core/Src/Drivers/ADXL375.o
 .debug_macro   0x000000000002017c       0x5c ./Core/Src/Drivers/ADXL375.o
 .debug_macro   0x00000000000201d8     0x159e ./Core/Src/Drivers/ADXL375.o
 .debug_macro   0x0000000000021776      0x5a5 ./Core/Src/Drivers/ADXL375.o
 .debug_macro   0x0000000000021d1b      0x1b9 ./Core/Src/Drivers/ADXL375.o
 .debug_macro   0x0000000000021ed4      0x18b ./Core/Src/Drivers/ADXL375.o
 .debug_macro   0x000000000002205f      0x26b ./Core/Src/Drivers/ADXL375.o
 .debug_macro   0x00000000000222ca      0x23d ./Core/Src/Drivers/ADXL375.o
 .debug_macro   0x0000000000022507      0x241 ./Core/Src/Drivers/ADXL375.o
 .debug_macro   0x0000000000022748      0x37c ./Core/Src/Drivers/ADXL375.o
 .debug_macro   0x0000000000022ac4       0xd6 ./Core/Src/Drivers/ADXL375.o
 .debug_macro   0x0000000000022b9a      0x209 ./Core/Src/Drivers/ADXL375.o
 .debug_macro   0x0000000000022da3       0x97 ./Core/Src/Drivers/ADXL375.o
 .debug_macro   0x0000000000022e3a      0x122 ./Core/Src/Drivers/ADXL375.o
 .debug_macro   0x0000000000022f5c      0x3ef ./Core/Src/Drivers/ADXL375.o
 .debug_macro   0x000000000002334b      0x2fe ./Core/Src/Drivers/ADXL375.o
 .debug_macro   0x0000000000023649      0x330 ./Core/Src/Drivers/ADXL375.o
 .debug_macro   0x0000000000023979       0x2e ./Core/Src/Drivers/ADXL375.o
 .debug_macro   0x00000000000239a7      0x1e0 ./Core/Src/Drivers/BMI088.o
 .debug_macro   0x0000000000023b87       0x70 ./Core/Src/Drivers/BMI088.o
 .debug_macro   0x0000000000023bf7      0x3a9 ./Core/Src/main.o
 .debug_macro   0x0000000000023fa0      0x100 ./Core/Src/main.o
 .debug_macro   0x00000000000240a0       0x61 ./Core/Src/main.o
 .debug_macro   0x0000000000024101       0x2a ./Core/Src/main.o
 .debug_macro   0x000000000002412b       0x43 ./Core/Src/main.o
 .debug_macro   0x000000000002416e       0x34 ./Core/Src/main.o
 .debug_macro   0x00000000000241a2       0x16 ./Core/Src/main.o
 .debug_macro   0x00000000000241b8       0x35 ./Core/Src/main.o
 .debug_macro   0x00000000000241ed      0x369 ./Core/Src/main.o
 .debug_macro   0x0000000000024556       0x10 ./Core/Src/main.o
 .debug_macro   0x0000000000024566       0x16 ./Core/Src/main.o
 .debug_macro   0x000000000002457c       0x43 ./Core/Src/main.o
 .debug_macro   0x00000000000245bf       0x34 ./Core/Src/main.o
 .debug_macro   0x00000000000245f3       0x10 ./Core/Src/main.o
 .debug_macro   0x0000000000024603       0x58 ./Core/Src/main.o
 .debug_macro   0x000000000002465b       0x8e ./Core/Src/main.o
 .debug_macro   0x00000000000246e9       0x1c ./Core/Src/main.o
 .debug_macro   0x0000000000024705      0x177 ./Core/Src/main.o
 .debug_macro   0x000000000002487c       0x16 ./Core/Src/main.o
 .debug_macro   0x0000000000024892       0x16 ./Core/Src/main.o
 .debug_macro   0x00000000000248a8      0x147 ./Core/Src/main.o
 .debug_macro   0x00000000000249ef       0x16 ./Core/Src/main.o
 .debug_macro   0x0000000000024a05       0x16 ./Core/Src/main.o
 .debug_macro   0x0000000000024a1b       0x29 ./Core/Src/main.o
 .debug_macro   0x0000000000024a44       0x16 ./Core/Src/main.o
 .debug_macro   0x0000000000024a5a       0x20 ./Core/Src/main.o
 .debug_macro   0x0000000000024a7a       0x5f ./Core/Src/main.o
 .debug_macro   0x0000000000024ad9      0x20f ./Core/Src/main.o
 .debug_macro   0x0000000000024ce8       0x95 ./Core/Src/main.o
 .debug_macro   0x0000000000024d7d       0x10 ./Core/Src/main.o
 .debug_macro   0x0000000000024d8d       0x76 ./Core/Src/main.o
 .debug_macro   0x0000000000024e03       0x34 ./Core/Src/main.o
 .debug_macro   0x0000000000024e37       0x46 ./Core/Src/main.o
 .debug_macro   0x0000000000024e7d      0x1e0 ./Core/Src/stm32l4xx_hal_msp.o
 .debug_macro   0x000000000002505d      0x1ea ./Core/Src/stm32l4xx_it.o
 .debug_macro   0x0000000000025247      0x1d1 ./Core/Src/system_stm32l4xx.o
 .debug_macro   0x0000000000025418      0x21f ./Drivers/STM32L4xx_HAL_Driver/Src/stm32l4xx_hal.o
 .debug_macro   0x0000000000025637      0x1d1 ./Drivers/STM32L4xx_HAL_Driver/Src/stm32l4xx_hal_cortex.o
 .debug_macro   0x0000000000025808      0x1d8 ./Drivers/STM32L4xx_HAL_Driver/Src/stm32l4xx_hal_gpio.o
 .debug_macro   0x00000000000259e0      0x1dd ./Drivers/STM32L4xx_HAL_Driver/Src/stm32l4xx_hal_pcd.o
 .debug_macro   0x0000000000025bbd      0x1d1 ./Drivers/STM32L4xx_HAL_Driver/Src/stm32l4xx_hal_pcd_ex.o
 .debug_macro   0x0000000000025d8e      0x1f5 ./Drivers/STM32L4xx_HAL_Driver/Src/stm32l4xx_hal_pwr_ex.o
 .debug_macro   0x0000000000025f83      0x213 ./Drivers/STM32L4xx_HAL_Driver/Src/stm32l4xx_hal_rcc.o
 .debug_macro   0x0000000000026196      0x207 ./Drivers/STM32L4xx_HAL_Driver/Src/stm32l4xx_hal_rcc_ex.o
 .debug_macro   0x000000000002639d      0x1d9 ./Drivers/STM32L4xx_HAL_Driver/Src/stm32l4xx_hal_spi.o
 .debug_macro   0x0000000000026576      0x1d1 ./Drivers/STM32L4xx_HAL_Driver/Src/stm32l4xx_ll_usb.o
 .debug_macro   0x0000000000026747      0x36f ./Middlewares/ST/STM32_USB_Device_Library/Class/CDC/Src/usbd_cdc.o
 .debug_macro   0x0000000000026ab6       0x97 ./Middlewares/ST/STM32_USB_Device_Library/Class/CDC/Src/usbd_cdc.o
 .debug_macro   0x0000000000026b4d       0xfd ./Middlewares/ST/STM32_USB_Device_Library/Class/CDC/Src/usbd_cdc.o
 .debug_macro   0x0000000000026c4a       0x56 ./Middlewares/ST/STM32_USB_Device_Library/Class/CDC/Src/usbd_cdc.o
 .debug_macro   0x0000000000026ca0      0x356 ./Middlewares/ST/STM32_USB_Device_Library/Core/Src/usbd_core.o
 .debug_macro   0x0000000000026ff6      0x215 ./Middlewares/ST/STM32_USB_Device_Library/Core/Src/usbd_core.o
 .debug_macro   0x000000000002720b      0x360 ./Middlewares/ST/STM32_USB_Device_Library/Core/Src/usbd_ctlreq.o
 .debug_macro   0x000000000002756b      0x35c ./Middlewares/ST/STM32_USB_Device_Library/Core/Src/usbd_ioreq.o
 .debug_macro   0x00000000000278c7      0x38f ./USB_DEVICE/App/usb_device.o
 .debug_macro   0x0000000000027c56      0x106 ./USB_DEVICE/App/usb_device.o
 .debug_macro   0x0000000000027d5c       0x22 ./USB_DEVICE/App/usb_device.o
 .debug_macro   0x0000000000027d7e       0x16 ./USB_DEVICE/App/usb_device.o
 .debug_macro   0x0000000000027d94      0x37a ./USB_DEVICE/App/usbd_cdc_if.o
 .debug_macro   0x000000000002810e      0x399 ./USB_DEVICE/App/usbd_desc.o
 .debug_macro   0x00000000000284a7       0x1c ./USB_DEVICE/App/usbd_desc.o
 .debug_macro   0x00000000000284c3      0x373 ./USB_DEVICE/Target/usbd_conf.o

.debug_line     0x0000000000000000    0x143cd
 .debug_line    0x0000000000000000      0x8ab ./Core/Src/Drivers/ADXL375.o
 .debug_line    0x00000000000008ab      0xa9a ./Core/Src/Drivers/BMI088.o
 .debug_line    0x0000000000001345      0xb27 ./Core/Src/main.o
 .debug_line    0x0000000000001e6c      0x73e ./Core/Src/stm32l4xx_hal_msp.o
 .debug_line    0x00000000000025aa      0x7cb ./Core/Src/stm32l4xx_it.o
 .debug_line    0x0000000000002d75      0x788 ./Core/Src/system_stm32l4xx.o
 .debug_line    0x00000000000034fd       0x7a ./Core/Startup/startup_stm32l476vetx.o
 .debug_line    0x0000000000003577      0xae0 ./Drivers/STM32L4xx_HAL_Driver/Src/stm32l4xx_hal.o
 .debug_line    0x0000000000004057      0xc87 ./Drivers/STM32L4xx_HAL_Driver/Src/stm32l4xx_hal_cortex.o
 .debug_line    0x0000000000004cde      0xb54 ./Drivers/STM32L4xx_HAL_Driver/Src/stm32l4xx_hal_gpio.o
 .debug_line    0x0000000000005832     0x12ee ./Drivers/STM32L4xx_HAL_Driver/Src/stm32l4xx_hal_pcd.o
 .debug_line    0x0000000000006b20      0x8c0 ./Drivers/STM32L4xx_HAL_Driver/Src/stm32l4xx_hal_pcd_ex.o
 .debug_line    0x00000000000073e0      0xcd8 ./Drivers/STM32L4xx_HAL_Driver/Src/stm32l4xx_hal_pwr_ex.o
 .debug_line    0x00000000000080b8      0xf57 ./Drivers/STM32L4xx_HAL_Driver/Src/stm32l4xx_hal_rcc.o
 .debug_line    0x000000000000900f     0x14d1 ./Drivers/STM32L4xx_HAL_Driver/Src/stm32l4xx_hal_rcc_ex.o
 .debug_line    0x000000000000a4e0     0x1f4d ./Drivers/STM32L4xx_HAL_Driver/Src/stm32l4xx_hal_spi.o
 .debug_line    0x000000000000c42d     0x192e ./Drivers/STM32L4xx_HAL_Driver/Src/stm32l4xx_ll_usb.o
 .debug_line    0x000000000000dd5b      0xe78 ./Middlewares/ST/STM32_USB_Device_Library/Class/CDC/Src/usbd_cdc.o
 .debug_line    0x000000000000ebd3      0xef5 ./Middlewares/ST/STM32_USB_Device_Library/Core/Src/usbd_core.o
 .debug_line    0x000000000000fac8     0x10fd ./Middlewares/ST/STM32_USB_Device_Library/Core/Src/usbd_ctlreq.o
 .debug_line    0x0000000000010bc5      0xa0c ./Middlewares/ST/STM32_USB_Device_Library/Core/Src/usbd_ioreq.o
 .debug_line    0x00000000000115d1      0x9c8 ./USB_DEVICE/App/usb_device.o
 .debug_line    0x0000000000011f99      0xa2b ./USB_DEVICE/App/usbd_cdc_if.o
 .debug_line    0x00000000000129c4      0xaac ./USB_DEVICE/App/usbd_desc.o
 .debug_line    0x0000000000013470      0xf5d ./USB_DEVICE/Target/usbd_conf.o

.debug_str      0x0000000000000000    0xe8d4a
 .debug_str     0x0000000000000000    0xdf2da ./Core/Src/Drivers/ADXL375.o
                                      0xdf615 (size before relaxing)
 .debug_str     0x00000000000df2da      0x356 ./Core/Src/Drivers/BMI088.o
                                      0xdf81b (size before relaxing)
 .debug_str     0x00000000000df630     0x4f88 ./Core/Src/main.o
                                      0xe475a (size before relaxing)
 .debug_str     0x00000000000e45b8       0x63 ./Core/Src/stm32l4xx_hal_msp.o
                                      0xdfa8d (size before relaxing)
 .debug_str     0x00000000000e461b      0x4ab ./Core/Src/stm32l4xx_it.o
                                      0xdf9a4 (size before relaxing)
 .debug_str     0x00000000000e4ac6       0xf2 ./Core/Src/system_stm32l4xx.o
                                      0xdf1aa (size before relaxing)
 .debug_str     0x00000000000e4bb8       0x34 ./Core/Startup/startup_stm32l476vetx.o
                                         0x7b (size before relaxing)
 .debug_str     0x00000000000e4bec      0xa94 ./Drivers/STM32L4xx_HAL_Driver/Src/stm32l4xx_hal.o
                                      0xdfd3d (size before relaxing)
 .debug_str     0x00000000000e5680      0x344 ./Drivers/STM32L4xx_HAL_Driver/Src/stm32l4xx_hal_cortex.o
                                      0xdf9f1 (size before relaxing)
 .debug_str     0x00000000000e59c4      0x128 ./Drivers/STM32L4xx_HAL_Driver/Src/stm32l4xx_hal_gpio.o
                                      0xdf323 (size before relaxing)
 .debug_str     0x00000000000e5aec      0x80a ./Drivers/STM32L4xx_HAL_Driver/Src/stm32l4xx_hal_pcd.o
                                      0xdfc2b (size before relaxing)
 .debug_str     0x00000000000e62f6      0x174 ./Drivers/STM32L4xx_HAL_Driver/Src/stm32l4xx_hal_pcd_ex.o
                                      0xdf5f9 (size before relaxing)
 .debug_str     0x00000000000e646a      0x4e3 ./Drivers/STM32L4xx_HAL_Driver/Src/stm32l4xx_hal_pwr_ex.o
                                      0xdf705 (size before relaxing)
 .debug_str     0x00000000000e694d      0x398 ./Drivers/STM32L4xx_HAL_Driver/Src/stm32l4xx_hal_rcc.o
                                      0xdf7f0 (size before relaxing)
 .debug_str     0x00000000000e6ce5      0x633 ./Drivers/STM32L4xx_HAL_Driver/Src/stm32l4xx_hal_rcc_ex.o
                                      0xdf969 (size before relaxing)
 .debug_str     0x00000000000e7318      0x561 ./Drivers/STM32L4xx_HAL_Driver/Src/stm32l4xx_hal_spi.o
                                      0xdf9cb (size before relaxing)
 .debug_str     0x00000000000e7879      0x478 ./Drivers/STM32L4xx_HAL_Driver/Src/stm32l4xx_ll_usb.o
                                      0xdfb03 (size before relaxing)
 .debug_str     0x00000000000e7cf1      0x702 ./Middlewares/ST/STM32_USB_Device_Library/Class/CDC/Src/usbd_cdc.o
                                      0xe46a7 (size before relaxing)
 .debug_str     0x00000000000e83f3      0x356 ./Middlewares/ST/STM32_USB_Device_Library/Core/Src/usbd_core.o
                                      0xe3fb5 (size before relaxing)