Archive member included to satisfy reference by file (symbol)

/Applications/STM32CubeIDE.app/Contents/Eclipse/plugins/com.st.stm32cube.ide.mcu.externaltools.gnu-tools-for-stm32.11.3.rel1.macos64_1.1.100.202310310803/tools/bin/../lib/gcc/arm-none-eabi/11.3.1/../../../../arm-none-eabi/lib/thumb/v7e-m+fp/hard/libc_nano.a(libc_a-exit.o)
                              /Applications/STM32CubeIDE.app/Contents/Eclipse/plugins/com.st.stm32cube.ide.mcu.externaltools.gnu-tools-for-stm32.11.3.rel1.macos64_1.1.100.202310310803/tools/bin/../lib/gcc/arm-none-eabi/11.3.1/../../../../arm-none-eabi/lib/thumb/v7e-m+fp/hard/crt0.o (exit)
/Applications/STM32CubeIDE.app/Contents/Eclipse/plugins/com.st.stm32cube.ide.mcu.externaltools.gnu-tools-for-stm32.11.3.rel1.macos64_1.1.100.202310310803/tools/bin/../lib/gcc/arm-none-eabi/11.3.1/../../../../arm-none-eabi/lib/thumb/v7e-m+fp/hard/libc_nano.a(libc_a-sprintf.o)
                              ./Core/Src/main.o (sprintf)
/Applications/STM32CubeIDE.app/Contents/Eclipse/plugins/com.st.stm32cube.ide.mcu.externaltools.gnu-tools-for-stm32.11.3.rel1.macos64_1.1.100.202310310803/tools/bin/../lib/gcc/arm-none-eabi/11.3.1/../../../../arm-none-eabi/lib/thumb/v7e-m+fp/hard/libc_nano.a(libc_a-findfp.o)
                              /Applications/STM32CubeIDE.app/Contents/Eclipse/plugins/com.st.stm32cube.ide.mcu.externaltools.gnu-tools-for-stm32.11.3.rel1.macos64_1.1.100.202310310803/tools/bin/../lib/gcc/arm-none-eabi/11.3.1/../../../../arm-none-eabi/lib/thumb/v7e-m+fp/hard/libc_nano.a(libc_a-exit.o) (__stdio_exit_handler)
/Applications/STM32CubeIDE.app/Contents/Eclipse/plugins/com.st.stm32cube.ide.mcu.externaltools.gnu-tools-for-stm32.11.3.rel1.macos64_1.1.100.202310310803/tools/bin/../lib/gcc/arm-none-eabi/11.3.1/../../../../arm-none-eabi/lib/thumb/v7e-m+fp/hard/libc_nano.a(libc_a-fwalk.o)
                              /Applications/STM32CubeIDE.app/Contents/Eclipse/plugins/com.st.stm32cube.ide.mcu.externaltools.gnu-tools-for-stm32.11.3.rel1.macos64_1.1.100.202310310803/tools/bin/../lib/gcc/arm-none-eabi/11.3.1/../../../../arm-none-eabi/lib/thumb/v7e-m+fp/hard/libc_nano.a(libc_a-findfp.o) (_fwalk_sglue)
/Applications/STM32CubeIDE.app/Contents/Eclipse/plugins/com.st.stm32cube.ide.mcu.externaltools.gnu-tools-for-stm32.11.3.rel1.macos64_1.1.100.202310310803/tools/bin/../lib/gcc/arm-none-eabi/11.3.1/../../../../arm-none-eabi/lib/thumb/v7e-m+fp/hard/libc_nano.a(libc_a-memset.o)
                              /Applications/STM32CubeIDE.app/Contents/Eclipse/plugins/com.st.stm32cube.ide.mcu.externaltools.gnu-tools-for-stm32.11.3.rel1.macos64_1.1.100.202310310803/tools/bin/../lib/gcc/arm-none-eabi/11.3.1/../../../../arm-none-eabi/lib/thumb/v7e-m+fp/hard/crt0.o (memset)
/Applications/STM32CubeIDE.app/Contents/Eclipse/plugins/com.st.stm32cube.ide.mcu.externaltools.gnu-tools-for-stm32.11.3.rel1.macos64_1.1.100.202310310803/tools/bin/../lib/gcc/arm-none-eabi/11.3.1/../../../../arm-none-eabi/lib/thumb/v7e-m+fp/hard/libc_nano.a(libc_a-impure.o)
                              /Applications/STM32CubeIDE.app/Contents/Eclipse/plugins/com.st.stm32cube.ide.mcu.externaltools.gnu-tools-for-stm32.11.3.rel1.macos64_1.1.100.202310310803/tools/bin/../lib/gcc/arm-none-eabi/11.3.1/../../../../arm-none-eabi/lib/thumb/v7e-m+fp/hard/libc_nano.a(libc_a-sprintf.o) (_impure_ptr)
/Applications/STM32CubeIDE.app/Contents/Eclipse/plugins/com.st.stm32cube.ide.mcu.externaltools.gnu-tools-for-stm32.11.3.rel1.macos64_1.1.100.202310310803/tools/bin/../lib/gcc/arm-none-eabi/11.3.1/../../../../arm-none-eabi/lib/thumb/v7e-m+fp/hard/libc_nano.a(libc_a-errno.o)
                              ./Core/Src/syscalls.o (__errno)
/Applications/STM32CubeIDE.app/Contents/Eclipse/plugins/com.st.stm32cube.ide.mcu.externaltools.gnu-tools-for-stm32.11.3.rel1.macos64_1.1.100.202310310803/tools/bin/../lib/gcc/arm-none-eabi/11.3.1/../../../../arm-none-eabi/lib/thumb/v7e-m+fp/hard/libc_nano.a(libc_a-init.o)
                              /Applications/STM32CubeIDE.app/Contents/Eclipse/plugins/com.st.stm32cube.ide.mcu.externaltools.gnu-tools-for-stm32.11.3.rel1.macos64_1.1.100.202310310803/tools/bin/../lib/gcc/arm-none-eabi/11.3.1/../../../../arm-none-eabi/lib/thumb/v7e-m+fp/hard/crt0.o (__libc_init_array)
/Applications/STM32CubeIDE.app/Contents/Eclipse/plugins/com.st.stm32cube.ide.mcu.externaltools.gnu-tools-for-stm32.11.3.rel1.macos64_1.1.100.202310310803/tools/bin/../lib/gcc/arm-none-eabi/11.3.1/../../../../arm-none-eabi/lib/thumb/v7e-m+fp/hard/libc_nano.a(libc_a-lock.o)
                              /Applications/STM32CubeIDE.app/Contents/Eclipse/plugins/com.st.stm32cube.ide.mcu.externaltools.gnu-tools-for-stm32.11.3.rel1.macos64_1.1.100.202310310803/tools/bin/../lib/gcc/arm-none-eabi/11.3.1/../../../../arm-none-eabi/lib/thumb/v7e-m+fp/hard/libc_nano.a(libc_a-findfp.o) (__retarget_lock_init_recursive)
[...]
Memory Configuration

Name             Origin             Length             Attributes
RAM              0x0000000020000000 0x0000000000018000 xrw
RAM2             0x0000000010000000 0x0000000000008000 xrw
FLASH            0x0000000008000000 0x0000000000080000 xr
*default*        0x0000000000000000 0xffffffffffffffff

Linker script and memory map

LOAD /Applications/STM32CubeIDE.app/Contents/Eclipse/plugins/com.st.stm32cube.ide.mcu.externaltools.gnu-tools-for-stm32.11.3.rel1.macos64_1.1.100.202310310803/tools/bin/../lib/gcc/arm-none-eabi/11.3.1/thumb/v7e-m+fp/hard/crti.o
LOAD /Applications/STM32CubeIDE.app/Contents/Eclipse/plugins/com.st.stm32cube.ide.mcu.externaltools.gnu-tools-for-stm32.11.3.rel1.macos64_1.1.100.202310310803/tools/bin/../lib/gcc/arm-none-eabi/11.3.1/thumb/v7e-m+fp/hard/crtbegin.o
LOAD /Applications/STM32CubeIDE.app/Contents/Eclipse/plugins/com.st.stm32cube.ide.mcu.externaltools.gnu-tools-for-stm32.11.3.rel1.macos64_1.1.100.202310310803/tools/bin/../lib/gcc/arm-none-eabi/11.3.1/../../../../arm-none-eabi/lib/thumb/v7e-m+fp/hard/crt0.o
LOAD ./Core/Src/Drivers/ADXL375.o
LOAD ./Core/Src/Drivers/BMI088.o
LOAD ./Core/Src/Drivers/BMP388.o
LOAD ./Core/Src/Drivers/W25Q128.o
LOAD ./Core/Src/main.o
LOAD ./Core/Src/stm32l4xx_hal_msp.o
LOAD ./Core/Src/stm32l4xx_it.o
LOAD ./Core/Src/syscalls.o
LOAD ./Core/Src/sysmem.o
LOAD ./Core/Src/system_stm32l4xx.o
LOAD ./Core/Startup/startup_stm32l476vetx.o
LOAD ./Drivers/STM32L4xx_HAL_Driver/Src/stm32l4xx_hal.o
LOAD ./Drivers/STM32L4xx_HAL_Driver/Src/stm32l4xx_hal_cortex.o
LOAD ./Drivers/STM32L4xx_HAL_Driver/Src/stm32l4xx_hal_dma.o
LOAD ./Drivers/STM32L4xx_HAL_Driver/Src/stm32l4xx_hal_dma_ex.o
LOAD ./Drivers/STM32L4xx_HAL_Driver/Src/stm32l4xx_hal_exti.o
LOAD ./Drivers/STM32L4xx_HAL_Driver/Src/stm32l4xx_hal_flash.o
LOAD ./Drivers/STM32L4xx_HAL_Driver/Src/stm32l4xx_hal_flash_ex.o
LOAD ./Drivers/STM32L4xx_HAL_Driver/Src/stm32l4xx_hal_flash_ramfunc.o
LOAD ./Drivers/STM32L4xx_HAL_Driver/Src/stm32l4xx_hal_gpio.o
LOAD ./Drivers/STM32L4xx_HAL_Driver/Src/stm32l4xx_hal_i2c.o
LOAD ./Drivers/STM32L4xx_HAL_Driver/Src/stm32l4xx_hal_i2c_ex.o
LOAD ./Drivers/STM32L4xx_HAL_Driver/Src/stm32l4xx_hal_pcd.o
LOAD ./Drivers/STM32L4xx_HAL_Driver/Src/stm32l4xx_hal_pcd_ex.o
LOAD ./Drivers/STM32L4xx_HAL_Driver/Src/stm32l4xx_hal_pwr.o
LOAD ./Drivers/STM32L4xx_HAL_Driver/Src/stm32l4xx_hal_pwr_ex.o
LOAD ./Drivers/STM32L4xx_HAL_Driver/Src/stm32l4xx_hal_rcc.o
LOAD ./Drivers/STM32L4xx_HAL_Driver/Src/stm32l4xx_hal_rcc_ex.o
LOAD ./Drivers/STM32L4xx_HAL_Driver/Src/stm32l4xx_hal_sd.o
LOAD ./Drivers/STM32L4xx_HAL_Driver/Src/stm32l4xx_hal_sd_ex.o
LOAD ./Drivers/STM32L4xx_HAL_Driver/Src/stm32l4xx_hal_spi.o
LOAD ./Drivers/STM32L4xx_HAL_Driver/Src/stm32l4xx_hal_spi_ex.o
LOAD ./Drivers/STM32L4xx_HAL_Driver/Src/stm32l4xx_hal_tim.o
LOAD ./Drivers/STM32L4xx_HAL_Driver/Src/stm32l4xx_hal_tim_ex.o
LOAD ./Drivers/STM32L4xx_HAL_Driver/Src/stm32l4xx_ll_sdmmc.o
LOAD ./Drivers/STM32L4xx_HAL_Driver/Src/stm32l4xx_ll_usb.o
LOAD ./FATFS/App/fatfs.o
LOAD ./FATFS/Target/bsp_driver_sd.o
LOAD ./FATFS/Target/fatfs_platform.o
LOAD ./FATFS/Target/sd_diskio.o
LOAD ./Middlewares/ST/STM32_USB_Device_Library/Class/CDC/Src/usbd_cdc.o
LOAD ./Middlewares/ST/STM32_USB_Device_Library/Core/Src/usbd_core.o
LOAD ./Middlewares/ST/STM32_USB_Device_Library/Core/Src/usbd_ctlreq.o
LOAD ./Middlewares/ST/STM32_USB_Device_Library/Core/Src/usbd_ioreq.o
LOAD ./Middlewares/Third_Party/FatFs/src/diskio.o
LOAD ./Middlewares/Third_Party/FatFs/src/ff.o
LOAD ./Middlewares/Third_Party/FatFs/src/ff_gen_drv.o
LOAD ./Middlewares/Third_Party/FatFs/src/option/syscall.o
LOAD ./USB_DEVICE/App/usb_device.o
LOAD ./USB_DEVICE/App/usbd_cdc_if.o
LOAD ./USB_DEVICE/App/usbd_desc.o
LOAD ./USB_DEVICE/Target/usbd_conf.o
START GROUP
LOAD /Applications/STM32CubeIDE.app/Contents/Eclipse/plugins/com.st.stm32cube.ide.mcu.externaltools.gnu-tools-for-stm32.11.3.rel1.macos64_1.1.100.202310310803/tools/bin/../lib/gcc/arm-none-eabi/11.3.1/../../../../arm-none-eabi/lib/thumb/v7e-m+fp/hard/libc_nano.a
LOAD /Applications/STM32CubeIDE.app/Contents/Eclipse/plugins/com.st.stm32cube.ide.mcu.externaltools.gnu-tools-for-stm32.11.3.rel1.macos64_1.1.100.202310310803/tools/bin/../lib/gcc/arm-none-eabi/11.3.1/../../../../arm-none-eabi/lib/thumb/v7e-m+fp/hard/libm.a
END GROUP
START GROUP
LOAD /Applications/STM32CubeIDE.app/Contents/Eclipse/plugins/com.st.stm32cube.ide.mcu.externaltools.gnu-tools-for-stm32.11.3.rel1.macos64_1.1.100.202310310803/tools/bin/../lib/gcc/arm-none-eabi/11.3.1/thumb/v7e-m+fp/hard/libgcc.a
LOAD /Applications/STM32CubeIDE.app/Contents/Eclipse/plugins/com.st.stm32cube.ide.mcu.externaltools.gnu-tools-for-stm32.11.3.rel1.macos64_1.1.100.202310310803/tools/bin/../lib/gcc/arm-none-eabi/11.3.1/../../../../arm-none-eabi/lib/thumb/v7e-m+fp/hard/libc_nano.a
END GROUP
START GROUP
LOAD /Applications/STM32CubeIDE.app/Contents/Eclipse/plugins/com.st.stm32cube.ide.mcu.externaltools.gnu-tools-for-stm32.11.3.rel1.macos64_1.1.100.202310310803/tools/bin/../lib/gcc/arm-none-eabi/11.3.1/thumb/v7e-m+fp/hard/libgcc.a
LOAD /Applications/STM32CubeIDE.app/Contents/Eclipse/plugins/com.st.stm32cube.ide.mcu.externaltools.gnu-tools-for-stm32.11.3.rel1.macos64_1.1.100.202310310803/tools/bin/../lib/gcc/arm-none-eabi/11.3.1/../../../../arm-none-eabi/lib/thumb/v7e-m+fp/hard/libc_nano.a
LOAD /Applications/STM32CubeIDE.app/Contents/Eclipse/plugins/com.st.stm32cube.ide.mcu.externaltools.gnu-tools-for-stm32.11.3.rel1.macos64_1.1.100.202310310803/tools/bin/../lib/gcc/arm-none-eabi/11.3.1/../../../../arm-none-eabi/lib/thumb/v7e-m+fp/hard/libnosys.a
END GROUP
START GROUP
LOAD /Applications/STM32CubeIDE.app/Contents/Eclipse/plugins/com.st.stm32cube.ide.mcu.externaltools.gnu-tools-for-stm32.11.3.rel1.macos64_1.1.100.202310310803/tools/bin/../lib/gcc/arm-none-eabi/11.3.1/thumb/v7e-m+fp/hard/libgcc.a
LOAD /Applications/STM32CubeIDE.app/Contents/Eclipse/plugins/com.st.stm32cube.ide.mcu.externaltools.gnu-tools-for-stm32.11.3.rel1.macos64_1.1.100.202310310803/tools/bin/../lib/gcc/arm-none-eabi/11.3.1/../../../../arm-none-eabi/lib/thumb/v7e-m+fp/hard/libc_nano.a
LOAD /Applications/STM32CubeIDE.app/Contents/Eclipse/plugins/com.st.stm32cube.ide.mcu.externaltools.gnu-tools-for-stm32.11.3.rel1.macos64_1.1.100.202310310803/tools/bin/../lib/gcc/arm-none-eabi/11.3.1/../../../../arm-none-eabi/lib/thumb/v7e-m+fp/hard/libnosys.a
END GROUP
LOAD /Applications/STM32CubeIDE.app/Contents/Eclipse/plugins/com.st.stm32cube.ide.mcu.externaltools.gnu-tools-for-stm32.11.3.rel1.macos64_1.1.100.202310310803/tools/bin/../lib/gcc/arm-none-eabi/11.3.1/thumb/v7e-m+fp/hard/crtend.o
LOAD /Applications/STM32CubeIDE.app/Contents/Eclipse/plugins/com.st.stm32cube.ide.mcu.externaltools.gnu-tools-for-stm32.11.3.rel1.macos64_1.1.100.202310310803/tools/bin/../lib/gcc/arm-none-eabi/11.3.1/thumb/v7e-m+fp/hard/crtn.o
                0x0000000020018000                _estack = (ORIGIN (RAM) + LENGTH (RAM))
                0x0000000000001200                _Min_Heap_Size = 0x1200
                0x0000000000000800                _Min_Stack_Size = 0x800

.isr_vector     0x0000000008000000      0x188
                0x0000000008000000                . = ALIGN (0x4)
 *(.isr_vector)
 .isr_vector    0x0000000008000000      0x188 ./Core/Startup/startup_stm32l476vetx.o
                0x0000000008000000                g_pfnVectors
                0x0000000008000188                . = ALIGN (0x4)

.text           0x0000000008000190     0xd094
                0x0000000008000190                . = ALIGN (0x4)
 *(.text)
 .text          0x0000000008000190       0x40 /Applications/STM32CubeIDE.app/Contents/Eclipse/plugins/com.st.stm32cube.ide.mcu.externaltools.gnu-tools-for-stm32.11.3.rel1.macos64_1.1.100.202310310803/tools/bin/../lib/gcc/arm-none-eabi/11.3.1/thumb/v7e-m+fp/hard/crtbegin.o
 .text          0x00000000080001d0       0x10 /Applications/STM32CubeIDE.app/Contents/Eclipse/plugins/com.st.stm32cube.ide.mcu.externaltools.gnu-tools-for-stm32.11.3.rel1.macos64_1.1.100.202310310803/tools/bin/../lib/gcc/arm-none-eabi/11.3.1/../../../../arm-none-eabi/lib/thumb/v7e-m+fp/hard/libc_nano.a(libc_a-strlen.o)
                0x00000000080001d0                strlen
 .text          0x00000000080001e0       0xa0 /Applications/STM32CubeIDE.app/Contents/Eclipse/plugins/com.st.stm32cube.ide.mcu.externaltools.gnu-tools-for-stm32.11.3.rel1.macos64_1.1.100.202310310803/tools/bin/../lib/gcc/arm-none-eabi/11.3.1/../../../../arm-none-eabi/lib/thumb/v7e-m+fp/hard/libc_nano.a(libc_a-memchr.o)
                0x00000000080001e0                memchr
 *(.text*)
 .text.ADXL375_Init
                0x0000000008000280      0x100 ./Core/Src/Drivers/ADXL375.o
                0x0000000008000280                ADXL375_Init
 .text.ADXL375_ReadRegister
                0x0000000008000380       0x78 ./Core/Src/Drivers/ADXL375.o
                0x0000000008000380                ADXL375_ReadRegister
 .text.ADXL375_WriteRegister
                0x00000000080003f8       0x74 ./Core/Src/Drivers/ADXL375.o
                0x00000000080003f8                ADXL375_WriteRegister
 .text.ADXL375_Read
                0x000000000800046c       0xf0 ./Core/Src/Drivers/ADXL375.o
                0x000000000800046c                ADXL375_Read
 .text.BMI088_Init
                0x000000000800055c      0x248 ./Core/Src/Drivers/BMI088.o
                0x000000000800055c                BMI088_Init
 .text.BMI088_ReadAccRegister
                0x00000000080007a4       0x7c ./Core/Src/Drivers/BMI088.o
                0x00000000080007a4                BMI088_ReadAccRegister
 .text.BMI088_ReadGyrRegister
                0x0000000008000820       0x78 ./Core/Src/Drivers/BMI088.o
                0x0000000008000820                BMI088_ReadGyrRegister
 .text.BMI088_WriteAccRegister
                0x0000000008000898       0x74 ./Core/Src/Drivers/BMI088.o
                0x0000000008000898                BMI088_WriteAccRegister
 .text.BMI088_WriteGyrRegister
                0x000000000800090c       0x74 ./Core/Src/Drivers/BMI088.o
                0x000000000800090c                BMI088_WriteGyrRegister
 .text.BMI088_ReadAccelerometer
                0x0000000008000980       0xe8 ./Core/Src/Drivers/BMI088.o
                0x0000000008000980                BMI088_ReadAccelerometer
 .text.BMI088_ReadGyroscope
                0x0000000008000a68       0xf0 ./Core/Src/Drivers/BMI088.o
                0x0000000008000a68                BMI088_ReadGyroscope
 .text.main     0x0000000008000b58       0xf4 ./Core/Src/main.o
                0x0000000008000b58                main
 .text.SystemClock_Config
                0x0000000008000c4c       0x9e ./Core/Src/main.o
                0x0000000008000c4c                SystemClock_Config
 .text.PeriphCommonClock_Config
                0x0000000008000cea       0x5c ./Core/Src/main.o
                0x0000000008000cea                PeriphCommonClock_Config
 *fill*         0x0000000008000d46        0x2 
 .text.MX_SDMMC1_SD_Init
                0x0000000008000d48       0x44 ./Core/Src/main.o
 .text.MX_SPI1_Init
                0x0000000008000d8c       0x7c ./Core/Src/main.o
 .text.MX_DMA_Init
                0x0000000008000e08       0x4c ./Core/Src/main.o
 .text.MX_GPIO_Init
                0x0000000008000e54      0x188 ./Core/Src/main.o
 .text.Error_Handler
                0x0000000008000fdc       0x18 ./Core/Src/main.o
                0x0000000008000fdc                Error_Handler
 .text.HAL_MspInit
                0x0000000008000ff4       0x48 ./Core/Src/stm32l4xx_hal_msp.o
                0x0000000008000ff4                HAL_MspInit
 .text.HAL_SD_MspInit
                0x000000000800103c      0x194 ./Core/Src/stm32l4xx_hal_msp.o
                0x000000000800103c                HAL_SD_MspInit
 .text.HAL_SPI_MspInit
                0x00000000080011d0       0x88 ./Core/Src/stm32l4xx_hal_msp.o
                0x00000000080011d0                HAL_SPI_MspInit
 .text.NMI_Handler
                0x0000000008001258        0x6 ./Core/Src/stm32l4xx_it.o
                0x0000000008001258                NMI_Handler
 .text.HardFault_Handler
                0x000000000800125e        0x6 ./Core/Src/stm32l4xx_it.o
                0x000000000800125e                HardFault_Handler
 .text.MemManage_Handler
                0x0000000008001264        0x6 ./Core/Src/stm32l4xx_it.o
                0x0000000008001264                MemManage_Handler
 .text.BusFault_Handler
                0x000000000800126a        0x6 ./Core/Src/stm32l4xx_it.o
                0x000000000800126a                BusFault_Handler
 .text.UsageFault_Handler
                0x0000000008001270        0x6 ./Core/Src/stm32l4xx_it.o
                0x0000000008001270                UsageFault_Handler
 .text.SVC_Handler
                0x0000000008001276        0xe ./Core/Src/stm32l4xx_it.o
                0x0000000008001276                SVC_Handler
 .text.DebugMon_Handler
                0x0000000008001284        0xe ./Core/Src/stm32l4xx_it.o
                0x0000000008001284                DebugMon_Handler
 .text.PendSV_Handler
                0x0000000008001292        0xe ./Core/Src/stm32l4xx_it.o
                0x0000000008001292                PendSV_Handler
 .text.SysTick_Handler
                0x00000000080012a0        0xc ./Core/Src/stm32l4xx_it.o
                0x00000000080012a0                SysTick_Handler
 .text.SDMMC1_IRQHandler
                0x00000000080012ac       0x14 ./Core/Src/stm32l4xx_it.o
                0x00000000080012ac                SDMMC1_IRQHandler
 .text.DMA2_Channel4_IRQHandler
                0x00000000080012c0       0x14 ./Core/Src/stm32l4xx_it.o
                0x00000000080012c0                DMA2_Channel4_IRQHandler
 .text.DMA2_Channel5_IRQHandler
                0x00000000080012d4       0x14 ./Core/Src/stm32l4xx_it.o
                0x00000000080012d4                DMA2_Channel5_IRQHandler
 .text.OTG_FS_IRQHandler
                0x00000000080012e8       0x14 ./Core/Src/stm32l4xx_it.o
                0x00000000080012e8                OTG_FS_IRQHandler
 .text._sbrk    0x00000000080012fc       0x6c ./Core/Src/sysmem.o
                0x00000000080012fc                _sbrk
 .text.SystemInit
                0x0000000008001368       0x24 ./Core/Src/system_stm32l4xx.o
                0x0000000008001368                SystemInit
 .text.Reset_Handler
                0x000000000800138c       0x50 ./Core/Startup/startup_stm32l476vetx.o
                0x000000000800138c                Reset_Handler
 .text.Default_Handler
                0x00000000080013dc        0x2 ./Core/Startup/startup_stm32l476vetx.o
                0x00000000080013dc                TIM1_BRK_TIM15_IRQHandler
                0x00000000080013dc                EXTI2_IRQHandler
                0x00000000080013dc                TIM8_TRG_COM_IRQHandler
                0x00000000080013dc                TIM8_CC_IRQHandler
                0x00000000080013dc                TIM1_CC_IRQHandler
                0x00000000080013dc                TSC_IRQHandler
                0x00000000080013dc                TAMP_STAMP_IRQHandler
                0x00000000080013dc                EXTI3_IRQHandler
                0x00000000080013dc                LPTIM2_IRQHandler
                0x00000000080013dc                DFSDM1_FLT1_IRQHandler
                0x00000000080013dc                I2C3_ER_IRQHandler
                0x00000000080013dc                DFSDM1_FLT2_IRQHandler
                0x00000000080013dc                EXTI0_IRQHandler
                0x00000000080013dc                I2C2_EV_IRQHandler
                0x00000000080013dc                CAN1_RX0_IRQHandler
                0x00000000080013dc                FPU_IRQHandler
                0x00000000080013dc                TIM1_UP_TIM16_IRQHandler
                0x00000000080013dc                ADC1_2_IRQHandler
                0x00000000080013dc                SPI1_IRQHandler
                0x00000000080013dc                TIM6_DAC_IRQHandler
                0x00000000080013dc                TIM8_UP_IRQHandler
                0x00000000080013dc                DMA2_Channel2_IRQHandler
                0x00000000080013dc                DMA1_Channel4_IRQHandler
                0x00000000080013dc                SAI2_IRQHandler
                0x00000000080013dc                DFSDM1_FLT3_IRQHandler
                0x00000000080013dc                USART3_IRQHandler
                0x00000000080013dc                DMA1_Channel7_IRQHandler
                0x00000000080013dc                CAN1_RX1_IRQHandler
                0x00000000080013dc                LCD_IRQHandler
                0x00000000080013dc                UART5_IRQHandler
                0x00000000080013dc                ADC3_IRQHandler
                0x00000000080013dc                TIM4_IRQHandler
                0x00000000080013dc                DMA2_Channel1_IRQHandler
                0x00000000080013dc                QUADSPI_IRQHandler
                0x00000000080013dc                I2C1_EV_IRQHandler
                0x00000000080013dc                DMA1_Channel6_IRQHandler
                0x00000000080013dc                UART4_IRQHandler
                0x00000000080013dc                TIM3_IRQHandler
                0x00000000080013dc                RCC_IRQHandler
                0x00000000080013dc                DMA1_Channel1_IRQHandler
                0x00000000080013dc                Default_Handler
                0x00000000080013dc                DMA2_Channel7_IRQHandler
                0x00000000080013dc                EXTI15_10_IRQHandler
                0x00000000080013dc                TIM7_IRQHandler
                0x00000000080013dc                TIM5_IRQHandler
                0x00000000080013dc                I2C3_EV_IRQHandler
                0x00000000080013dc                EXTI9_5_IRQHandler
                0x00000000080013dc                RTC_WKUP_IRQHandler
                0x00000000080013dc                PVD_PVM_IRQHandler
                0x00000000080013dc                SPI2_IRQHandler
                0x00000000080013dc                CAN1_TX_IRQHandler
                0x00000000080013dc                DMA1_Channel5_IRQHandler
                0x00000000080013dc                EXTI4_IRQHandler
                0x00000000080013dc                RNG_IRQHandler
                0x00000000080013dc                TIM1_TRG_COM_TIM17_IRQHandler
                0x00000000080013dc                DMA1_Channel3_IRQHandler
                0x00000000080013dc                COMP_IRQHandler
                0x00000000080013dc                WWDG_IRQHandler
                0x00000000080013dc                LPUART1_IRQHandler
                0x00000000080013dc                DMA2_Channel6_IRQHandler
                0x00000000080013dc                TIM2_IRQHandler
                0x00000000080013dc                EXTI1_IRQHandler
                0x00000000080013dc                USART2_IRQHandler
                0x00000000080013dc                DFSDM1_FLT0_IRQHandler
                0x00000000080013dc                I2C2_ER_IRQHandler
                0x00000000080013dc                DMA1_Channel2_IRQHandler
                0x00000000080013dc                TIM8_BRK_IRQHandler
                0x00000000080013dc                CAN1_SCE_IRQHandler
                0x00000000080013dc                FLASH_IRQHandler
                0x00000000080013dc                USART1_IRQHandler
                0x00000000080013dc                SPI3_IRQHandler
                0x00000000080013dc                I2C1_ER_IRQHandler
                0x00000000080013dc                FMC_IRQHandler
                0x00000000080013dc                SWPMI1_IRQHandler
                0x00000000080013dc                LPTIM1_IRQHandler
                0x00000000080013dc                SAI1_IRQHandler
                0x00000000080013dc                DMA2_Channel3_IRQHandler
                0x00000000080013dc                RTC_Alarm_IRQHandler
 .text.HAL_Init
                0x00000000080013de       0x30 ./Drivers/STM32L4xx_HAL_Driver/Src/stm32l4xx_hal.o
                0x00000000080013de                HAL_Init
 *fill*         0x000000000800140e        0x2 
 .text.HAL_InitTick
                0x0000000008001410       0x78 ./Drivers/STM32L4xx_HAL_Driver/Src/stm32l4xx_hal.o
                0x0000000008001410                HAL_InitTick
 .text.HAL_IncTick
                0x0000000008001488       0x28 ./Drivers/STM32L4xx_HAL_Driver/Src/stm32l4xx_hal.o
                0x0000000008001488                HAL_IncTick
 .text.HAL_GetTick
                0x00000000080014b0       0x18 ./Drivers/STM32L4xx_HAL_Driver/Src/stm32l4xx_hal.o
                0x00000000080014b0                HAL_GetTick
 .text.HAL_Delay
                0x00000000080014c8       0x48 ./Drivers/STM32L4xx_HAL_Driver/Src/stm32l4xx_hal.o
                0x00000000080014c8                HAL_Delay
 .text.__NVIC_SetPriorityGrouping
                0x0000000008001510       0x48 ./Drivers/STM32L4xx_HAL_Driver/Src/stm32l4xx_hal_cortex.o
 .text.__NVIC_GetPriorityGrouping
                0x0000000008001558       0x1c ./Drivers/STM32L4xx_HAL_Driver/Src/stm32l4xx_hal_cortex.o
 .text.__NVIC_EnableIRQ
                0x0000000008001574       0x3c ./Drivers/STM32L4xx_HAL_Driver/Src/stm32l4xx_hal_cortex.o
 .text.__NVIC_SetPriority
                0x00000000080015b0       0x54 ./Drivers/STM32L4xx_HAL_Driver/Src/stm32l4xx_hal_cortex.o
 .text.NVIC_EncodePriority
                0x0000000008001604       0x66 ./Drivers/STM32L4xx_HAL_Driver/Src/stm32l4xx_hal_cortex.o
 *fill*         0x000000000800166a        0x2 
 .text.SysTick_Config
                0x000000000800166c       0x44 ./Drivers/STM32L4xx_HAL_Driver/Src/stm32l4xx_hal_cortex.o
 .text.HAL_NVIC_SetPriorityGrouping
                0x00000000080016b0       0x16 ./Drivers/STM32L4xx_HAL_Driver/Src/stm32l4xx_hal_cortex.o
                0x00000000080016b0                HAL_NVIC_SetPriorityGrouping
 .text.HAL_NVIC_SetPriority
                0x00000000080016c6       0x38 ./Drivers/STM32L4xx_HAL_Driver/Src/stm32l4xx_hal_cortex.o
                0x00000000080016c6                HAL_NVIC_SetPriority
 .text.HAL_NVIC_EnableIRQ
                0x00000000080016fe       0x1c ./Drivers/STM32L4xx_HAL_Driver/Src/stm32l4xx_hal_cortex.o
                0x00000000080016fe                HAL_NVIC_EnableIRQ
 .text.HAL_SYSTICK_Config
                0x000000000800171a       0x18 ./Drivers/STM32L4xx_HAL_Driver/Src/stm32l4xx_hal_cortex.o
                0x000000000800171a                HAL_SYSTICK_Config
 *fill*         0x0000000008001732        0x2 
 .text.HAL_DMA_Init
                0x0000000008001734      0x170 ./Drivers/STM32L4xx_HAL_Driver/Src/stm32l4xx_hal_dma.o
                0x0000000008001734                HAL_DMA_Init
 .text.HAL_DMA_Start_IT
                0x00000000080018a4       0xc0 ./Drivers/STM32L4xx_HAL_Driver/Src/stm32l4xx_hal_dma.o
                0x00000000080018a4                HAL_DMA_Start_IT
 .text.HAL_DMA_Abort_IT
                0x0000000008001964       0x82 ./Drivers/STM32L4xx_HAL_Driver/Src/stm32l4xx_hal_dma.o
                0x0000000008001964                HAL_DMA_Abort_IT
 .text.HAL_DMA_IRQHandler
                0x00000000080019e6      0x15e ./Drivers/STM32L4xx_HAL_Driver/Src/stm32l4xx_hal_dma.o
                0x00000000080019e6                HAL_DMA_IRQHandler
 .text.DMA_SetConfig
                0x0000000008001b44       0x60 ./Drivers/STM32L4xx_HAL_Driver/Src/stm32l4xx_hal_dma.o
 .text.HAL_GPIO_Init
                0x0000000008001ba4      0x354 ./Drivers/STM32L4xx_HAL_Driver/Src/stm32l4xx_hal_gpio.o
                0x0000000008001ba4                HAL_GPIO_Init
 .text.HAL_GPIO_ReadPin
                0x0000000008001ef8       0x30 ./Drivers/STM32L4xx_HAL_Driver/Src/stm32l4xx_hal_gpio.o
                0x0000000008001ef8                HAL_GPIO_ReadPin
 .text.HAL_GPIO_WritePin
                0x0000000008001f28       0x30 ./Drivers/STM32L4xx_HAL_Driver/Src/stm32l4xx_hal_gpio.o
                0x0000000008001f28                HAL_GPIO_WritePin
 .text.HAL_PCD_Init
                0x0000000008001f58      0x248 ./Drivers/STM32L4xx_HAL_Driver/Src/stm32l4xx_hal_pcd.o
                0x0000000008001f58                HAL_PCD_Init
 .text.HAL_PCD_Start
                0x00000000080021a0       0x5e ./Drivers/STM32L4xx_HAL_Driver/Src/stm32l4xx_hal_pcd.o
                0x00000000080021a0                HAL_PCD_Start
 .text.HAL_PCD_IRQHandler
                0x00000000080021fe      0x926 ./Drivers/STM32L4xx_HAL_Driver/Src/stm32l4xx_hal_pcd.o
                0x00000000080021fe                HAL_PCD_IRQHandler
 .text.HAL_PCD_SetAddress
                0x0000000008002b24       0x4a ./Drivers/STM32L4xx_HAL_Driver/Src/stm32l4xx_hal_pcd.o
                0x0000000008002b24                HAL_PCD_SetAddress
 .text.HAL_PCD_EP_Open
                0x0000000008002b6e       0xd0 ./Drivers/STM32L4xx_HAL_Driver/Src/stm32l4xx_hal_pcd.o
                0x0000000008002b6e                HAL_PCD_EP_Open
 .text.HAL_PCD_EP_Close
                0x0000000008002c3e       0x94 ./Drivers/STM32L4xx_HAL_Driver/Src/stm32l4xx_hal_pcd.o
                0x0000000008002c3e                HAL_PCD_EP_Close
 .text.HAL_PCD_EP_Receive
                0x0000000008002cd2       0x64 ./Drivers/STM32L4xx_HAL_Driver/Src/stm32l4xx_hal_pcd.o
                0x0000000008002cd2                HAL_PCD_EP_Receive
 .text.HAL_PCD_EP_GetRxCount
                0x0000000008002d36       0x30 ./Drivers/STM32L4xx_HAL_Driver/Src/stm32l4xx_hal_pcd.o
                0x0000000008002d36                HAL_PCD_EP_GetRxCount
 .text.HAL_PCD_EP_Transmit
                0x0000000008002d66       0x62 ./Drivers/STM32L4xx_HAL_Driver/Src/stm32l4xx_hal_pcd.o
                0x0000000008002d66                HAL_PCD_EP_Transmit
 .text.HAL_PCD_EP_SetStall
                0x0000000008002dc8       0xc4 ./Drivers/STM32L4xx_HAL_Driver/Src/stm32l4xx_hal_pcd.o
                0x0000000008002dc8                HAL_PCD_EP_SetStall
 .text.HAL_PCD_EP_ClrStall
                0x0000000008002e8c       0xac ./Drivers/STM32L4xx_HAL_Driver/Src/stm32l4xx_hal_pcd.o
                0x0000000008002e8c                HAL_PCD_EP_ClrStall
 .text.HAL_PCD_EP_Abort
                0x0000000008002f38       0x62 ./Drivers/STM32L4xx_HAL_Driver/Src/stm32l4xx_hal_pcd.o
                0x0000000008002f38                HAL_PCD_EP_Abort
 .text.PCD_WriteEmptyTxFifo
                0x0000000008002f9a      0x110 ./Drivers/STM32L4xx_HAL_Driver/Src/stm32l4xx_hal_pcd.o
 *fill*         0x00000000080030aa        0x2 
 .text.PCD_EP_OutXfrComplete_int
                0x00000000080030ac       0x9c ./Drivers/STM32L4xx_HAL_Driver/Src/stm32l4xx_hal_pcd.o
 .text.PCD_EP_OutSetupPacket_int
                0x0000000008003148       0x68 ./Drivers/STM32L4xx_HAL_Driver/Src/stm32l4xx_hal_pcd.o
 .text.HAL_PCDEx_SetTxFiFo
                0x00000000080031b0       0x8e ./Drivers/STM32L4xx_HAL_Driver/Src/stm32l4xx_hal_pcd_ex.o
                0x00000000080031b0                HAL_PCDEx_SetTxFiFo
 .text.HAL_PCDEx_SetRxFiFo
                0x000000000800323e       0x22 ./Drivers/STM32L4xx_HAL_Driver/Src/stm32l4xx_hal_pcd_ex.o
                0x000000000800323e                HAL_PCDEx_SetRxFiFo
 .text.HAL_PCDEx_ActivateLPM
                0x0000000008003260       0x48 ./Drivers/STM32L4xx_HAL_Driver/Src/stm32l4xx_hal_pcd_ex.o
                0x0000000008003260                HAL_PCDEx_ActivateLPM
 .text.HAL_PWREx_GetVoltageRange
                0x00000000080032a8       0x1c ./Drivers/STM32L4xx_HAL_Driver/Src/stm32l4xx_hal_pwr_ex.o
                0x00000000080032a8                HAL_PWREx_GetVoltageRange
 .text.HAL_PWREx_ControlVoltageScaling
                0x00000000080032c4       0xac ./Drivers/STM32L4xx_HAL_Driver/Src/stm32l4xx_hal_pwr_ex.o
                0x00000000080032c4                HAL_PWREx_ControlVoltageScaling
 .text.HAL_PWREx_EnableVddUSB
                0x0000000008003370       0x20 ./Drivers/STM32L4xx_HAL_Driver/Src/stm32l4xx_hal_pwr_ex.o
                0x0000000008003370                HAL_PWREx_EnableVddUSB
 .text.HAL_RCC_OscConfig
                0x0000000008003390      0x7b8 ./Drivers/STM32L4xx_HAL_Driver/Src/stm32l4xx_hal_rcc.o
                0x0000000008003390                HAL_RCC_OscConfig
 .text.HAL_RCC_ClockConfig
                0x0000000008003b48      0x200 ./Drivers/STM32L4xx_HAL_Driver/Src/stm32l4xx_hal_rcc.o
                0x0000000008003b48                HAL_RCC_ClockConfig
 .text.HAL_RCC_GetSysClockFreq
                0x0000000008003d48      0x114 ./Drivers/STM32L4xx_HAL_Driver/Src/stm32l4xx_hal_rcc.o
                0x0000000008003d48                HAL_RCC_GetSysClockFreq
 .text.HAL_RCC_GetHCLKFreq
                0x0000000008003e5c       0x18 ./Drivers/STM32L4xx_HAL_Driver/Src/stm32l4xx_hal_rcc.o
                0x0000000008003e5c                HAL_RCC_GetHCLKFreq
 .text.HAL_RCC_GetPCLK1Freq
                0x0000000008003e74       0x2c ./Drivers/STM32L4xx_HAL_Driver/Src/stm32l4xx_hal_rcc.o
                0x0000000008003e74                HAL_RCC_GetPCLK1Freq
 .text.HAL_RCC_GetPCLK2Freq
                0x0000000008003ea0       0x2c ./Drivers/STM32L4xx_HAL_Driver/Src/stm32l4xx_hal_rcc.o
                0x0000000008003ea0                HAL_RCC_GetPCLK2Freq
 .text.RCC_SetFlashLatencyFromMSIRange
                0x0000000008003ecc       0xc0 ./Drivers/STM32L4xx_HAL_Driver/Src/stm32l4xx_hal_rcc.o
 .text.HAL_RCCEx_PeriphCLKConfig
                0x0000000008003f8c      0x5d4 ./Drivers/STM32L4xx_HAL_Driver/Src/stm32l4xx_hal_rcc_ex.o
                0x0000000008003f8c                HAL_RCCEx_PeriphCLKConfig
 .text.HAL_RCCEx_GetPeriphCLKFreq
                0x0000000008004560      0xad8 ./Drivers/STM32L4xx_HAL_Driver/Src/stm32l4xx_hal_rcc_ex.o
                0x0000000008004560                HAL_RCCEx_GetPeriphCLKFreq
 .text.RCCEx_PLLSAI1_Config
                0x0000000008005038      0x1e8 ./Drivers/STM32L4xx_HAL_Driver/Src/stm32l4xx_hal_rcc_ex.o
 .text.RCCEx_PLLSAI2_Config
                0x0000000008005220      0x1bc ./Drivers/STM32L4xx_HAL_Driver/Src/stm32l4xx_hal_rcc_ex.o
 .text.RCCEx_GetSAIxPeriphCLKFreq
                0x00000000080053dc      0x1e0 ./Drivers/STM32L4xx_HAL_Driver/Src/stm32l4xx_hal_rcc_ex.o
 .text.HAL_SD_Init
                0x00000000080055bc       0x60 ./Drivers/STM32L4xx_HAL_Driver/Src/stm32l4xx_hal_sd.o
                0x00000000080055bc                HAL_SD_Init
 .text.HAL_SD_InitCard
                0x000000000800561c      0x14c ./Drivers/STM32L4xx_HAL_Driver/Src/stm32l4xx_hal_sd.o
                0x000000000800561c                HAL_SD_InitCard
 .text.HAL_SD_ReadBlocks_DMA
                0x0000000008005768      0x190 ./Drivers/STM32L4xx_HAL_Driver/Src/stm32l4xx_hal_sd.o
                0x0000000008005768                HAL_SD_ReadBlocks_DMA
 .text.HAL_SD_WriteBlocks_DMA
                0x00000000080058f8      0x198 ./Drivers/STM32L4xx_HAL_Driver/Src/stm32l4xx_hal_sd.o
                0x00000000080058f8                HAL_SD_WriteBlocks_DMA
 .text.HAL_SD_IRQHandler
                0x0000000008005a90      0x2ec ./Drivers/STM32L4xx_HAL_Driver/Src/stm32l4xx_hal_sd.o
                0x0000000008005a90                HAL_SD_IRQHandler
 .text.HAL_SD_ErrorCallback
                0x0000000008005d7c       0x14 ./Drivers/STM32L4xx_HAL_Driver/Src/stm32l4xx_hal_sd.o
                0x0000000008005d7c                HAL_SD_ErrorCallback
 .text.HAL_SD_GetCardCSD
                0x0000000008005d90      0x348 ./Drivers/STM32L4xx_HAL_Driver/Src/stm32l4xx_hal_sd.o
                0x0000000008005d90                HAL_SD_GetCardCSD
 .text.HAL_SD_GetCardInfo
                0x00000000080060d8       0x58 ./Drivers/STM32L4xx_HAL_Driver/Src/stm32l4xx_hal_sd.o
                0x00000000080060d8                HAL_SD_GetCardInfo
 .text.HAL_SD_ConfigWideBusOperation
                0x0000000008006130      0x178 ./Drivers/STM32L4xx_HAL_Driver/Src/stm32l4xx_hal_sd.o
                0x0000000008006130                HAL_SD_ConfigWideBusOperation
 .text.HAL_SD_GetCardState
                0x00000000080062a8       0x40 ./Drivers/STM32L4xx_HAL_Driver/Src/stm32l4xx_hal_sd.o
                0x00000000080062a8                HAL_SD_GetCardState
 .text.SD_DMATransmitCplt
                0x00000000080062e8       0x2a ./Drivers/STM32L4xx_HAL_Driver/Src/stm32l4xx_hal_sd.o
 .text.SD_DMAReceiveCplt
                0x0000000008006312       0x70 ./Drivers/STM32L4xx_HAL_Driver/Src/stm32l4xx_hal_sd.o
 *fill*         0x0000000008006382        0x2 
 .text.SD_DMAError
                0x0000000008006384       0x98 ./Drivers/STM32L4xx_HAL_Driver/Src/stm32l4xx_hal_sd.o
 .text.SD_DMATxAbort
                0x000000000800641c       0x6e ./Drivers/STM32L4xx_HAL_Driver/Src/stm32l4xx_hal_sd.o
 .text.SD_DMARxAbort
                0x000000000800648a       0x6e ./Drivers/STM32L4xx_HAL_Driver/Src/stm32l4xx_hal_sd.o
 .text.SD_InitCard
                0x00000000080064f8      0x19c ./Drivers/STM32L4xx_HAL_Driver/Src/stm32l4xx_hal_sd.o
 .text.SD_PowerON
                0x0000000008006694      0x11c ./Drivers/STM32L4xx_HAL_Driver/Src/stm32l4xx_hal_sd.o
 .text.SD_SendStatus
                0x00000000080067b0       0x50 ./Drivers/STM32L4xx_HAL_Driver/Src/stm32l4xx_hal_sd.o
 .text.SD_WideBus_Enable
                0x0000000008006800       0x96 ./Drivers/STM32L4xx_HAL_Driver/Src/stm32l4xx_hal_sd.o
 .text.SD_WideBus_Disable
                0x0000000008006896       0x96 ./Drivers/STM32L4xx_HAL_Driver/Src/stm32l4xx_hal_sd.o
 .text.SD_FindSCR
                0x000000000800692c      0x194 ./Drivers/STM32L4xx_HAL_Driver/Src/stm32l4xx_hal_sd.o
 .text.SD_Read_IT
                0x0000000008006ac0       0xa2 ./Drivers/STM32L4xx_HAL_Driver/Src/stm32l4xx_hal_sd.o
 .text.SD_Write_IT
                0x0000000008006b62       0xaa ./Drivers/STM32L4xx_HAL_Driver/Src/stm32l4xx_hal_sd.o
 .text.HAL_SPI_Init
                0x0000000008006c0c      0x146 ./Drivers/STM32L4xx_HAL_Driver/Src/stm32l4xx_hal_spi.o
                0x0000000008006c0c                HAL_SPI_Init
 .text.HAL_SPI_Transmit
                0x0000000008006d52      0x2ea ./Drivers/STM32L4xx_HAL_Driver/Src/stm32l4xx_hal_spi.o
                0x0000000008006d52                HAL_SPI_Transmit
 .text.HAL_SPI_TransmitReceive
                0x000000000800703c      0x444 ./Drivers/STM32L4xx_HAL_Driver/Src/stm32l4xx_hal_spi.o
                0x000000000800703c                HAL_SPI_TransmitReceive
 .text.HAL_SPI_GetState
                0x0000000008007480       0x1c ./Drivers/STM32L4xx_HAL_Driver/Src/stm32l4xx_hal_spi.o
                0x0000000008007480                HAL_SPI_GetState
 .text.SPI_WaitFlagStateUntilTimeout
                0x000000000800749c      0x110 ./Drivers/STM32L4xx_HAL_Driver/Src/stm32l4xx_hal_spi.o
 .text.SPI_WaitFifoStateUntilTimeout
                0x00000000080075ac      0x12c ./Drivers/STM32L4xx_HAL_Driver/Src/stm32l4xx_hal_spi.o
 .text.SPI_EndRxTxTransaction
                0x00000000080076d8       0x8c ./Drivers/STM32L4xx_HAL_Driver/Src/stm32l4xx_hal_spi.o
 .text.SDMMC_Init
                0x0000000008007764       0x5a ./Drivers/STM32L4xx_HAL_Driver/Src/stm32l4xx_ll_sdmmc.o
                0x0000000008007764                SDMMC_Init
 .text.SDMMC_ReadFIFO
                0x00000000080077be       0x1a ./Drivers/STM32L4xx_HAL_Driver/Src/stm32l4xx_ll_sdmmc.o
                0x00000000080077be                SDMMC_ReadFIFO
 .text.SDMMC_WriteFIFO
                0x00000000080077d8       0x22 ./Drivers/STM32L4xx_HAL_Driver/Src/stm32l4xx_ll_sdmmc.o
                0x00000000080077d8                SDMMC_WriteFIFO
 .text.SDMMC_PowerState_ON
                0x00000000080077fa       0x1e ./Drivers/STM32L4xx_HAL_Driver/Src/stm32l4xx_ll_sdmmc.o
                0x00000000080077fa                SDMMC_PowerState_ON
 .text.SDMMC_GetPowerState
                0x0000000008007818       0x1c ./Drivers/STM32L4xx_HAL_Driver/Src/stm32l4xx_ll_sdmmc.o
                0x0000000008007818                SDMMC_GetPowerState
 .text.SDMMC_SendCommand
                0x0000000008007834       0x54 ./Drivers/STM32L4xx_HAL_Driver/Src/stm32l4xx_ll_sdmmc.o
                0x0000000008007834                SDMMC_SendCommand
 .text.SDMMC_GetCommandResponse
                0x0000000008007888       0x1a ./Drivers/STM32L4xx_HAL_Driver/Src/stm32l4xx_ll_sdmmc.o
                0x0000000008007888                SDMMC_GetCommandResponse
 .text.SDMMC_GetResponse
                0x00000000080078a2       0x26 ./Drivers/STM32L4xx_HAL_Driver/Src/stm32l4xx_ll_sdmmc.o
                0x00000000080078a2                SDMMC_GetResponse
 .text.SDMMC_ConfigData
                0x00000000080078c8       0x58 ./Drivers/STM32L4xx_HAL_Driver/Src/stm32l4xx_ll_sdmmc.o
                0x00000000080078c8                SDMMC_ConfigData
 .text.SDMMC_CmdBlockLength
                0x0000000008007920       0x44 ./Drivers/STM32L4xx_HAL_Driver/Src/stm32l4xx_ll_sdmmc.o
                0x0000000008007920                SDMMC_CmdBlockLength
 .text.SDMMC_CmdReadSingleBlock
                0x0000000008007964       0x44 ./Drivers/STM32L4xx_HAL_Driver/Src/stm32l4xx_ll_sdmmc.o
                0x0000000008007964                SDMMC_CmdReadSingleBlock
 .text.SDMMC_CmdReadMultiBlock
                0x00000000080079a8       0x44 ./Drivers/STM32L4xx_HAL_Driver/Src/stm32l4xx_ll_sdmmc.o
                0x00000000080079a8                SDMMC_CmdReadMultiBlock
 .text.SDMMC_CmdWriteSingleBlock
                0x00000000080079ec       0x44 ./Drivers/STM32L4xx_HAL_Driver/Src/stm32l4xx_ll_sdmmc.o
                0x00000000080079ec                SDMMC_CmdWriteSingleBlock
 .text.SDMMC_CmdWriteMultiBlock
                0x0000000008007a30       0x44 ./Drivers/STM32L4xx_HAL_Driver/Src/stm32l4xx_ll_sdmmc.o
                0x0000000008007a30                SDMMC_CmdWriteMultiBlock
 .text.SDMMC_CmdStopTransfer
                0x0000000008007a74       0x44 ./Drivers/STM32L4xx_HAL_Driver/Src/stm32l4xx_ll_sdmmc.o
                0x0000000008007a74                SDMMC_CmdStopTransfer
 .text.SDMMC_CmdSelDesel
                0x0000000008007ab8       0x46 ./Drivers/STM32L4xx_HAL_Driver/Src/stm32l4xx_ll_sdmmc.o
                0x0000000008007ab8                SDMMC_CmdSelDesel
 .text.SDMMC_CmdGoIdleState
                0x0000000008007afe       0x3c ./Drivers/STM32L4xx_HAL_Driver/Src/stm32l4xx_ll_sdmmc.o
                0x0000000008007afe                SDMMC_CmdGoIdleState
 .text.SDMMC_CmdOperCond
                0x0000000008007b3a       0x3e ./Drivers/STM32L4xx_HAL_Driver/Src/stm32l4xx_ll_sdmmc.o
                0x0000000008007b3a                SDMMC_CmdOperCond
 .text.SDMMC_CmdAppCommand
                0x0000000008007b78       0x44 ./Drivers/STM32L4xx_HAL_Driver/Src/stm32l4xx_ll_sdmmc.o
                0x0000000008007b78                SDMMC_CmdAppCommand
 .text.SDMMC_CmdAppOperCommand
                0x0000000008007bbc       0x46 ./Drivers/STM32L4xx_HAL_Driver/Src/stm32l4xx_ll_sdmmc.o
                0x0000000008007bbc                SDMMC_CmdAppOperCommand
 .text.SDMMC_CmdBusWidth
                0x0000000008007c02       0x44 ./Drivers/STM32L4xx_HAL_Driver/Src/stm32l4xx_ll_sdmmc.o
                0x0000000008007c02                SDMMC_CmdBusWidth
 .text.SDMMC_CmdSendSCR
                0x0000000008007c46       0x42 ./Drivers/STM32L4xx_HAL_Driver/Src/stm32l4xx_ll_sdmmc.o
                0x0000000008007c46                SDMMC_CmdSendSCR
 .text.SDMMC_CmdSendCID
                0x0000000008007c88       0x3c ./Drivers/STM32L4xx_HAL_Driver/Src/stm32l4xx_ll_sdmmc.o
                0x0000000008007c88                SDMMC_CmdSendCID
 .text.SDMMC_CmdSendCSD
                0x0000000008007cc4       0x3e ./Drivers/STM32L4xx_HAL_Driver/Src/stm32l4xx_ll_sdmmc.o
                0x0000000008007cc4                SDMMC_CmdSendCSD
 .text.SDMMC_CmdSetRelAdd
                0x0000000008007d02       0x42 ./Drivers/STM32L4xx_HAL_Driver/Src/stm32l4xx_ll_sdmmc.o
                0x0000000008007d02                SDMMC_CmdSetRelAdd
 .text.SDMMC_CmdSendStatus
                0x0000000008007d44       0x44 ./Drivers/STM32L4xx_HAL_Driver/Src/stm32l4xx_ll_sdmmc.o
                0x0000000008007d44                SDMMC_CmdSendStatus
 .text.SDMMC_GetCmdResp1
                0x0000000008007d88      0x1dc ./Drivers/STM32L4xx_HAL_Driver/Src/stm32l4xx_ll_sdmmc.o
                0x0000000008007d88                SDMMC_GetCmdResp1
 .text.SDMMC_GetCmdResp2
                0x0000000008007f64       0x90 ./Drivers/STM32L4xx_HAL_Driver/Src/stm32l4xx_ll_sdmmc.o
                0x0000000008007f64                SDMMC_GetCmdResp2
 .text.SDMMC_GetCmdResp3
                0x0000000008007ff4       0x7c ./Drivers/STM32L4xx_HAL_Driver/Src/stm32l4xx_ll_sdmmc.o
                0x0000000008007ff4                SDMMC_GetCmdResp3
 .text.SDMMC_GetCmdResp6
                0x0000000008008070       0xec ./Drivers/STM32L4xx_HAL_Driver/Src/stm32l4xx_ll_sdmmc.o
                0x0000000008008070                SDMMC_GetCmdResp6
 .text.SDMMC_GetCmdResp7
                0x000000000800815c       0x9c ./Drivers/STM32L4xx_HAL_Driver/Src/stm32l4xx_ll_sdmmc.o
                0x000000000800815c                SDMMC_GetCmdResp7
 .text.SDMMC_GetCmdError
                0x00000000080081f8       0x58 ./Drivers/STM32L4xx_HAL_Driver/Src/stm32l4xx_ll_sdmmc.o
 .text.USB_CoreInit
                0x0000000008008250       0x58 ./Drivers/STM32L4xx_HAL_Driver/Src/stm32l4xx_ll_usb.o
                0x0000000008008250                USB_CoreInit
 .text.USB_SetTurnaroundTime
                0x00000000080082a8      0x138 ./Drivers/STM32L4xx_HAL_Driver/Src/stm32l4xx_ll_usb.o
                0x00000000080082a8                USB_SetTurnaroundTime
 .text.USB_EnableGlobalInt
                0x00000000080083e0       0x22 ./Drivers/STM32L4xx_HAL_Driver/Src/stm32l4xx_ll_usb.o
                0x00000000080083e0                USB_EnableGlobalInt
 .text.USB_DisableGlobalInt
                0x0000000008008402       0x22 ./Drivers/STM32L4xx_HAL_Driver/Src/stm32l4xx_ll_usb.o
                0x0000000008008402                USB_DisableGlobalInt
 .text.USB_SetCurrentMode
                0x0000000008008424       0x98 ./Drivers/STM32L4xx_HAL_Driver/Src/stm32l4xx_ll_usb.o
                0x0000000008008424                USB_SetCurrentMode
 .text.USB_DevInit
                0x00000000080084bc      0x284 ./Drivers/STM32L4xx_HAL_Driver/Src/stm32l4xx_ll_usb.o
                0x00000000080084bc                USB_DevInit
 .text.USB_FlushTxFifo
                0x0000000008008740       0x68 ./Drivers/STM32L4xx_HAL_Driver/Src/stm32l4xx_ll_usb.o
                0x0000000008008740                USB_FlushTxFifo
 .text.USB_FlushRxFifo
                0x00000000080087a8       0x60 ./Drivers/STM32L4xx_HAL_Driver/Src/stm32l4xx_ll_usb.o
                0x00000000080087a8                USB_FlushRxFifo
 .text.USB_SetDevSpeed
                0x0000000008008808       0x32 ./Drivers/STM32L4xx_HAL_Driver/Src/stm32l4xx_ll_usb.o
                0x0000000008008808                USB_SetDevSpeed
 .text.USB_GetDevSpeed
                0x000000000800883a       0x3e ./Drivers/STM32L4xx_HAL_Driver/Src/stm32l4xx_ll_usb.o
                0x000000000800883a                USB_GetDevSpeed
 .text.USB_ActivateEndpoint
                0x0000000008008878      0x10e ./Drivers/STM32L4xx_HAL_Driver/Src/stm32l4xx_ll_usb.o
                0x0000000008008878                USB_ActivateEndpoint
 *fill*         0x0000000008008986        0x2 
 .text.USB_DeactivateEndpoint
                0x0000000008008988      0x1b8 ./Drivers/STM32L4xx_HAL_Driver/Src/stm32l4xx_ll_usb.o
                0x0000000008008988                USB_DeactivateEndpoint
 .text.USB_EPStartXfer
                0x0000000008008b40      0x464 ./Drivers/STM32L4xx_HAL_Driver/Src/stm32l4xx_ll_usb.o
                0x0000000008008b40                USB_EPStartXfer
 .text.USB_EPStopXfer
                0x0000000008008fa4      0x154 ./Drivers/STM32L4xx_HAL_Driver/Src/stm32l4xx_ll_usb.o
                0x0000000008008fa4                USB_EPStopXfer
 .text.USB_WritePacket
                0x00000000080090f8       0x74 ./Drivers/STM32L4xx_HAL_Driver/Src/stm32l4xx_ll_usb.o
                0x00000000080090f8                USB_WritePacket
 .text.USB_ReadPacket
                0x000000000800916c       0xb0 ./Drivers/STM32L4xx_HAL_Driver/Src/stm32l4xx_ll_usb.o
                0x000000000800916c                USB_ReadPacket
 .text.USB_EPSetStall
                0x000000000800921c       0xdc ./Drivers/STM32L4xx_HAL_Driver/Src/stm32l4xx_ll_usb.o
                0x000000000800921c                USB_EPSetStall
 .text.USB_EPClearStall
                0x00000000080092f8       0xcc ./Drivers/STM32L4xx_HAL_Driver/Src/stm32l4xx_ll_usb.o
                0x00000000080092f8                USB_EPClearStall
 .text.USB_SetDevAddress
                0x00000000080093c4       0x4c ./Drivers/STM32L4xx_HAL_Driver/Src/stm32l4xx_ll_usb.o
                0x00000000080093c4                USB_SetDevAddress
 .text.USB_DevConnect
                0x0000000008009410       0x42 ./Drivers/STM32L4xx_HAL_Driver/Src/stm32l4xx_ll_usb.o
                0x0000000008009410                USB_DevConnect
 .text.USB_DevDisconnect
                0x0000000008009452       0x42 ./Drivers/STM32L4xx_HAL_Driver/Src/stm32l4xx_ll_usb.o
                0x0000000008009452                USB_DevDisconnect
 .text.USB_ReadInterrupts
                0x0000000008009494       0x26 ./Drivers/STM32L4xx_HAL_Driver/Src/stm32l4xx_ll_usb.o
                0x0000000008009494                USB_ReadInterrupts
 .text.USB_ReadDevAllOutEpInterrupt
                0x00000000080094ba       0x34 ./Drivers/STM32L4xx_HAL_Driver/Src/stm32l4xx_ll_usb.o
                0x00000000080094ba                USB_ReadDevAllOutEpInterrupt
 .text.USB_ReadDevAllInEpInterrupt
                0x00000000080094ee       0x34 ./Drivers/STM32L4xx_HAL_Driver/Src/stm32l4xx_ll_usb.o
                0x00000000080094ee                USB_ReadDevAllInEpInterrupt
 .text.USB_ReadDevOutEPInterrupt
                0x0000000008009522       0x3c ./Drivers/STM32L4xx_HAL_Driver/Src/stm32l4xx_ll_usb.o
                0x0000000008009522                USB_ReadDevOutEPInterrupt
 .text.USB_ReadDevInEPInterrupt
                0x000000000800955e       0x5c ./Drivers/STM32L4xx_HAL_Driver/Src/stm32l4xx_ll_usb.o
                0x000000000800955e                USB_ReadDevInEPInterrupt
 .text.USB_GetMode
                0x00000000080095ba       0x1c ./Drivers/STM32L4xx_HAL_Driver/Src/stm32l4xx_ll_usb.o
                0x00000000080095ba                USB_GetMode
 .text.USB_ActivateSetup
                0x00000000080095d6       0x46 ./Drivers/STM32L4xx_HAL_Driver/Src/stm32l4xx_ll_usb.o
                0x00000000080095d6                USB_ActivateSetup
 .text.USB_EP0_OutStart
                0x000000000800961c       0x90 ./Drivers/STM32L4xx_HAL_Driver/Src/stm32l4xx_ll_usb.o
                0x000000000800961c                USB_EP0_OutStart
 .text.USB_CoreReset
                0x00000000080096ac       0x68 ./Drivers/STM32L4xx_HAL_Driver/Src/stm32l4xx_ll_usb.o
 .text.MX_FATFS_Init
                0x0000000008009714       0x24 ./FATFS/App/fatfs.o
                0x0000000008009714                MX_FATFS_Init
 .text.BSP_SD_Init
                0x0000000008009738       0x4c ./FATFS/Target/bsp_driver_sd.o
                0x0000000008009738                BSP_SD_Init
 .text.BSP_SD_ReadBlocks_DMA
                0x0000000008009784       0x34 ./FATFS/Target/bsp_driver_sd.o
                0x0000000008009784                BSP_SD_ReadBlocks_DMA
 .text.BSP_SD_WriteBlocks_DMA
                0x00000000080097b8       0x34 ./FATFS/Target/bsp_driver_sd.o
                0x00000000080097b8                BSP_SD_WriteBlocks_DMA
 .text.BSP_SD_GetCardState
                0x00000000080097ec       0x20 ./FATFS/Target/bsp_driver_sd.o
                0x00000000080097ec                BSP_SD_GetCardState
 .text.BSP_SD_GetCardInfo
                0x000000000800980c       0x1c ./FATFS/Target/bsp_driver_sd.o
                0x000000000800980c                BSP_SD_GetCardInfo
 .text.HAL_SD_AbortCallback
                0x0000000008009828       0x14 ./FATFS/Target/bsp_driver_sd.o
                0x0000000008009828                HAL_SD_AbortCallback
 .text.HAL_SD_TxCpltCallback
                0x000000000800983c       0x14 ./FATFS/Target/bsp_driver_sd.o
                0x000000000800983c                HAL_SD_TxCpltCallback
 .text.HAL_SD_RxCpltCallback
                0x0000000008009850       0x14 ./FATFS/Target/bsp_driver_sd.o
                0x0000000008009850                HAL_SD_RxCpltCallback
 .text.BSP_SD_AbortCallback
                0x0000000008009864        0xe ./FATFS/Target/bsp_driver_sd.o
                0x0000000008009864                BSP_SD_AbortCallback
 .text.BSP_SD_IsDetected
                0x0000000008009872       0x24 ./FATFS/Target/bsp_driver_sd.o
                0x0000000008009872                BSP_SD_IsDetected
 *fill*         0x0000000008009896        0x2 
 .text.BSP_PlatformIsDetected
                0x0000000008009898       0x2c ./FATFS/Target/fatfs_platform.o
                0x0000000008009898                BSP_PlatformIsDetected
 .text.SD_CheckStatusWithTimeout
                0x00000000080098c4       0x3a ./FATFS/Target/sd_diskio.o
 *fill*         0x00000000080098fe        0x2 
 .text.SD_CheckStatus
                0x0000000008009900       0x3c ./FATFS/Target/sd_diskio.o
 .text.SD_initialize
                0x000000000800993c       0x38 ./FATFS/Target/sd_diskio.o
                0x000000000800993c                SD_initialize
 .text.SD_status
                0x0000000008009974       0x1c ./FATFS/Target/sd_diskio.o
                0x0000000008009974                SD_status
 .text.SD_read  0x0000000008009990       0xac ./FATFS/Target/sd_diskio.o
                0x0000000008009990                SD_read
 .text.SD_write
                0x0000000008009a3c       0xac ./FATFS/Target/sd_diskio.o
                0x0000000008009a3c                SD_write
 .text.SD_ioctl
                0x0000000008009ae8       0xb0 ./FATFS/Target/sd_diskio.o
                0x0000000008009ae8                SD_ioctl
 .text.BSP_SD_WriteCpltCallback
                0x0000000008009b98       0x18 ./FATFS/Target/sd_diskio.o
                0x0000000008009b98                BSP_SD_WriteCpltCallback
 .text.BSP_SD_ReadCpltCallback
                0x0000000008009bb0       0x18 ./FATFS/Target/sd_diskio.o
                0x0000000008009bb0                BSP_SD_ReadCpltCallback
 .text.USBD_CDC_Init
                0x0000000008009bc8      0x1f0 ./Middlewares/ST/STM32_USB_Device_Library/Class/CDC/Src/usbd_cdc.o
 .text.USBD_CDC_DeInit
                0x0000000008009db8      0x104 ./Middlewares/ST/STM32_USB_Device_Library/Class/CDC/Src/usbd_cdc.o
 .text.USBD_CDC_Setup
                0x0000000008009ebc      0x1b8 ./Middlewares/ST/STM32_USB_Device_Library/Class/CDC/Src/usbd_cdc.o
 .text.USBD_CDC_DataIn
                0x000000000800a074       0xfe ./Middlewares/ST/STM32_USB_Device_Library/Class/CDC/Src/usbd_cdc.o
 .text.USBD_CDC_DataOut
                0x000000000800a172       0x70 ./Middlewares/ST/STM32_USB_Device_Library/Class/CDC/Src/usbd_cdc.o
 .text.USBD_CDC_EP0_RxReady
                0x000000000800a1e2       0x76 ./Middlewares/ST/STM32_USB_Device_Library/Class/CDC/Src/usbd_cdc.o
 .text.USBD_CDC_GetFSCfgDesc
                0x000000000800a258       0x70 ./Middlewares/ST/STM32_USB_Device_Library/Class/CDC/Src/usbd_cdc.o
 .text.USBD_CDC_GetHSCfgDesc
                0x000000000800a2c8       0x70 ./Middlewares/ST/STM32_USB_Device_Library/Class/CDC/Src/usbd_cdc.o
 .text.USBD_CDC_GetOtherSpeedCfgDesc
                0x000000000800a338       0x70 ./Middlewares/ST/STM32_USB_Device_Library/Class/CDC/Src/usbd_cdc.o
 .text.USBD_CDC_GetDeviceQualifierDescriptor
                0x000000000800a3a8       0x20 ./Middlewares/ST/STM32_USB_Device_Library/Class/CDC/Src/usbd_cdc.o
                0x000000000800a3a8                USBD_CDC_GetDeviceQualifierDescriptor
 .text.USBD_CDC_RegisterInterface
                0x000000000800a3c8       0x34 ./Middlewares/ST/STM32_USB_Device_Library/Class/CDC/Src/usbd_cdc.o
                0x000000000800a3c8                USBD_CDC_RegisterInterface
 .text.USBD_CDC_SetTxBuffer
                0x000000000800a3fc       0x44 ./Middlewares/ST/STM32_USB_Device_Library/Class/CDC/Src/usbd_cdc.o
                0x000000000800a3fc                USBD_CDC_SetTxBuffer
 .text.USBD_CDC_SetRxBuffer
                0x000000000800a440       0x3a ./Middlewares/ST/STM32_USB_Device_Library/Class/CDC/Src/usbd_cdc.o
                0x000000000800a440                USBD_CDC_SetRxBuffer
 *fill*         0x000000000800a47a        0x2 
 .text.USBD_CDC_TransmitPacket
                0x000000000800a47c       0x80 ./Middlewares/ST/STM32_USB_Device_Library/Class/CDC/Src/usbd_cdc.o
                0x000000000800a47c                USBD_CDC_TransmitPacket
 .text.USBD_CDC_ReceivePacket
                0x000000000800a4fc       0x6c ./Middlewares/ST/STM32_USB_Device_Library/Class/CDC/Src/usbd_cdc.o
                0x000000000800a4fc                USBD_CDC_ReceivePacket
 .text.USBD_Init
                0x000000000800a568       0x60 ./Middlewares/ST/STM32_USB_Device_Library/Core/Src/usbd_core.o
                0x000000000800a568                USBD_Init
 .text.USBD_RegisterClass
                0x000000000800a5c8       0x6c ./Middlewares/ST/STM32_USB_Device_Library/Core/Src/usbd_core.o
                0x000000000800a5c8                USBD_RegisterClass
 .text.USBD_Start
                0x000000000800a634       0x18 ./Middlewares/ST/STM32_USB_Device_Library/Core/Src/usbd_core.o
                0x000000000800a634                USBD_Start
 .text.USBD_RunTestMode
                0x000000000800a64c       0x16 ./Middlewares/ST/STM32_USB_Device_Library/Core/Src/usbd_core.o
                0x000000000800a64c                USBD_RunTestMode
 .text.USBD_SetClassConfig
                0x000000000800a662       0x38 ./Middlewares/ST/STM32_USB_Device_Library/Core/Src/usbd_core.o
                0x000000000800a662                USBD_SetClassConfig
 .text.USBD_ClrClassConfig
                0x000000000800a69a       0x34 ./Middlewares/ST/STM32_USB_Device_Library/Core/Src/usbd_core.o
                0x000000000800a69a                USBD_ClrClassConfig
 .text.USBD_LL_SetupStage
                0x000000000800a6ce       0xaa ./Middlewares/ST/STM32_USB_Device_Library/Core/Src/usbd_core.o
                0x000000000800a6ce                USBD_LL_SetupStage
 .text.USBD_LL_DataOutStage
                0x000000000800a778      0x166 ./Middlewares/ST/STM32_USB_Device_Library/Core/Src/usbd_core.o
                0x000000000800a778                USBD_LL_DataOutStage
 .text.USBD_LL_DataInStage
                0x000000000800a8de      0x164 ./Middlewares/ST/STM32_USB_Device_Library/Core/Src/usbd_core.o
                0x000000000800a8de                USBD_LL_DataInStage
 .text.USBD_LL_Reset
                0x000000000800aa42       0xa4 ./Middlewares/ST/STM32_USB_Device_Library/Core/Src/usbd_core.o
                0x000000000800aa42                USBD_LL_Reset
 .text.USBD_LL_SetSpeed
                0x000000000800aae6       0x20 ./Middlewares/ST/STM32_USB_Device_Library/Core/Src/usbd_core.o
                0x000000000800aae6                USBD_LL_SetSpeed
 .text.USBD_LL_Suspend
                0x000000000800ab06       0x38 ./Middlewares/ST/STM32_USB_Device_Library/Core/Src/usbd_core.o
                0x000000000800ab06                USBD_LL_Suspend
 .text.USBD_LL_Resume
                0x000000000800ab3e       0x30 ./Middlewares/ST/STM32_USB_Device_Library/Core/Src/usbd_core.o
                0x000000000800ab3e                USBD_LL_Resume
 .text.USBD_LL_SOF
                0x000000000800ab6e       0x40 ./Middlewares/ST/STM32_USB_Device_Library/Core/Src/usbd_core.o
                0x000000000800ab6e                USBD_LL_SOF
 .text.USBD_LL_IsoINIncomplete
                0x000000000800abae       0x64 ./Middlewares/ST/STM32_USB_Device_Library/Core/Src/usbd_core.o
                0x000000000800abae                USBD_LL_IsoINIncomplete
 .text.USBD_LL_IsoOUTIncomplete
                0x000000000800ac12       0x64 ./Middlewares/ST/STM32_USB_Device_Library/Core/Src/usbd_core.o
                0x000000000800ac12                USBD_LL_IsoOUTIncomplete
 .text.USBD_LL_DevConnected
                0x000000000800ac76       0x16 ./Middlewares/ST/STM32_USB_Device_Library/Core/Src/usbd_core.o
                0x000000000800ac76                USBD_LL_DevConnected
 .text.USBD_LL_DevDisconnected
                0x000000000800ac8c       0x46 ./Middlewares/ST/STM32_USB_Device_Library/Core/Src/usbd_core.o
                0x000000000800ac8c                USBD_LL_DevDisconnected
 .text.USBD_CoreFindIF
                0x000000000800acd2       0x1a ./Middlewares/ST/STM32_USB_Device_Library/Core/Src/usbd_core.o
                0x000000000800acd2                USBD_CoreFindIF
 .text.USBD_CoreFindEP
                0x000000000800acec       0x1a ./Middlewares/ST/STM32_USB_Device_Library/Core/Src/usbd_core.o
                0x000000000800acec                USBD_CoreFindEP
 .text.USBD_GetEpDesc
                0x000000000800ad06       0x74 ./Middlewares/ST/STM32_USB_Device_Library/Core/Src/usbd_core.o
                0x000000000800ad06                USBD_GetEpDesc
 .text.USBD_GetNextDesc
                0x000000000800ad7a       0x3a ./Middlewares/ST/STM32_USB_Device_Library/Core/Src/usbd_core.o
                0x000000000800ad7a                USBD_GetNextDesc
 .text.SWAPBYTE
                0x000000000800adb4       0x3c ./Middlewares/ST/STM32_USB_Device_Library/Core/Src/usbd_ctlreq.o
 .text.USBD_StdDevReq
                0x000000000800adf0       0xe4 ./Middlewares/ST/STM32_USB_Device_Library/Core/Src/usbd_ctlreq.o
                0x000000000800adf0                USBD_StdDevReq
 .text.USBD_StdItfReq
                0x000000000800aed4       0xd8 ./Middlewares/ST/STM32_USB_Device_Library/Core/Src/usbd_ctlreq.o
                0x000000000800aed4                USBD_StdItfReq
 .text.USBD_StdEPReq
                0x000000000800afac      0x33a ./Middlewares/ST/STM32_USB_Device_Library/Core/Src/usbd_ctlreq.o
                0x000000000800afac                USBD_StdEPReq
 *fill*         0x000000000800b2e6        0x2 
 .text.USBD_GetDescriptor
                0x000000000800b2e8      0x328 ./Middlewares/ST/STM32_USB_Device_Library/Core/Src/usbd_ctlreq.o
 .text.USBD_SetAddress
                0x000000000800b610       0x88 ./Middlewares/ST/STM32_USB_Device_Library/Core/Src/usbd_ctlreq.o
 .text.USBD_SetConfig
                0x000000000800b698      0x154 ./Middlewares/ST/STM32_USB_Device_Library/Core/Src/usbd_ctlreq.o
 .text.USBD_GetConfig
                0x000000000800b7ec       0x6c ./Middlewares/ST/STM32_USB_Device_Library/Core/Src/usbd_ctlreq.o
 .text.USBD_GetStatus
                0x000000000800b858       0x68 ./Middlewares/ST/STM32_USB_Device_Library/Core/Src/usbd_ctlreq.o
 .text.USBD_SetFeature
                0x000000000800b8c0       0x52 ./Middlewares/ST/STM32_USB_Device_Library/Core/Src/usbd_ctlreq.o
 .text.USBD_ClrFeature
                0x000000000800b912       0x44 ./Middlewares/ST/STM32_USB_Device_Library/Core/Src/usbd_ctlreq.o
 .text.USBD_ParseSetupRequest
                0x000000000800b956       0x74 ./Middlewares/ST/STM32_USB_Device_Library/Core/Src/usbd_ctlreq.o
                0x000000000800b956                USBD_ParseSetupRequest
 .text.USBD_CtlError
                0x000000000800b9ca       0x22 ./Middlewares/ST/STM32_USB_Device_Library/Core/Src/usbd_ctlreq.o
                0x000000000800b9ca                USBD_CtlError
 .text.USBD_GetString
                0x000000000800b9ec       0x8c ./Middlewares/ST/STM32_USB_Device_Library/Core/Src/usbd_ctlreq.o
                0x000000000800b9ec                USBD_GetString
 .text.USBD_GetLen
                0x000000000800ba78       0x34 ./Middlewares/ST/STM32_USB_Device_Library/Core/Src/usbd_ctlreq.o
 .text.USBD_CtlSendData
                0x000000000800baac       0x36 ./Middlewares/ST/STM32_USB_Device_Library/Core/Src/usbd_ioreq.o
                0x000000000800baac                USBD_CtlSendData
 .text.USBD_CtlContinueSendData
                0x000000000800bae2       0x22 ./Middlewares/ST/STM32_USB_Device_Library/Core/Src/usbd_ioreq.o
                0x000000000800bae2                USBD_CtlContinueSendData
 .text.USBD_CtlPrepareRx
                0x000000000800bb04       0x3a ./Middlewares/ST/STM32_USB_Device_Library/Core/Src/usbd_ioreq.o
                0x000000000800bb04                USBD_CtlPrepareRx
 .text.USBD_CtlContinueRx
                0x000000000800bb3e       0x22 ./Middlewares/ST/STM32_USB_Device_Library/Core/Src/usbd_ioreq.o
                0x000000000800bb3e                USBD_CtlContinueRx
 .text.USBD_CtlSendStatus
                0x000000000800bb60       0x26 ./Middlewares/ST/STM32_USB_Device_Library/Core/Src/usbd_ioreq.o
                0x000000000800bb60                USBD_CtlSendStatus
 .text.USBD_CtlReceiveStatus
                0x000000000800bb86       0x26 ./Middlewares/ST/STM32_USB_Device_Library/Core/Src/usbd_ioreq.o
                0x000000000800bb86                USBD_CtlReceiveStatus
 .text.FATFS_LinkDriverEx
                0x000000000800bbac       0x98 ./Middlewares/Third_Party/FatFs/src/ff_gen_drv.o
                0x000000000800bbac                FATFS_LinkDriverEx
 .text.FATFS_LinkDriver
                0x000000000800bc44       0x1e ./Middlewares/Third_Party/FatFs/src/ff_gen_drv.o
                0x000000000800bc44                FATFS_LinkDriver
 *fill*         0x000000000800bc62        0x2 
 .text.MX_USB_DEVICE_Init
                0x000000000800bc64       0x60 ./USB_DEVICE/App/usb_device.o
                0x000000000800bc64                MX_USB_DEVICE_Init
 .text.CDC_Init_FS
                0x000000000800bcc4       0x28 ./USB_DEVICE/App/usbd_cdc_if.o
 .text.CDC_DeInit_FS
                0x000000000800bcec       0x10 ./USB_DEVICE/App/usbd_cdc_if.o
 .text.CDC_Control_FS
                0x000000000800bcfc       0xbc ./USB_DEVICE/App/usbd_cdc_if.o
 .text.CDC_Receive_FS
                0x000000000800bdb8       0x28 ./USB_DEVICE/App/usbd_cdc_if.o
 .text.CDC_Transmit_FS
                0x000000000800bde0       0x4c ./USB_DEVICE/App/usbd_cdc_if.o
                0x000000000800bde0                CDC_Transmit_FS
 .text.CDC_TransmitCplt_FS
                0x000000000800be2c       0x22 ./USB_DEVICE/App/usbd_cdc_if.o
 *fill*         0x000000000800be4e        0x2 
 .text.USBD_FS_DeviceDescriptor
                0x000000000800be50       0x24 ./USB_DEVICE/App/usbd_desc.o
                0x000000000800be50                USBD_FS_DeviceDescriptor
 .text.USBD_FS_LangIDStrDescriptor
                0x000000000800be74       0x24 ./USB_DEVICE/App/usbd_desc.o
                0x000000000800be74                USBD_FS_LangIDStrDescriptor
 .text.USBD_FS_ProductStrDescriptor
                0x000000000800be98       0x3c ./USB_DEVICE/App/usbd_desc.o
                0x000000000800be98                USBD_FS_ProductStrDescriptor
 .text.USBD_FS_ManufacturerStrDescriptor
                0x000000000800bed4       0x28 ./USB_DEVICE/App/usbd_desc.o
                0x000000000800bed4                USBD_FS_ManufacturerStrDescriptor
 .text.USBD_FS_SerialStrDescriptor
                0x000000000800befc       0x24 ./USB_DEVICE/App/usbd_desc.o
                0x000000000800befc                USBD_FS_SerialStrDescriptor
 .text.USBD_FS_ConfigStrDescriptor
                0x000000000800bf20       0x3c ./USB_DEVICE/App/usbd_desc.o
                0x000000000800bf20                USBD_FS_ConfigStrDescriptor
 .text.USBD_FS_InterfaceStrDescriptor
                0x000000000800bf5c       0x3c ./USB_DEVICE/App/usbd_desc.o
                0x000000000800bf5c                USBD_FS_InterfaceStrDescriptor
 .text.USBD_FS_USR_BOSDescriptor
                0x000000000800bf98       0x24 ./USB_DEVICE/App/usbd_desc.o
                0x000000000800bf98                USBD_FS_USR_BOSDescriptor
 .text.Get_SerialNum
                0x000000000800bfbc       0x58 ./USB_DEVICE/App/usbd_desc.o
 .text.IntToUnicode
                0x000000000800c014       0x7e ./USB_DEVICE/App/usbd_desc.o
 *fill*         0x000000000800c092        0x2 
 .text.HAL_PCD_MspInit
                0x000000000800c094       0xcc ./USB_DEVICE/Target/usbd_conf.o
                0x000000000800c094                HAL_PCD_MspInit
 .text.HAL_PCD_SetupStageCallback
                0x000000000800c160       0x24 ./USB_DEVICE/Target/usbd_conf.o
                0x000000000800c160                HAL_PCD_SetupStageCallback
 .text.HAL_PCD_DataOutStageCallback
                0x000000000800c184       0x36 ./USB_DEVICE/Target/usbd_conf.o
                0x000000000800c184                HAL_PCD_DataOutStageCallback
 .text.HAL_PCD_DataInStageCallback
                0x000000000800c1ba       0x34 ./USB_DEVICE/Target/usbd_conf.o
                0x000000000800c1ba                HAL_PCD_DataInStageCallback
 .text.HAL_PCD_SOFCallback
                0x000000000800c1ee       0x1c ./USB_DEVICE/Target/usbd_conf.o
                0x000000000800c1ee                HAL_PCD_SOFCallback
 .text.HAL_PCD_ResetCallback
                0x000000000800c20a       0x3c ./USB_DEVICE/Target/usbd_conf.o
                0x000000000800c20a                HAL_PCD_ResetCallback
 *fill*         0x000000000800c246        0x2 
 .text.HAL_PCD_SuspendCallback
                0x000000000800c248       0x4c ./USB_DEVICE/Target/usbd_conf.o
                0x000000000800c248                HAL_PCD_SuspendCallback
 .text.HAL_PCD_ResumeCallback
                0x000000000800c294       0x50 ./USB_DEVICE/Target/usbd_conf.o
                0x000000000800c294                HAL_PCD_ResumeCallback
 .text.HAL_PCD_ISOOUTIncompleteCallback
                0x000000000800c2e4       0x24 ./USB_DEVICE/Target/usbd_conf.o
                0x000000000800c2e4                HAL_PCD_ISOOUTIncompleteCallback
 .text.HAL_PCD_ISOINIncompleteCallback
                0x000000000800c308       0x24 ./USB_DEVICE/Target/usbd_conf.o
                0x000000000800c308                HAL_PCD_ISOINIncompleteCallback
 .text.HAL_PCD_ConnectCallback
                0x000000000800c32c       0x1c ./USB_DEVICE/Target/usbd_conf.o
                0x000000000800c32c                HAL_PCD_ConnectCallback
 .text.HAL_PCD_DisconnectCallback
                0x000000000800c348       0x1c ./USB_DEVICE/Target/usbd_conf.o
                0x000000000800c348                HAL_PCD_DisconnectCallback
 .text.USBD_LL_Init
                0x000000000800c364       0x98 ./USB_DEVICE/Target/usbd_conf.o
                0x000000000800c364                USBD_LL_Init
 .text.USBD_LL_Start
                0x000000000800c3fc       0x64 ./USB_DEVICE/Target/usbd_conf.o
                0x000000000800c3fc                USBD_LL_Start
 .text.USBD_LL_OpenEP
                0x000000000800c460       0x7c ./USB_DEVICE/Target/usbd_conf.o
                0x000000000800c460                USBD_LL_OpenEP
 .text.USBD_LL_CloseEP
                0x000000000800c4dc       0x6c ./USB_DEVICE/Target/usbd_conf.o
                0x000000000800c4dc                USBD_LL_CloseEP
 .text.USBD_LL_StallEP
                0x000000000800c548       0x6c ./USB_DEVICE/Target/usbd_conf.o
                0x000000000800c548                USBD_LL_StallEP
 .text.USBD_LL_ClearStallEP
                0x000000000800c5b4       0x6c ./USB_DEVICE/Target/usbd_conf.o
                0x000000000800c5b4                USBD_LL_ClearStallEP
 .text.USBD_LL_IsStallEP
                0x000000000800c620       0x58 ./USB_DEVICE/Target/usbd_conf.o
                0x000000000800c620                USBD_LL_IsStallEP
 .text.USBD_LL_SetUSBAddress
                0x000000000800c678       0x6c ./USB_DEVICE/Target/usbd_conf.o
                0x000000000800c678                USBD_LL_SetUSBAddress
 .text.USBD_LL_Transmit
                0x000000000800c6e4       0x70 ./USB_DEVICE/Target/usbd_conf.o
                0x000000000800c6e4                USBD_LL_Transmit
 .text.USBD_LL_PrepareReceive
                0x000000000800c754       0x70 ./USB_DEVICE/Target/usbd_conf.o
                0x000000000800c754                USBD_LL_PrepareReceive
 .text.USBD_LL_GetRxDataSize
                0x000000000800c7c4       0x26 ./USB_DEVICE/Target/usbd_conf.o
                0x000000000800c7c4                USBD_LL_GetRxDataSize
 *fill*         0x000000000800c7ea        0x2 
 .text.HAL_PCDEx_LPM_Callback
                0x000000000800c7ec       0x9c ./USB_DEVICE/Target/usbd_conf.o
                0x000000000800c7ec                HAL_PCDEx_LPM_Callback
 .text.USBD_static_malloc
                0x000000000800c888       0x1c ./USB_DEVICE/Target/usbd_conf.o
                0x000000000800c888                USBD_static_malloc
 .text.USBD_static_free
                0x000000000800c8a4       0x14 ./USB_DEVICE/Target/usbd_conf.o
                0x000000000800c8a4                USBD_static_free
 .text.SystemClockConfig_Resume
                0x000000000800c8b8        0xc ./USB_DEVICE/Target/usbd_conf.o
 .text.sprintf  0x000000000800c8c4       0x40 /Applications/STM32CubeIDE.app/Contents/Eclipse/plugins/com.st.stm32cube.ide.mcu.externaltools.gnu-tools-for-stm32.11.3.rel1.macos64_1.1.100.202310310803/tools/bin/../lib/gcc/arm-none-eabi/11.3.1/../../../../arm-none-eabi/lib/thumb/v7e-m+fp/hard/libc_nano.a(libc_a-sprintf.o)
                0x000000000800c8c4                sprintf
                0x000000000800c8c4                siprintf
 .text.memset   0x000000000800c904       0x10 /Applications/STM32CubeIDE.app/Contents/Eclipse/plugins/com.st.stm32cube.ide.mcu.externaltools.gnu-tools-for-stm32.11.3.rel1.macos64_1.1.100.202310310803/tools/bin/../lib/gcc/arm-none-eabi/11.3.1/../../../../arm-none-eabi/lib/thumb/v7e-m+fp/hard/libc_nano.a(libc_a-memset.o)
                0x000000000800c904                memset
 .text.__errno  0x000000000800c914        0xc /Applications/STM32CubeIDE.app/Contents/Eclipse/plugins/com.st.stm32cube.ide.mcu.externaltools.gnu-tools-for-stm32.11.3.rel1.macos64_1.1.100.202310310803/tools/bin/../lib/gcc/arm-none-eabi/11.3.1/../../../../arm-none-eabi/lib/thumb/v7e-m+fp/hard/libc_nano.a(libc_a-errno.o)
                0x000000000800c914                __errno
 .text.__libc_init_array
                0x000000000800c920       0x48 /Applications/STM32CubeIDE.app/Contents/Eclipse/plugins/com.st.stm32cube.ide.mcu.externaltools.gnu-tools-for-stm32.11.3.rel1.macos64_1.1.100.202310310803/tools/bin/../lib/gcc/arm-none-eabi/11.3.1/../../../../arm-none-eabi/lib/thumb/v7e-m+fp/hard/libc_nano.a(libc_a-init.o)
                0x000000000800c920                __libc_init_array
 .text.__retarget_lock_acquire_recursive
                0x000000000800c968        0x2 /Applications/STM32CubeIDE.app/Contents/Eclipse/plugins/com.st.stm32cube.ide.mcu.externaltools.gnu-tools-for-stm32.11.3.rel1.macos64_1.1.100.202310310803/tools/bin/../lib/gcc/arm-none-eabi/11.3.1/../../../../arm-none-eabi/lib/thumb/v7e-m+fp/hard/libc_nano.a(libc_a-lock.o)
                0x000000000800c968                __retarget_lock_acquire_recursive
 .text.__retarget_lock_release_recursive
                0x000000000800c96a        0x2 /Applications/STM32CubeIDE.app/Contents/Eclipse/plugins/com.st.stm32cube.ide.mcu.externaltools.gnu-tools-for-stm32.11.3.rel1.macos64_1.1.100.202310310803/tools/bin/../lib/gcc/arm-none-eabi/11.3.1/../../../../arm-none-eabi/lib/thumb/v7e-m+fp/hard/libc_nano.a(libc_a-lock.o)
                0x000000000800c96a                __retarget_lock_release_recursive
 .text.__ssputs_r
                0x000000000800c96c       0xb4 /Applications/STM32CubeIDE.app/Contents/Eclipse/plugins/com.st.stm32cube.ide.mcu.externaltools.gnu-tools-for-stm32.11.3.rel1.macos64_1.1.100.202310310803/tools/bin/../lib/gcc/arm-none-eabi/11.3.1/../../../../arm-none-eabi/lib/thumb/v7e-m+fp/hard/libc_nano.a(libc_a-nano-svfprintf.o)
                0x000000000800c96c                __ssputs_r
 .text._svfprintf_r
                0x000000000800ca20      0x1fc /Applications/STM32CubeIDE.app/Contents/Eclipse/plugins/com.st.stm32cube.ide.mcu.externaltools.gnu-tools-for-stm32.11.3.rel1.macos64_1.1.100.202310310803/tools/bin/../lib/gcc/arm-none-eabi/11.3.1/../../../../arm-none-eabi/lib/thumb/v7e-m+fp/hard/libc_nano.a(libc_a-nano-svfprintf.o)
                0x000000000800ca20                _svfprintf_r
                0x000000000800ca20                _svfiprintf_r
 .text.sbrk_aligned
                0x000000000800cc1c       0x40 /Applications/STM32CubeIDE.app/Contents/Eclipse/plugins/com.st.stm32cube.ide.mcu.externaltools.gnu-tools-for-stm32.11.3.rel1.macos64_1.1.100.202310310803/tools/bin/../lib/gcc/arm-none-eabi/11.3.1/../../../../arm-none-eabi/lib/thumb/v7e-m+fp/hard/libc_nano.a(libc_a-mallocr.o)
 .text._malloc_r
                0x000000000800cc5c      0x100 /Applications/STM32CubeIDE.app/Contents/Eclipse/plugins/com.st.stm32cube.ide.mcu.externaltools.gnu-tools-for-stm32.11.3.rel1.macos64_1.1.100.202310310803/tools/bin/../lib/gcc/arm-none-eabi/11.3.1/../../../../arm-none-eabi/lib/thumb/v7e-m+fp/hard/libc_nano.a(libc_a-mallocr.o)
                0x000000000800cc5c                _malloc_r
 .text._printf_common
                0x000000000800cd5c       0xda /Applications/STM32CubeIDE.app/Contents/Eclipse/plugins/com.st.stm32cube.ide.mcu.externaltools.gnu-tools-for-stm32.11.3.rel1.macos64_1.1.100.202310310803/tools/bin/../lib/gcc/arm-none-eabi/11.3.1/../../../../arm-none-eabi/lib/thumb/v7e-m+fp/hard/libc_nano.a(libc_a-nano-vfprintf_i.o)
                0x000000000800cd5c                _printf_common
 *fill*         0x000000000800ce36        0x2 
 .text._printf_i
                0x000000000800ce38      0x244 /Applications/STM32CubeIDE.app/Contents/Eclipse/plugins/com.st.stm32cube.ide.mcu.externaltools.gnu-tools-for-stm32.11.3.rel1.macos64_1.1.100.202310310803/tools/bin/../lib/gcc/arm-none-eabi/11.3.1/../../../../arm-none-eabi/lib/thumb/v7e-m+fp/hard/libc_nano.a(libc_a-nano-vfprintf_i.o)
                0x000000000800ce38                _printf_i
 .text.__malloc_lock
                0x000000000800d07c        0xc /Applications/STM32CubeIDE.app/Contents/Eclipse/plugins/com.st.stm32cube.ide.mcu.externaltools.gnu-tools-for-stm32.11.3.rel1.macos64_1.1.100.202310310803/tools/bin/../lib/gcc/arm-none-eabi/11.3.1/../../../../arm-none-eabi/lib/thumb/v7e-m+fp/hard/libc_nano.a(libc_a-mlock.o)
                0x000000000800d07c                __malloc_lock
 .text.__malloc_unlock
                0x000000000800d088        0xc /Applications/STM32CubeIDE.app/Contents/Eclipse/plugins/com.st.stm32cube.ide.mcu.externaltools.gnu-tools-for-stm32.11.3.rel1.macos64_1.1.100.202310310803/tools/bin/../lib/gcc/arm-none-eabi/11.3.1/../../../../arm-none-eabi/lib/thumb/v7e-m+fp/hard/libc_nano.a(libc_a-mlock.o)
                0x000000000800d088                __malloc_unlock
 .text._realloc_r
                0x000000000800d094       0x5e /Applications/STM32CubeIDE.app/Contents/Eclipse/plugins/com.st.stm32cube.ide.mcu.externaltools.gnu-tools-for-stm32.11.3.rel1.macos64_1.1.100.202310310803/tools/bin/../lib/gcc/arm-none-eabi/11.3.1/../../../../arm-none-eabi/lib/thumb/v7e-m+fp/hard/libc_nano.a(libc_a-reallocr.o)
                0x000000000800d094                _realloc_r
 .text.memmove  0x000000000800d0f2       0x34 /Applications/STM32CubeIDE.app/Contents/Eclipse/plugins/com.st.stm32cube.ide.mcu.externaltools.gnu-tools-for-stm32.11.3.rel1.macos64_1.1.100.202310310803/tools/bin/../lib/gcc/arm-none-eabi/11.3.1/../../../../arm-none-eabi/lib/thumb/v7e-m+fp/hard/libc_nano.a(libc_a-memmove.o)
                0x000000000800d0f2                memmove
 *fill*         0x000000000800d126        0x2 
 .text._sbrk_r  0x000000000800d128       0x20 /Applications/STM32CubeIDE.app/Contents/Eclipse/plugins/com.st.stm32cube.ide.mcu.externaltools.gnu-tools-for-stm32.11.3.rel1.macos64_1.1.100.202310310803/tools/bin/../lib/gcc/arm-none-eabi/11.3.1/../../../../arm-none-eabi/lib/thumb/v7e-m+fp/hard/libc_nano.a(libc_a-sbrkr.o)
                0x000000000800d128                _sbrk_r
 .text.memcpy   0x000000000800d148       0x1c /Applications/STM32CubeIDE.app/Contents/Eclipse/plugins/com.st.stm32cube.ide.mcu.externaltools.gnu-tools-for-stm32.11.3.rel1.macos64_1.1.100.202310310803/tools/bin/../lib/gcc/arm-none-eabi/11.3.1/../../../../arm-none-eabi/lib/thumb/v7e-m+fp/hard/libc_nano.a(libc_a-memcpy-stub.o)
                0x000000000800d148                memcpy
 .text._free_r  0x000000000800d164       0x98 /Applications/STM32CubeIDE.app/Contents/Eclipse/plugins/com.st.stm32cube.ide.mcu.externaltools.gnu-tools-for-stm32.11.3.rel1.macos64_1.1.100.202310310803/tools/bin/../lib/gcc/arm-none-eabi/11.3.1/../../../../arm-none-eabi/lib/thumb/v7e-m+fp/hard/libc_nano.a(libc_a-freer.o)
                0x000000000800d164                _free_r
 .text._malloc_usable_size_r
                0x000000000800d1fc       0x10 /Applications/STM32CubeIDE.app/Contents/Eclipse/plugins/com.st.stm32cube.ide.mcu.externaltools.gnu-tools-for-stm32.11.3.rel1.macos64_1.1.100.202310310803/tools/bin/../lib/gcc/arm-none-eabi/11.3.1/../../../../arm-none-eabi/lib/thumb/v7e-m+fp/hard/libc_nano.a(libc_a-msizer.o)
                0x000000000800d1fc                _malloc_usable_size_r
 *(.glue_7)
 .glue_7        0x000000000800d20c        0x0 linker stubs
 *(.glue_7t)
 .glue_7t       0x000000000800d20c        0x0 linker stubs
 *(.eh_frame)
 .eh_frame      0x000000000800d20c        0x0 /Applications/STM32CubeIDE.app/Contents/Eclipse/plugins/com.st.stm32cube.ide.mcu.externaltools.gnu-tools-for-stm32.11.3.rel1.macos64_1.1.100.202310310803/tools/bin/../lib/gcc/arm-none-eabi/11.3.1/thumb/v7e-m+fp/hard/crtbegin.o
 *(.init)
 .init          0x000000000800d20c        0x4 /Applications/STM32CubeIDE.app/Contents/Eclipse/plugins/com.st.stm32cube.ide.mcu.externaltools.gnu-tools-for-stm32.11.3.rel1.macos64_1.1.100.202310310803/tools/bin/../lib/gcc/arm-none-eabi/11.3.1/thumb/v7e-m+fp/hard/crti.o
                0x000000000800d20c                _init
 .init          0x000000000800d210        0x8 /Applications/STM32CubeIDE.app/Contents/Eclipse/plugins/com.st.stm32cube.ide.mcu.externaltools.gnu-tools-for-stm32.11.3.rel1.macos64_1.1.100.202310310803/tools/bin/../lib/gcc/arm-none-eabi/11.3.1/thumb/v7e-m+fp/hard/crtn.o
 *(.fini)
 .fini          0x000000000800d218        0x4 /Applications/STM32CubeIDE.app/Contents/Eclipse/plugins/com.st.stm32cube.ide.mcu.externaltools.gnu-tools-for-stm32.11.3.rel1.macos64_1.1.100.202310310803/tools/bin/../lib/gcc/arm-none-eabi/11.3.1/thumb/v7e-m+fp/hard/crti.o
                0x000000000800d218                _fini
 .fini          0x000000000800d21c        0x8 /Applications/STM32CubeIDE.app/Contents/Eclipse/plugins/com.st.stm32cube.ide.mcu.externaltools.gnu-tools-for-stm32.11.3.rel1.macos64_1.1.100.202310310803/tools/bin/../lib/gcc/arm-none-eabi/11.3.1/thumb/v7e-m+fp/hard/crtn.o
                0x000000000800d224                . = ALIGN (0x4)
                0x000000000800d224                _etext = .

.vfp11_veneer   0x000000000800d224        0x0
 .vfp11_veneer  0x000000000800d224        0x0 linker stubs

.v4_bx          0x000000000800d224        0x0
 .v4_bx         0x000000000800d224        0x0 linker stubs

.iplt           0x000000000800d224        0x0
 .iplt          0x000000000800d224        0x0 /Applications/STM32CubeIDE.app/Contents/Eclipse/plugins/com.st.stm32cube.ide.mcu.externaltools.gnu-tools-for-stm32.11.3.rel1.macos64_1.1.100.202310310803/tools/bin/../lib/gcc/arm-none-eabi/11.3.1/thumb/v7e-m+fp/hard/crtbegin.o

.rodata         0x000000000800d224       0xf8
                0x000000000800d224                . = ALIGN (0x4)
 *(.rodata)
 .rodata        0x000000000800d224        0x7 ./Core/Src/Drivers/ADXL375.o
 *fill*         0x000000000800d22b        0x1 
 .rodata        0x000000000800d22c        0xf ./Core/Src/Drivers/BMI088.o
 *fill*         0x000000000800d23b        0x1 
 .rodata        0x000000000800d23c        0x5 ./Core/Src/main.o
 *fill*         0x000000000800d241        0x3 
 .rodata        0x000000000800d244       0x46 ./USB_DEVICE/App/usbd_desc.o
 *(.rodata*)
 *fill*         0x000000000800d28a        0x2 
 .rodata.AHBPrescTable
                0x000000000800d28c       0x10 ./Core/Src/system_stm32l4xx.o
                0x000000000800d28c                AHBPrescTable
 .rodata.APBPrescTable
                0x000000000800d29c        0x8 ./Core/Src/system_stm32l4xx.o
                0x000000000800d29c                APBPrescTable
 .rodata.MSIRangeTable
                0x000000000800d2a4       0x30 ./Core/Src/system_stm32l4xx.o
                0x000000000800d2a4                MSIRangeTable
 .rodata.SD_Driver
                0x000000000800d2d4       0x14 ./FATFS/Target/sd_diskio.o
                0x000000000800d2d4                SD_Driver
 .rodata._svfprintf_r.str1.1
                0x000000000800d2e8       0x11 /Applications/STM32CubeIDE.app/Contents/Eclipse/plugins/com.st.stm32cube.ide.mcu.externaltools.gnu-tools-for-stm32.11.3.rel1.macos64_1.1.100.202310310803/tools/bin/../lib/gcc/arm-none-eabi/11.3.1/../../../../arm-none-eabi/lib/thumb/v7e-m+fp/hard/libc_nano.a(libc_a-nano-svfprintf.o)
 .rodata._printf_i.str1.1
                0x000000000800d2f9       0x22 /Applications/STM32CubeIDE.app/Contents/Eclipse/plugins/com.st.stm32cube.ide.mcu.externaltools.gnu-tools-for-stm32.11.3.rel1.macos64_1.1.100.202310310803/tools/bin/../lib/gcc/arm-none-eabi/11.3.1/../../../../arm-none-eabi/lib/thumb/v7e-m+fp/hard/libc_nano.a(libc_a-nano-vfprintf_i.o)
                0x000000000800d31c                . = ALIGN (0x4)
 *fill*         0x000000000800d31b        0x1 

.rel.dyn        0x000000000800d31c        0x0
 .rel.iplt      0x000000000800d31c        0x0 /Applications/STM32CubeIDE.app/Contents/Eclipse/plugins/com.st.stm32cube.ide.mcu.externaltools.gnu-tools-for-stm32.11.3.rel1.macos64_1.1.100.202310310803/tools/bin/../lib/gcc/arm-none-eabi/11.3.1/thumb/v7e-m+fp/hard/crtbegin.o

.ARM.extab      0x000000000800d31c        0x0
                0x000000000800d31c                . = ALIGN (0x4)
 *(.ARM.extab* .gnu.linkonce.armextab.*)
                0x000000000800d31c                . = ALIGN (0x4)

.ARM            0x000000000800d31c        0x0
                0x000000000800d31c                . = ALIGN (0x4)
                0x000000000800d31c                __exidx_start = .
 *(.ARM.exidx*)
                0x000000000800d31c                __exidx_end = .
                0x000000000800d31c                . = ALIGN (0x4)

.preinit_array  0x000000000800d31c        0x0
                0x000000000800d31c                . = ALIGN (0x4)
                0x000000000800d31c                PROVIDE (__preinit_array_start = .)
 *(.preinit_array*)
                0x000000000800d31c                PROVIDE (__preinit_array_end = .)
                0x000000000800d31c                . = ALIGN (0x4)

.init_array     0x000000000800d31c        0x4
                0x000000000800d31c                . = ALIGN (0x4)
                0x000000000800d31c                PROVIDE (__init_array_start = .)
 *(SORT_BY_NAME(.init_array.*))
 *(.init_array*)
 .init_array    0x000000000800d31c        0x4 /Applications/STM32CubeIDE.app/Contents/Eclipse/plugins/com.st.stm32cube.ide.mcu.externaltools.gnu-tools-for-stm32.11.3.rel1.macos64_1.1.100.202310310803/tools/bin/../lib/gcc/arm-none-eabi/11.3.1/thumb/v7e-m+fp/hard/crtbegin.o
                0x000000000800d320                PROVIDE (__init_array_end = .)
                0x000000000800d320                . = ALIGN (0x4)

.fini_array     0x000000000800d320        0x4
                0x000000000800d320                . = ALIGN (0x4)
                [!provide]                        PROVIDE (__fini_array_start = .)
 *(SORT_BY_NAME(.fini_array.*))
 *(.fini_array*)
 .fini_array    0x000000000800d320        0x4 /Applications/STM32CubeIDE.app/Contents/Eclipse/plugins/com.st.stm32cube.ide.mcu.externaltools.gnu-tools-for-stm32.11.3.rel1.macos64_1.1.100.202310310803/tools/bin/../lib/gcc/arm-none-eabi/11.3.1/thumb/v7e-m+fp/hard/crtbegin.o
                [!provide]                        PROVIDE (__fini_array_end = .)
                0x000000000800d324                . = ALIGN (0x4)
                0x000000000800d324                _sidata = LOADADDR (.data)

.data           0x0000000020000000      0x160 load address 0x000000000800d324
                0x0000000020000000                . = ALIGN (0x4)
                0x0000000020000000                _sdata = .
 *(.data)
 *(.data*)
 .data.count    0x0000000020000000        0x1 ./Core/Src/main.o
                0x0000000020000000                count
 *fill*         0x0000000020000001        0x3 
 .data.SystemCoreClock
                0x0000000020000004        0x4 ./Core/Src/system_stm32l4xx.o
                0x0000000020000004                SystemCoreClock
 .data.uwTickPrio
                0x0000000020000008        0x4 ./Drivers/STM32L4xx_HAL_Driver/Src/stm32l4xx_hal.o
                0x0000000020000008                uwTickPrio
 .data.uwTickFreq
                0x000000002000000c        0x1 ./Drivers/STM32L4xx_HAL_Driver/Src/stm32l4xx_hal.o
                0x000000002000000c                uwTickFreq
 .data.Stat     0x000000002000000d        0x1 ./FATFS/Target/sd_diskio.o
 *fill*         0x000000002000000e        0x2 
 .data.USBD_CDC_DeviceQualifierDesc
                0x0000000020000010        0xa ./Middlewares/ST/STM32_USB_Device_Library/Class/CDC/Src/usbd_cdc.o
 *fill*         0x000000002000001a        0x2 
 .data.USBD_CDC
                0x000000002000001c       0x38 ./Middlewares/ST/STM32_USB_Device_Library/Class/CDC/Src/usbd_cdc.o
                0x000000002000001c                USBD_CDC
 .data.USBD_CDC_CfgDesc
                0x0000000020000054       0x43 ./Middlewares/ST/STM32_USB_Device_Library/Class/CDC/Src/usbd_cdc.o
 .data.CDCInEpAdd
                0x0000000020000097        0x1 ./Middlewares/ST/STM32_USB_Device_Library/Class/CDC/Src/usbd_cdc.o
 .data.CDCOutEpAdd
                0x0000000020000098        0x1 ./Middlewares/ST/STM32_USB_Device_Library/Class/CDC/Src/usbd_cdc.o
 .data.CDCCmdEpAdd
                0x0000000020000099        0x1 ./Middlewares/ST/STM32_USB_Device_Library/Class/CDC/Src/usbd_cdc.o
 *fill*         0x000000002000009a        0x2 
 .data.USBD_Interface_fops_FS
                0x000000002000009c       0x14 ./USB_DEVICE/App/usbd_cdc_if.o
                0x000000002000009c                USBD_Interface_fops_FS
 .data.FS_Desc  0x00000000200000b0       0x20 ./USB_DEVICE/App/usbd_desc.o
                0x00000000200000b0                FS_Desc
 .data.USBD_FS_DeviceDesc
                0x00000000200000d0       0x12 ./USB_DEVICE/App/usbd_desc.o
                0x00000000200000d0                USBD_FS_DeviceDesc
 *fill*         0x00000000200000e2        0x2 
 .data.USBD_FS_BOSDesc
                0x00000000200000e4        0xc ./USB_DEVICE/App/usbd_desc.o
                0x00000000200000e4                USBD_FS_BOSDesc
 .data.USBD_LangIDDesc
                0x00000000200000f0        0x4 ./USB_DEVICE/App/usbd_desc.o
                0x00000000200000f0                USBD_LangIDDesc
 .data.USBD_StringSerial
                0x00000000200000f4       0x1a ./USB_DEVICE/App/usbd_desc.o
                0x00000000200000f4                USBD_StringSerial
 *fill*         0x000000002000010e        0x2 
 .data._impure_data
                0x0000000020000110       0x4c /Applications/STM32CubeIDE.app/Contents/Eclipse/plugins/com.st.stm32cube.ide.mcu.externaltools.gnu-tools-for-stm32.11.3.rel1.macos64_1.1.100.202310310803/tools/bin/../lib/gcc/arm-none-eabi/11.3.1/../../../../arm-none-eabi/lib/thumb/v7e-m+fp/hard/libc_nano.a(libc_a-impure.o)
                0x0000000020000110                _impure_data
 .data._impure_ptr
                0x000000002000015c        0x4 /Applications/STM32CubeIDE.app/Contents/Eclipse/plugins/com.st.stm32cube.ide.mcu.externaltools.gnu-tools-for-stm32.11.3.rel1.macos64_1.1.100.202310310803/tools/bin/../lib/gcc/arm-none-eabi/11.3.1/../../../../arm-none-eabi/lib/thumb/v7e-m+fp/hard/libc_nano.a(libc_a-impure.o)
                0x000000002000015c                _impure_ptr
 *(.RamFunc)
 *(.RamFunc*)
                0x0000000020000160                . = ALIGN (0x4)
                0x0000000020000160                _edata = .

.igot.plt       0x0000000020000160        0x0 load address 0x000000000800d484
 .igot.plt      0x0000000020000160        0x0 /Applications/STM32CubeIDE.app/Contents/Eclipse/plugins/com.st.stm32cube.ide.mcu.externaltools.gnu-tools-for-stm32.11.3.rel1.macos64_1.1.100.202310310803/tools/bin/../lib/gcc/arm-none-eabi/11.3.1/thumb/v7e-m+fp/hard/crtbegin.o
                0x0000000020000160                . = ALIGN (0x4)

.bss            0x0000000020000160     0x1f90 load address 0x000000000800d484
                0x0000000020000160                _sbss = .
                0x0000000020000160                __bss_start__ = _sbss
 *(.bss)
 .bss           0x0000000020000160       0x1c /Applications/STM32CubeIDE.app/Contents/Eclipse/plugins/com.st.stm32cube.ide.mcu.externaltools.gnu-tools-for-stm32.11.3.rel1.macos64_1.1.100.202310310803/tools/bin/../lib/gcc/arm-none-eabi/11.3.1/thumb/v7e-m+fp/hard/crtbegin.o
 *(.bss*)
 .bss.hsd1      0x000000002000017c       0x84 ./Core/Src/main.o
                0x000000002000017c                hsd1
 .bss.hdma_sdmmc1_rx
                0x0000000020000200       0x48 ./Core/Src/main.o
                0x0000000020000200                hdma_sdmmc1_rx
 .bss.hdma_sdmmc1_tx
                0x0000000020000248       0x48 ./Core/Src/main.o
                0x0000000020000248                hdma_sdmmc1_tx
 .bss.hspi1     0x0000000020000290       0x64 ./Core/Src/main.o
                0x0000000020000290                hspi1
 .bss.USBtxBuf  0x00000000200002f4        0x8 ./Core/Src/main.o
                0x00000000200002f4                USBtxBuf
 .bss.bmi088    0x00000000200002fc       0x50 ./Core/Src/main.o
                0x00000000200002fc                bmi088
 .bss.adxl375   0x000000002000034c       0x2c ./Core/Src/main.o
                0x000000002000034c                adxl375
 .bss.__sbrk_heap_end
                0x0000000020000378        0x4 ./Core/Src/sysmem.o
 .bss.uwTick    0x000000002000037c        0x4 ./Drivers/STM32L4xx_HAL_Driver/Src/stm32l4xx_hal.o
                0x000000002000037c                uwTick
 .bss.retSD     0x0000000020000380        0x1 ./FATFS/App/fatfs.o
                0x0000000020000380                retSD
 *fill*         0x0000000020000381        0x3 
 .bss.SDPath    0x0000000020000384        0x4 ./FATFS/App/fatfs.o
                0x0000000020000384                SDPath
 .bss.WriteStatus
                0x0000000020000388        0x4 ./FATFS/Target/sd_diskio.o
 .bss.ReadStatus
                0x000000002000038c        0x4 ./FATFS/Target/sd_diskio.o
 .bss.cfgidx.0  0x0000000020000390        0x1 ./Middlewares/ST/STM32_USB_Device_Library/Core/Src/usbd_ctlreq.o
 *fill*         0x0000000020000391        0x3 
 .bss.disk      0x0000000020000394        0xc ./Middlewares/Third_Party/FatFs/src/ff_gen_drv.o
                0x0000000020000394                disk
 .bss.hUsbDeviceFS
                0x00000000200003a0      0x2dc ./USB_DEVICE/App/usb_device.o
                0x00000000200003a0                hUsbDeviceFS
 .bss.UserRxBufferFS
                0x000000002000067c      0x800 ./USB_DEVICE/App/usbd_cdc_if.o
                0x000000002000067c                UserRxBufferFS
 .bss.UserTxBufferFS
                0x0000000020000e7c      0x800 ./USB_DEVICE/App/usbd_cdc_if.o
                0x0000000020000e7c                UserTxBufferFS
 .bss.USBD_StrDesc
                0x000000002000167c      0x200 ./USB_DEVICE/App/usbd_desc.o
                0x000000002000167c                USBD_StrDesc
 .bss.hpcd_USB_OTG_FS
                0x000000002000187c      0x50c ./USB_DEVICE/Target/usbd_conf.o
                0x000000002000187c                hpcd_USB_OTG_FS
 .bss.mem.0     0x0000000020001d88      0x220 ./USB_DEVICE/Target/usbd_conf.o
 .bss.__sf      0x0000000020001fa8      0x138 /Applications/STM32CubeIDE.app/Contents/Eclipse/plugins/com.st.stm32cube.ide.mcu.externaltools.gnu-tools-for-stm32.11.3.rel1.macos64_1.1.100.202310310803/tools/bin/../lib/gcc/arm-none-eabi/11.3.1/../../../../arm-none-eabi/lib/thumb/v7e-m+fp/hard/libc_nano.a(libc_a-findfp.o)
                0x0000000020001fa8                __sf
 .bss.__lock___malloc_recursive_mutex
                0x00000000200020e0        0x1 /Applications/STM32CubeIDE.app/Contents/Eclipse/plugins/com.st.stm32cube.ide.mcu.externaltools.gnu-tools-for-stm32.11.3.rel1.macos64_1.1.100.202310310803/tools/bin/../lib/gcc/arm-none-eabi/11.3.1/../../../../arm-none-eabi/lib/thumb/v7e-m+fp/hard/libc_nano.a(libc_a-lock.o)
                0x00000000200020e0                __lock___malloc_recursive_mutex
 *fill*         0x00000000200020e1        0x3 
 .bss.__malloc_free_list
                0x00000000200020e4        0x4 /Applications/STM32CubeIDE.app/Contents/Eclipse/plugins/com.st.stm32cube.ide.mcu.externaltools.gnu-tools-for-stm32.11.3.rel1.macos64_1.1.100.202310310803/tools/bin/../lib/gcc/arm-none-eabi/11.3.1/../../../../arm-none-eabi/lib/thumb/v7e-m+fp/hard/libc_nano.a(libc_a-mallocr.o)
                0x00000000200020e4                __malloc_free_list
 .bss.__malloc_sbrk_start
                0x00000000200020e8        0x4 /Applications/STM32CubeIDE.app/Contents/Eclipse/plugins/com.st.stm32cube.ide.mcu.externaltools.gnu-tools-for-stm32.11.3.rel1.macos64_1.1.100.202310310803/tools/bin/../lib/gcc/arm-none-eabi/11.3.1/../../../../arm-none-eabi/lib/thumb/v7e-m+fp/hard/libc_nano.a(libc_a-mallocr.o)
                0x00000000200020e8                __malloc_sbrk_start
 .bss.errno     0x00000000200020ec        0x4 /Applications/STM32CubeIDE.app/Contents/Eclipse/plugins/com.st.stm32cube.ide.mcu.externaltools.gnu-tools-for-stm32.11.3.rel1.macos64_1.1.100.202310310803/tools/bin/../lib/gcc/arm-none-eabi/11.3.1/../../../../arm-none-eabi/lib/thumb/v7e-m+fp/hard/libc_nano.a(libc_a-reent.o)
                0x00000000200020ec                errno
 *(COMMON)
                0x00000000200020f0                . = ALIGN (0x4)
                0x00000000200020f0                _ebss = .
                0x00000000200020f0                __bss_end__ = _ebss

._user_heap_stack
                0x00000000200020f0     0x1a00 load address 0x000000000800d484
                0x00000000200020f0                . = ALIGN (0x8)
                [!provide]                        PROVIDE (end = .)
                0x00000000200020f0                PROVIDE (_end = .)
                0x00000000200032f0                . = (. + _Min_Heap_Size)
 *fill*         0x00000000200020f0     0x1200 
                0x0000000020003af0                . = (. + _Min_Stack_Size)