../Core/Src/quadspi.c:33:6:MX_QUADSPI_Init	8	static
../Core/Src/quadspi.c:60:6:HAL_QSPI_MspInit	56	static
../Core/Src/quadspi.c:110:6:HAL_QSPI_MspDeInit	16	static
../Core/Src/quadspi.c:143:9:CSP_QUADSPI_Init	8	static
../Core/Src/quadspi.c:178:9:CSP_QSPI_Erase_Chip	64	static
../Core/Src/quadspi.c:209:9:QSPI_AutoPollingMemReady	96	static
../Core/Src/quadspi.c:239:16:QSPI_WriteEnable	96	static
../Core/Src/quadspi.c:280:9:QSPI_Configuration	72	static
../Core/Src/quadspi.c:371:9:CSP_QSPI_EraseBlock	80	static
../Core/Src/quadspi.c:401:9:CSP_QSPI_EraseSector	72	static
../Core/Src/quadspi.c:443:9:CSP_QSPI_WriteMemory	96	static
../Core/Src/quadspi.c:557:9:QSPI_ResetChip	72	static,ignoring_inline_asm
../Core/Src/quadspi.c:601:9:CSP_QSPI_Read	80	static
